/opt/nordic/ncs/v3.0.0/zephyr/include/zephyr/logging/log_msg.h:741:24:log_msg_generic_get_wlen	0	static
/opt/nordic/ncs/v3.0.0/zephyr/subsys/logging/log_core.c:152:24:dummy_timestamp	0	static
/opt/nordic/ncs/v3.0.0/zephyr/subsys/logging/log_core.c:466:13:msg_filter_check	0	static
/opt/nordic/ncs/v3.0.0/zephyr/include/zephyr/logging/log_backend.h:304:20:log_backend_is_active	8	static
/opt/nordic/ncs/v3.0.0/zephyr/include/zephyr/logging/log_backend.h:137:20:log_backend_init	8	static
/opt/nordic/ncs/v3.0.0/zephyr/include/zephyr/logging/log_backend.h:156:19:log_backend_is_ready	8	static
/opt/nordic/ncs/v3.0.0/zephyr/include/zephyr/logging/log_backend.h:206:20:log_backend_panic	8	static
/opt/nordic/ncs/v3.0.0/zephyr/include/zephyr/logging/log_backend.h:191:20:log_backend_dropped	8	static
/opt/nordic/ncs/v3.0.0/zephyr/include/zephyr/logging/log_backend.h:175:20:log_backend_msg_process	8	static
/opt/nordic/ncs/v3.0.0/zephyr/subsys/logging/log_core.c:499:13:msg_process	16	static
/opt/nordic/ncs/v3.0.0/zephyr/include/zephyr/logging/log_backend.h:350:20:log_backend_notify	8	static
/opt/nordic/ncs/v3.0.0/zephyr/subsys/logging/log_core.c:911:13:log_backend_notify_all	16	static
/opt/nordic/ncs/v3.0.0/zephyr/subsys/logging/log_core.c:229:24:default_get_timestamp	8	static
/opt/nordic/ncs/v3.0.0/zephyr/subsys/logging/log_core.c:293:17:activate_foreach_backend	24	static
/opt/nordic/ncs/v3.0.0/zephyr/include/zephyr/kernel.h:564:23:k_msleep	8	static
/opt/nordic/ncs/v3.0.0/zephyr/subsys/logging/log_core.c:313:17:z_log_init	24	static
/opt/nordic/ncs/v3.0.0/zephyr/subsys/logging/log_core.c:381:13:thread_set	8	static
/opt/nordic/ncs/v3.0.0/zephyr/subsys/logging/log_core.c:919:13:log_process_thread_timer_expiry_fn	8	static
/opt/nordic/ncs/v3.0.0/zephyr/subsys/logging/log_core.c:646:24:msg_alloc	8	static
/opt/nordic/ncs/v3.0.0/zephyr/subsys/logging/log_core.c:787:13:msg_free	8	static
/opt/nordic/ncs/v3.0.0/zephyr/subsys/logging/log_core.c:799:13:msg_pending	8	static
/opt/nordic/ncs/v3.0.0/zephyr/subsys/logging/log_core.c:974:12:enable_logger	48	static
/opt/nordic/ncs/v3.0.0/zephyr/subsys/logging/log_core.c:90:19:log_format_func_t_get	0	static
/opt/nordic/ncs/v3.0.0/zephyr/subsys/logging/log_core.c:95:8:log_format_table_size	0	static
/opt/nordic/ncs/v3.0.0/zephyr/include/zephyr/logging/log_backend.h:320:19:log_backend_format_set	16	static
/opt/nordic/ncs/v3.0.0/zephyr/subsys/logging/log_core.c:157:17:z_log_timestamp	8	static
/opt/nordic/ncs/v3.0.0/zephyr/subsys/logging/log_core.c:200:27:log_format_set_all_active_backends	16	static
/opt/nordic/ncs/v3.0.0/zephyr/subsys/logging/log_core.c:216:6:z_log_vprintk	24	static
/opt/nordic/ncs/v3.0.0/zephyr/subsys/logging/log_core.c:366:6:log_init	8	static
/opt/nordic/ncs/v3.0.0/zephyr/subsys/logging/log_core.c:371:6:log_thread_trigger	8	static
/opt/nordic/ncs/v3.0.0/zephyr/subsys/logging/log_core.c:396:6:log_thread_set	8	static
/opt/nordic/ncs/v3.0.0/zephyr/subsys/logging/log_core.c:405:5:log_set_timestamp_func	8	static
/opt/nordic/ncs/v3.0.0/zephyr/subsys/logging/log_core.c:520:6:unordered_notify	8	static
/opt/nordic/ncs/v3.0.0/zephyr/subsys/logging/log_core.c:527:6:z_log_notify_backend_enabled	8	static
/opt/nordic/ncs/v3.0.0/zephyr/subsys/logging/log_core.c:602:10:z_impl_log_buffered_cnt	0	static
/opt/nordic/ncs/v3.0.0/zephyr/subsys/logging/log_core.c:615:6:z_log_dropped	8	static
/opt/nordic/ncs/v3.0.0/zephyr/include/zephyr/logging/log_internal.h:133:20:z_log_notify_drop	8	static
/opt/nordic/ncs/v3.0.0/zephyr/subsys/logging/log_core.c:628:10:z_log_dropped_read_and_clear	0	static
/opt/nordic/ncs/v3.0.0/zephyr/subsys/logging/log_core.c:509:6:dropped_notify	16	static
/opt/nordic/ncs/v3.0.0/zephyr/subsys/logging/log_core.c:633:6:z_log_dropped_pending	0	static
/opt/nordic/ncs/v3.0.0/zephyr/subsys/logging/log_core.c:638:6:z_log_msg_init	8	static
/opt/nordic/ncs/v3.0.0/zephyr/subsys/logging/log_core.c:251:6:log_core_init	8	static
/opt/nordic/ncs/v3.0.0/zephyr/subsys/logging/log_core.c:659:17:z_log_msg_alloc	8	static
/opt/nordic/ncs/v3.0.0/zephyr/subsys/logging/log_core.c:696:24:z_log_msg_local_claim	8	static
/opt/nordic/ncs/v3.0.0/zephyr/subsys/logging/log_core.c:707:24:z_log_msg_claim_oldest	24	static
/opt/nordic/ncs/v3.0.0/zephyr/subsys/logging/log_core.c:773:24:z_log_msg_claim	8	static
/opt/nordic/ncs/v3.0.0/zephyr/subsys/logging/log_core.c:794:6:z_log_msg_free	8	static
/opt/nordic/ncs/v3.0.0/zephyr/subsys/logging/log_core.c:808:6:z_log_msg_pending	8	static
/opt/nordic/ncs/v3.0.0/zephyr/subsys/logging/log_core.c:544:6:z_impl_log_process	16	static
/opt/nordic/ncs/v3.0.0/zephyr/subsys/logging/log_core.c:424:6:z_impl_log_panic	8	static
/opt/nordic/ncs/v3.0.0/zephyr/subsys/logging/log_core.c:162:13:z_log_msg_post_finalize	24	static
/opt/nordic/ncs/v3.0.0/zephyr/subsys/logging/log_core.c:664:13:msg_commit	8	static
/opt/nordic/ncs/v3.0.0/zephyr/subsys/logging/log_core.c:690:6:z_log_msg_commit	8	static
/opt/nordic/ncs/v3.0.0/zephyr/subsys/logging/log_core.c:924:13:log_process_thread_func	24	static
/opt/nordic/ncs/v3.0.0/zephyr/subsys/logging/log_core.c:838:6:z_log_msg_enqueue	24	static
/opt/nordic/ncs/v3.0.0/zephyr/subsys/logging/log_core.c:857:13:z_log_get_tag	0	static
/opt/nordic/ncs/v3.0.0/zephyr/subsys/logging/log_core.c:862:5:log_set_tag	0	static
/opt/nordic/ncs/v3.0.0/zephyr/subsys/logging/log_core.c:886:5:log_mem_get_usage	8	static
/opt/nordic/ncs/v3.0.0/zephyr/subsys/logging/log_core.c:900:5:log_mem_get_max_usage	8	static
