/opt/nordic/ncs/v3.0.0/zephyr/include/zephyr/logging/log_output.h:215:20:log_output_flush	24	static
/opt/nordic/ncs/v3.0.0/zephyr/subsys/logging/log_output.c:93:12:out_func	16	static
/opt/nordic/ncs/v3.0.0/zephyr/subsys/logging/log_output.c:119:12:cr_out_func	16	static
/opt/nordic/ncs/v3.0.0/zephyr/include/zephyr/sys/cbprintf.h:744:5:cbvprintf	16	static
/opt/nordic/ncs/v3.0.0/zephyr/subsys/logging/log_output.c:129:12:print_formatted	20	static
/opt/nordic/ncs/v3.0.0/zephyr/subsys/logging/log_output.c:142:12:timestamp_print	24	static
/opt/nordic/ncs/v3.0.0/zephyr/subsys/logging/log_output.c:274:13:color_print	8	static
/opt/nordic/ncs/v3.0.0/zephyr/subsys/logging/log_output.c:284:13:color_prefix	8	static
/opt/nordic/ncs/v3.0.0/zephyr/subsys/logging/log_output.c:290:13:color_postfix	8	static
/opt/nordic/ncs/v3.0.0/zephyr/subsys/logging/log_output.c:297:12:ids_print	24	static
/opt/nordic/ncs/v3.0.0/zephyr/subsys/logging/log_output.c:573:17:prefix_print	64	static
/opt/nordic/ncs/v3.0.0/zephyr/subsys/logging/log_output.c:336:13:newline_print	8	static
/opt/nordic/ncs/v3.0.0/zephyr/subsys/logging/log_output.c:632:13:postfix_print	16	static
/opt/nordic/ncs/v3.0.0/zephyr/subsys/logging/log_output.c:354:13:hexdump_line_print	24	static
/opt/nordic/ncs/v3.0.0/zephyr/subsys/logging/log_output.c:394:13:log_msg_hexdump	40	static
/opt/nordic/ncs/v3.0.0/zephyr/subsys/logging/log_output.c:640:6:log_output_process	40	static
/opt/nordic/ncs/v3.0.0/zephyr/subsys/logging/log_output.c:686:6:log_output_msg_process	56	static
/opt/nordic/ncs/v3.0.0/zephyr/subsys/logging/log_output.c:703:6:log_output_dropped_process	40	static
/opt/nordic/ncs/v3.0.0/zephyr/subsys/logging/log_output.c:720:6:log_output_timestamp_freq_set	0	static
/opt/nordic/ncs/v3.0.0/zephyr/subsys/logging/log_output.c:734:10:log_output_timestamp_to_us	8	static
