/opt/nordic/ncs/v3.0.0/zephyr/subsys/logging/log_mgmt.c:58:13:domain_id_cmp	0	static
/opt/nordic/ncs/v3.0.0/zephyr/subsys/logging/log_mgmt.c:63:13:source_id_cmp	0	static
/opt/nordic/ncs/v3.0.0/zephyr/subsys/logging/log_mgmt.c:84:31:get_link_domain	8	static
/opt/nordic/ncs/v3.0.0/zephyr/include/zephyr/logging/log_link.h:181:24:log_link_sources_count	8	static
/opt/nordic/ncs/v3.0.0/zephyr/subsys/logging/log_mgmt.c:109:17:get_source_offset	24	static
/opt/nordic/ncs/v3.0.0/zephyr/include/zephyr/logging/log_link.h:167:23:log_link_domains_count	8	static
/opt/nordic/ncs/v3.0.0/zephyr/include/zephyr/logging/log_link.h:262:19:log_link_set_runtime_level	8	static
/opt/nordic/ncs/v3.0.0/zephyr/include/zephyr/logging/log_backend.h:235:23:log_backend_id_get	8	static
/opt/nordic/ncs/v3.0.0/zephyr/include/zephyr/logging/log_backend.h:220:20:log_backend_id_set	8	static
/opt/nordic/ncs/v3.0.0/zephyr/include/zephyr/logging/log_backend.h:277:20:log_backend_activate	8	static
/opt/nordic/ncs/v3.0.0/zephyr/include/zephyr/logging/log_backend.h:304:20:log_backend_is_active	8	static
/opt/nordic/ncs/v3.0.0/zephyr/include/zephyr/logging/log_backend.h:290:20:log_backend_deactivate	8	static
/opt/nordic/ncs/v3.0.0/zephyr/include/zephyr/logging/log_link.h:123:19:log_link_initiate	8	static
/opt/nordic/ncs/v3.0.0/zephyr/subsys/logging/log_mgmt.c:154:13:cache_init	8	static
/opt/nordic/ncs/v3.0.0/zephyr/subsys/logging/log_mgmt.c:121:11:z_log_link_get_dynamic_filter	24	static
/opt/nordic/ncs/v3.0.0/zephyr/subsys/logging/log_mgmt.c:177:9:z_log_ext_domain_count	16	static
/opt/nordic/ncs/v3.0.0/zephyr/subsys/logging/log_mgmt.c:198:10:log_src_cnt_get	0	static
/opt/nordic/ncs/v3.0.0/zephyr/subsys/logging/log_mgmt.c:243:13:log_source_name_get	8	static
/opt/nordic/ncs/v3.0.0/zephyr/subsys/logging/log_mgmt.c:291:13:log_domain_name_get	0	static
/opt/nordic/ncs/v3.0.0/zephyr/subsys/logging/log_mgmt.c:312:9:log_compiled_level_get	8	static
/opt/nordic/ncs/v3.0.0/zephyr/subsys/logging/log_mgmt.c:422:17:filter_get	16	static
/opt/nordic/ncs/v3.0.0/zephyr/subsys/logging/log_mgmt.c:325:5:z_log_link_set_runtime_level	24	static
/opt/nordic/ncs/v3.0.0/zephyr/subsys/logging/log_mgmt.c:344:6:z_log_runtime_filters_init	8	static
/opt/nordic/ncs/v3.0.0/zephyr/subsys/logging/log_mgmt.c:366:5:log_source_id_get	16	static
/opt/nordic/ncs/v3.0.0/zephyr/subsys/logging/log_mgmt.c:438:10:filter_set	8	static
/opt/nordic/ncs/v3.0.0/zephyr/subsys/logging/log_mgmt.c:476:10:z_impl_log_filter_set	16	static
/opt/nordic/ncs/v3.0.0/zephyr/subsys/logging/log_mgmt.c:485:10:z_impl_log_frontend_filter_set	8	static
/opt/nordic/ncs/v3.0.0/zephyr/subsys/logging/log_mgmt.c:548:27:log_backend_get_by_name	16	static
/opt/nordic/ncs/v3.0.0/zephyr/subsys/logging/log_mgmt.c:559:6:log_backend_enable	16	static
/opt/nordic/ncs/v3.0.0/zephyr/subsys/logging/log_mgmt.c:576:6:log_backend_disable	8	static
/opt/nordic/ncs/v3.0.0/zephyr/subsys/logging/log_mgmt.c:585:10:log_filter_get	16	static
/opt/nordic/ncs/v3.0.0/zephyr/subsys/logging/log_mgmt.c:593:10:log_frontend_filter_get	0	static
/opt/nordic/ncs/v3.0.0/zephyr/subsys/logging/log_mgmt.c:602:6:z_log_links_initiate	8	static
