/opt/nordic/ncs/v3.0.0/zephyr/lib/libc/newlib/libc-hooks.c:153:12:_stdout_hook_default	0	static
/opt/nordic/ncs/v3.0.0/zephyr/lib/libc/newlib/libc-hooks.c:167:22:_stdin_hook_default	0	static
/opt/nordic/ncs/v3.0.0/zephyr/lib/libc/newlib/libc-hooks.c:112:12:malloc_prepare	8	static
/opt/nordic/ncs/v3.0.0/zephyr/lib/libc/newlib/libc-hooks.c:162:6:__stdout_hook_install	0	static
/opt/nordic/ncs/v3.0.0/zephyr/lib/libc/newlib/libc-hooks.c:174:6:__stdin_hook_install	0	static
/opt/nordic/ncs/v3.0.0/zephyr/lib/libc/newlib/libc-hooks.c:179:5:z_impl_zephyr_read_stdin	16	static
/opt/nordic/ncs/v3.0.0/zephyr/lib/libc/newlib/libc-hooks.c:202:5:z_impl_zephyr_write_stdout	24	static
/opt/nordic/ncs/v3.0.0/zephyr/lib/libc/newlib/libc-hooks.c:226:5:_read	8	static
/opt/nordic/ncs/v3.0.0/zephyr/lib/libc/newlib/libc-hooks.c:234:5:_write	8	static
/opt/nordic/ncs/v3.0.0/zephyr/lib/libc/newlib/libc-hooks.c:242:5:_open	0	static
/opt/nordic/ncs/v3.0.0/zephyr/lib/libc/newlib/libc-hooks.c:248:5:_close	0	static
/opt/nordic/ncs/v3.0.0/zephyr/lib/libc/newlib/libc-hooks.c:256:5:_lseek	0	static
/opt/nordic/ncs/v3.0.0/zephyr/lib/libc/newlib/libc-hooks.c:263:5:_isatty	0	static
/opt/nordic/ncs/v3.0.0/zephyr/lib/libc/newlib/libc-hooks.c:270:5:_kill	0	static
/opt/nordic/ncs/v3.0.0/zephyr/lib/libc/newlib/libc-hooks.c:278:5:_fstat	0	static
/opt/nordic/ncs/v3.0.0/zephyr/lib/libc/newlib/libc-hooks.c:287:5:_getpid	0	static
/opt/nordic/ncs/v3.0.0/zephyr/lib/libc/newlib/libc-hooks.c:295:13:_exit	8	static
/opt/nordic/ncs/v3.0.0/zephyr/lib/libc/newlib/libc-hooks.c:304:7:_sbrk	0	static
/opt/nordic/ncs/toolchains/b8efef2ad5/opt/zephyr-sdk/arm-zephyr-eabi/arm-zephyr-eabi/sys-include/sys/lock.h:41:13:__retarget_lock_init	8	static
/opt/nordic/ncs/toolchains/b8efef2ad5/opt/zephyr-sdk/arm-zephyr-eabi/arm-zephyr-eabi/sys-include/sys/lock.h:43:13:__retarget_lock_init_recursive	8	static
/opt/nordic/ncs/toolchains/b8efef2ad5/opt/zephyr-sdk/arm-zephyr-eabi/arm-zephyr-eabi/sys-include/sys/lock.h:45:13:__retarget_lock_close	8	static
/opt/nordic/ncs/toolchains/b8efef2ad5/opt/zephyr-sdk/arm-zephyr-eabi/arm-zephyr-eabi/sys-include/sys/lock.h:47:13:__retarget_lock_close_recursive	8	static
/opt/nordic/ncs/toolchains/b8efef2ad5/opt/zephyr-sdk/arm-zephyr-eabi/arm-zephyr-eabi/sys-include/sys/lock.h:49:13:__retarget_lock_acquire	8	static
/opt/nordic/ncs/toolchains/b8efef2ad5/opt/zephyr-sdk/arm-zephyr-eabi/arm-zephyr-eabi/sys-include/sys/lock.h:51:13:__retarget_lock_acquire_recursive	8	static
/opt/nordic/ncs/toolchains/b8efef2ad5/opt/zephyr-sdk/arm-zephyr-eabi/arm-zephyr-eabi/sys-include/sys/lock.h:53:12:__retarget_lock_try_acquire	8	static
/opt/nordic/ncs/toolchains/b8efef2ad5/opt/zephyr-sdk/arm-zephyr-eabi/arm-zephyr-eabi/sys-include/sys/lock.h:55:12:__retarget_lock_try_acquire_recursive	8	static
/opt/nordic/ncs/toolchains/b8efef2ad5/opt/zephyr-sdk/arm-zephyr-eabi/arm-zephyr-eabi/sys-include/sys/lock.h:58:13:__retarget_lock_release	8	static
/opt/nordic/ncs/toolchains/b8efef2ad5/opt/zephyr-sdk/arm-zephyr-eabi/arm-zephyr-eabi/sys-include/sys/lock.h:60:13:__retarget_lock_release_recursive	8	static
/opt/nordic/ncs/toolchains/b8efef2ad5/opt/zephyr-sdk/arm-zephyr-eabi/arm-zephyr-eabi/sys-include/sys/errno.h:15:13:__errno	8	static
/opt/nordic/ncs/v3.0.0/zephyr/lib/libc/newlib/libc-hooks.c:490:27:__chk_fail	8	static
/opt/nordic/ncs/v3.0.0/zephyr/lib/libc/newlib/libc-hooks.c:581:5:_gettimeofday	0	static
