/opt/nordic/ncs/v3.0.0/zephyr/kernel/mem_slab.c:104:12:create_free_list	0	static
/opt/nordic/ncs/v3.0.0/zephyr/kernel/mem_slab.c:207:13:slab_ptr_is_good	0	static
/opt/nordic/ncs/v3.0.0/zephyr/kernel/include/ksched.h:159:20:unpend_thread_no_timeout	8	static
/opt/nordic/ncs/v3.0.0/zephyr/kernel/mem_slab.c:132:12:init_mem_slab_obj_core_list	8	static
/opt/nordic/ncs/v3.0.0/zephyr/kernel/mem_slab.c:171:5:k_mem_slab_init	8	static
/opt/nordic/ncs/v3.0.0/zephyr/kernel/mem_slab.c:221:5:k_mem_slab_alloc	40	static
/opt/nordic/ncs/v3.0.0/zephyr/kernel/mem_slab.c:270:6:k_mem_slab_free	32	static
/opt/nordic/ncs/v3.0.0/zephyr/kernel/mem_slab.c:302:5:k_mem_slab_runtime_stats_get	24	static
