/opt/nordic/ncs/v3.0.0/zephyr/kernel/include/ksched.h:159:20:unpend_thread_no_timeout	8	static
/opt/nordic/ncs/v3.0.0/zephyr/kernel/msg_q.c:39:6:k_msgq_init	0	static
/opt/nordic/ncs/v3.0.0/zephyr/kernel/msg_q.c:65:5:z_impl_k_msgq_alloc_init	16	static
/opt/nordic/ncs/v3.0.0/zephyr/kernel/msg_q.c:103:5:k_msgq_cleanup	8	static
/opt/nordic/ncs/v3.0.0/zephyr/kernel/msg_q.c:124:5:z_impl_k_msgq_put	40	static
/opt/nordic/ncs/v3.0.0/zephyr/kernel/msg_q.c:198:6:z_impl_k_msgq_get_attrs	0	static
/opt/nordic/ncs/v3.0.0/zephyr/kernel/msg_q.c:216:5:z_impl_k_msgq_get	40	static
/opt/nordic/ncs/v3.0.0/zephyr/kernel/msg_q.c:296:5:z_impl_k_msgq_peek	24	static
/opt/nordic/ncs/v3.0.0/zephyr/kernel/msg_q.c:330:5:z_impl_k_msgq_peek_at	24	static
/opt/nordic/ncs/v3.0.0/zephyr/kernel/msg_q.c:376:6:z_impl_k_msgq_purge	24	static
