/opt/nordic/ncs/v3.0.0/zephyr/include/zephyr/sys/sflist.h:386:1:sys_sflist_append	0	static
/opt/nordic/ncs/v3.0.0/zephyr/include/zephyr/sys/sflist.h:404:1:sys_sflist_append_list	4	static
/opt/nordic/ncs/v3.0.0/zephyr/include/zephyr/sys/sflist.h:433:1:sys_sflist_insert	8	static
/opt/nordic/ncs/v3.0.0/zephyr/include/zephyr/sys/sflist.h:476:1:sys_sflist_remove	4	static
/opt/nordic/ncs/v3.0.0/zephyr/include/zephyr/sys/sflist.h:491:1:sys_sflist_find_and_remove	8	static
/opt/nordic/ncs/v3.0.0/zephyr/kernel/include/ksched.h:159:20:unpend_thread_no_timeout	8	static
/opt/nordic/ncs/v3.0.0/zephyr/kernel/queue.c:81:13:prepare_thread_to_run	8	static
/opt/nordic/ncs/v3.0.0/zephyr/kernel/queue.c:123:16:queue_insert	40	static
/opt/nordic/ncs/v3.0.0/zephyr/kernel/queue.c:30:7:z_queue_node_peek	8	static
/opt/nordic/ncs/v3.0.0/zephyr/kernel/queue.c:58:6:z_impl_k_queue_init	0	static
/opt/nordic/ncs/v3.0.0/zephyr/kernel/queue.c:97:6:z_impl_k_queue_cancel_wait	16	static
/opt/nordic/ncs/v3.0.0/zephyr/kernel/queue.c:178:6:k_queue_insert	16	static
/opt/nordic/ncs/v3.0.0/zephyr/kernel/queue.c:187:6:k_queue_append	16	static
/opt/nordic/ncs/v3.0.0/zephyr/kernel/queue.c:196:6:k_queue_prepend	16	static
/opt/nordic/ncs/v3.0.0/zephyr/kernel/queue.c:205:9:z_impl_k_queue_alloc_append	16	static
/opt/nordic/ncs/v3.0.0/zephyr/kernel/queue.c:226:9:z_impl_k_queue_alloc_prepend	16	static
/opt/nordic/ncs/v3.0.0/zephyr/kernel/queue.c:247:5:k_queue_append_list	32	static
/opt/nordic/ncs/v3.0.0/zephyr/kernel/queue.c:282:5:k_queue_merge_slist	8	static
/opt/nordic/ncs/v3.0.0/zephyr/kernel/queue.c:317:7:z_impl_k_queue_get	32	static
/opt/nordic/ncs/v3.0.0/zephyr/kernel/queue.c:354:6:k_queue_remove	8	static
/opt/nordic/ncs/v3.0.0/zephyr/kernel/queue.c:365:6:k_queue_unique_append	8	static
/opt/nordic/ncs/v3.0.0/zephyr/kernel/queue.c:386:7:z_impl_k_queue_peek_head	8	static
/opt/nordic/ncs/v3.0.0/zephyr/kernel/queue.c:395:7:z_impl_k_queue_peek_tail	8	static
