/opt/nordic/ncs/v3.0.0/zephyr/kernel/sched.c:316:21:thread_active_elsewhere	0	static
/opt/nordic/ncs/v3.0.0/zephyr/kernel/include/ksched.h:159:20:unpend_thread_no_timeout	8	static
/opt/nordic/ncs/v3.0.0/zephyr/kernel/include/ksched.h:141:20:z_sched_lock	8	static
/opt/nordic/ncs/v3.0.0/zephyr/kernel/sched.c:338:13:ready_thread	8	static
/opt/nordic/ncs/v3.0.0/zephyr/kernel/sched.c:519:13:unready_thread	8	static
/opt/nordic/ncs/v3.0.0/zephyr/kernel/sched.c:528:13:add_to_waitq_locked	16	static
/opt/nordic/ncs/v3.0.0/zephyr/kernel/include/kswap.h:204:19:z_swap_irqlock	8	static
/opt/nordic/ncs/v3.0.0/zephyr/kernel/include/timeout_q.h:52:19:z_abort_thread_timeout	8	static
/opt/nordic/ncs/v3.0.0/zephyr/kernel/sched.c:1209:20:unpend_all	16	static
/opt/nordic/ncs/v3.0.0/zephyr/kernel/sched.c:379:13:thread_halt_spin	24	static
/opt/nordic/ncs/v3.0.0/zephyr/kernel/sched.c:541:13:add_thread_timeout	8	static
/opt/nordic/ncs/v3.0.0/zephyr/kernel/sched.c:548:13:pend_locked	16	static
/opt/nordic/ncs/v3.0.0/zephyr/kernel/sched.c:137:6:z_requeue_current	8	static
/opt/nordic/ncs/v3.0.0/zephyr/kernel/sched.c:255:6:move_thread_to_end_of_prio_q	8	static
/opt/nordic/ncs/v3.0.0/zephyr/kernel/sched.c:357:6:z_ready_thread	16	static
/opt/nordic/ncs/v3.0.0/zephyr/kernel/sched.c:366:6:z_move_thread_to_end_of_prio_q	16	static
/opt/nordic/ncs/v3.0.0/zephyr/kernel/sched.c:449:6:z_impl_k_thread_suspend	24	static
/opt/nordic/ncs/v3.0.0/zephyr/kernel/sched.c:558:6:z_pend_thread	32	static
/opt/nordic/ncs/v3.0.0/zephyr/kernel/sched.c:567:6:z_unpend_thread_no_timeout	16	static
/opt/nordic/ncs/v3.0.0/zephyr/kernel/sched.c:576:6:z_sched_wake_thread	16	static
/opt/nordic/ncs/v3.0.0/zephyr/kernel/sched.c:606:6:z_thread_timeout	8	static
/opt/nordic/ncs/v3.0.0/zephyr/kernel/sched.c:615:5:z_pend_curr	24	static
/opt/nordic/ncs/v3.0.0/zephyr/kernel/sched.c:637:18:z_unpend1_no_timeout	24	static
/opt/nordic/ncs/v3.0.0/zephyr/kernel/sched.c:652:6:z_unpend_thread	8	static
/opt/nordic/ncs/v3.0.0/zephyr/kernel/sched.c:661:6:z_thread_prio_set	32	static
/opt/nordic/ncs/v3.0.0/zephyr/kernel/sched.c:734:6:z_reschedule	16	static
/opt/nordic/ncs/v3.0.0/zephyr/kernel/sched.c:490:6:z_impl_k_thread_resume	16	static
/opt/nordic/ncs/v3.0.0/zephyr/kernel/sched.c:744:6:z_reschedule_irqlock	8	static
/opt/nordic/ncs/v3.0.0/zephyr/kernel/include/ksched.h:77:20:z_reschedule_unlocked	8	static
/opt/nordic/ncs/v3.0.0/zephyr/kernel/sched.c:754:6:k_sched_lock	16	static
/opt/nordic/ncs/v3.0.0/zephyr/kernel/sched.c:763:6:k_sched_unlock	16	static
/opt/nordic/ncs/v3.0.0/zephyr/kernel/sched.c:781:18:z_swap_next_thread	0	static
/opt/nordic/ncs/v3.0.0/zephyr/kernel/sched.c:914:5:z_unpend_all	16	static
/opt/nordic/ncs/v3.0.0/zephyr/kernel/sched.c:928:6:init_ready_q	0	static
/opt/nordic/ncs/v3.0.0/zephyr/kernel/sched.c:933:6:z_sched_init	8	static
/opt/nordic/ncs/v3.0.0/zephyr/kernel/sched.c:944:6:z_impl_k_thread_priority_set	16	static
/opt/nordic/ncs/v3.0.0/zephyr/kernel/sched.c:1018:6:z_impl_k_reschedule	16	static
/opt/nordic/ncs/v3.0.0/zephyr/kernel/sched.c:1036:6:k_can_yield	8	static
/opt/nordic/ncs/v3.0.0/zephyr/kernel/sched.c:1042:6:z_impl_k_yield	16	static
/opt/nordic/ncs/v3.0.0/zephyr/kernel/sched.c:1067:16:z_tick_sleep	32	static
/opt/nordic/ncs/v3.0.0/zephyr/kernel/sched.c:1111:9:z_impl_k_sleep	16	static
/opt/nordic/ncs/v3.0.0/zephyr/kernel/sched.c:1139:9:z_impl_k_usleep	8	static
/opt/nordic/ncs/v3.0.0/zephyr/kernel/sched.c:1163:6:z_impl_k_wakeup	16	static
/opt/nordic/ncs/v3.0.0/zephyr/kernel/sched.c:1196:9:z_impl_k_sched_current_thread_query	0	static
/opt/nordic/ncs/v3.0.0/zephyr/kernel/sched.c:1327:6:z_thread_abort	24	static
/opt/nordic/ncs/v3.0.0/zephyr/kernel/sched.c:1359:5:z_impl_k_thread_join	24	static
/opt/nordic/ncs/v3.0.0/zephyr/kernel/sched.c:1448:6:z_sched_wake	32	static
/opt/nordic/ncs/v3.0.0/zephyr/kernel/sched.c:1470:5:z_sched_wait	24	static
/opt/nordic/ncs/v3.0.0/zephyr/kernel/sched.c:1481:5:z_sched_waitq_walk	32	static
/opt/nordic/ncs/v3.0.0/zephyr/kernel/sched.c:1509:6:z_unready_thread	16	static
