/opt/nordic/ncs/v3.0.0/zephyr/kernel/thread.c:216:15:copy_bytes	8	static
/opt/nordic/ncs/v3.0.0/zephyr/kernel/thread.c:383:14:setup_thread_stack	24	static
/opt/nordic/ncs/v3.0.0/zephyr/kernel/include/kthread.h:46:20:thread_schedule_new	8	static
/opt/nordic/ncs/v3.0.0/zephyr/kernel/thread.c:76:6:k_is_in_isr	0	static
/opt/nordic/ncs/v3.0.0/zephyr/kernel/thread.c:111:5:z_impl_k_is_preempt_thread	0	static
/opt/nordic/ncs/v3.0.0/zephyr/kernel/thread.c:124:5:z_impl_k_thread_priority_get	0	static
/opt/nordic/ncs/v3.0.0/zephyr/kernel/thread.c:138:5:z_impl_k_thread_name_set	0	static
/opt/nordic/ncs/v3.0.0/zephyr/kernel/thread.c:193:13:k_thread_name_get	0	static
/opt/nordic/ncs/v3.0.0/zephyr/kernel/thread.c:203:5:z_impl_k_thread_name_copy	0	static
/opt/nordic/ncs/v3.0.0/zephyr/kernel/thread.c:226:13:k_thread_state_str	32	static
/opt/nordic/ncs/v3.0.0/zephyr/kernel/thread.c:333:6:z_check_stack_sentinel	0	static
/opt/nordic/ncs/v3.0.0/zephyr/kernel/thread.c:742:6:z_init_thread_base	4	static
/opt/nordic/ncs/v3.0.0/zephyr/kernel/thread.c:508:7:z_setup_new_thread	40	static
/opt/nordic/ncs/v3.0.0/zephyr/kernel/thread.c:651:9:z_impl_k_thread_create	40	static
/opt/nordic/ncs/v3.0.0/zephyr/kernel/thread.c:768:20:k_thread_user_mode_enter	8	static
/opt/nordic/ncs/v3.0.0/zephyr/kernel/thread.c:805:5:z_stack_space_get	4	static
/opt/nordic/ncs/v3.0.0/zephyr/kernel/thread.c:856:5:z_impl_k_thread_stack_space_get	8	static
/opt/nordic/ncs/v3.0.0/zephyr/kernel/thread.c:916:6:z_thread_mark_switched_in	8	static
/opt/nordic/ncs/v3.0.0/zephyr/kernel/thread.c:927:6:z_thread_mark_switched_out	8	static
/opt/nordic/ncs/v3.0.0/zephyr/kernel/thread.c:946:5:k_thread_runtime_stats_get	8	static
/opt/nordic/ncs/v3.0.0/zephyr/kernel/thread.c:962:5:k_thread_runtime_stats_all_get	40	static
/opt/nordic/ncs/v3.0.0/zephyr/kernel/thread.c:996:5:k_thread_runtime_stats_cpu_get	8	static
