/opt/nordic/ncs/v3.0.0/zephyr/kernel/timeout.c:39:25:first	0	static
/opt/nordic/ncs/v3.0.0/zephyr/kernel/timeout.c:46:25:next	0	static
/opt/nordic/ncs/v3.0.0/zephyr/kernel/timeout.c:53:13:remove_timeout	8	static
/opt/nordic/ncs/v3.0.0/zephyr/kernel/timeout.c:164:18:timeout_rem	16	static
/opt/nordic/ncs/v3.0.0/zephyr/kernel/timeout.c:62:16:elapsed	8	static
/opt/nordic/ncs/v3.0.0/zephyr/kernel/timeout.c:83:16:next_timeout	8	static
/opt/nordic/ncs/v3.0.0/zephyr/kernel/timeout.c:99:6:z_add_timeout	32	static
/opt/nordic/ncs/v3.0.0/zephyr/kernel/timeout.c:144:5:z_abort_timeout	24	static
/opt/nordic/ncs/v3.0.0/zephyr/kernel/timeout.c:178:11:z_timeout_remaining	32	static
/opt/nordic/ncs/v3.0.0/zephyr/kernel/timeout.c:191:11:z_timeout_expires	24	static
/opt/nordic/ncs/v3.0.0/zephyr/kernel/timeout.c:205:9:z_get_next_timeout_expiry	16	static
/opt/nordic/ncs/v3.0.0/zephyr/kernel/timeout.c:215:6:sys_clock_announce	16	static
/opt/nordic/ncs/v3.0.0/zephyr/kernel/timeout.c:266:9:sys_clock_tick_get	24	static
/opt/nordic/ncs/v3.0.0/zephyr/kernel/timeout.c:276:10:sys_clock_tick_get_32	8	static
/opt/nordic/ncs/v3.0.0/zephyr/kernel/timeout.c:285:9:z_impl_k_uptime_ticks	8	static
/opt/nordic/ncs/v3.0.0/zephyr/kernel/timeout.c:298:15:sys_timepoint_calc	16	static
/opt/nordic/ncs/v3.0.0/zephyr/kernel/timeout.c:319:13:sys_timepoint_timeout	24	static
