/opt/nordic/ncs/v3.0.0/zephyr/include/zephyr/sys/slist.h:365:1:sys_slist_insert	0	static
/opt/nordic/ncs/v3.0.0/zephyr/include/zephyr/sys/slist.h:408:1:sys_slist_remove	0	static
/opt/nordic/ncs/v3.0.0/zephyr/include/zephyr/sys/slist.h:450:1:sys_slist_find_and_remove	8	static
/opt/nordic/ncs/v3.0.0/zephyr/kernel/work.c:66:13:handle_flush	0	static
/opt/nordic/ncs/v3.0.0/zephyr/kernel/work.c:208:20:queue_remove_locked	8	static
/opt/nordic/ncs/v3.0.0/zephyr/kernel/work.c:498:12:cancel_async_locked	8	static
/opt/nordic/ncs/v3.0.0/zephyr/kernel/work.c:227:20:notify_queue_locked	8	static
/opt/nordic/ncs/v3.0.0/zephyr/kernel/work.c:257:19:queue_submit_locked	16	static
/opt/nordic/ncs/v3.0.0/zephyr/kernel/work.c:317:12:submit_to_queue_locked	16	static
/opt/nordic/ncs/v3.0.0/zephyr/kernel/work.c:864:13:work_timeout	24	static
/opt/nordic/ncs/v3.0.0/zephyr/kernel/include/ksched.h:77:20:z_reschedule_unlocked	8	static
/opt/nordic/ncs/v3.0.0/zephyr/kernel/work.c:87:20:init_work_cancel	16	static
/opt/nordic/ncs/v3.0.0/zephyr/kernel/work.c:534:13:cancel_sync_locked	8	static
/opt/nordic/ncs/v3.0.0/zephyr/kernel/work.c:105:13:finalize_flush_locked	8	static
/opt/nordic/ncs/v3.0.0/zephyr/kernel/work.c:125:13:finalize_cancel_locked	8	static
/opt/nordic/ncs/v3.0.0/zephyr/kernel/work.c:606:13:work_queue_main	40	static
/opt/nordic/ncs/v3.0.0/zephyr/kernel/work.c:943:12:schedule_for_queue_locked	8	static
/opt/nordic/ncs/v3.0.0/zephyr/kernel/work.c:975:20:unschedule_locked	8	static
/opt/nordic/ncs/v3.0.0/zephyr/kernel/work.c:1003:12:cancel_delayable_async_locked	8	static
/opt/nordic/ncs/v3.0.0/zephyr/kernel/work.c:150:6:k_work_init	8	static
/opt/nordic/ncs/v3.0.0/zephyr/kernel/work.c:68:20:init_flusher	8	static
/opt/nordic/ncs/v3.0.0/zephyr/kernel/work.c:187:13:queue_flusher_locked	16	static
/opt/nordic/ncs/v3.0.0/zephyr/kernel/work.c:437:13:work_flush_locked	16	static
/opt/nordic/ncs/v3.0.0/zephyr/kernel/work.c:166:5:k_work_busy_get	16	static
/opt/nordic/ncs/v3.0.0/zephyr/kernel/work.c:375:5:z_work_submit_to_queue	24	static
/opt/nordic/ncs/v3.0.0/zephyr/kernel/work.c:390:5:k_work_submit_to_queue	8	static
/opt/nordic/ncs/v3.0.0/zephyr/kernel/work.c:411:5:k_work_submit	8	static
/opt/nordic/ncs/v3.0.0/zephyr/kernel/work.c:455:6:k_work_flush	24	static
/opt/nordic/ncs/v3.0.0/zephyr/kernel/work.c:550:5:k_work_cancel	16	static
/opt/nordic/ncs/v3.0.0/zephyr/kernel/work.c:567:6:k_work_cancel_sync	24	static
/opt/nordic/ncs/v3.0.0/zephyr/kernel/work.c:714:6:k_work_queue_init	8	static
/opt/nordic/ncs/v3.0.0/zephyr/kernel/work.c:725:6:k_work_queue_start	56	static
/opt/nordic/ncs/v3.0.0/zephyr/kernel/work.c:769:5:k_work_queue_drain	32	static
/opt/nordic/ncs/v3.0.0/zephyr/kernel/work.c:801:5:k_work_queue_unplug	16	static
/opt/nordic/ncs/v3.0.0/zephyr/kernel/work.c:821:5:k_work_queue_stop	24	static
/opt/nordic/ncs/v3.0.0/zephyr/kernel/work.c:887:6:k_work_init_delayable	16	static
/opt/nordic/ncs/v3.0.0/zephyr/kernel/work.c:909:5:k_work_delayable_busy_get	16	static
/opt/nordic/ncs/v3.0.0/zephyr/kernel/work.c:1010:5:k_work_schedule_for_queue	32	static
/opt/nordic/ncs/v3.0.0/zephyr/kernel/work.c:1034:5:k_work_schedule	8	static
/opt/nordic/ncs/v3.0.0/zephyr/kernel/work.c:1045:5:k_work_reschedule_for_queue	32	static
/opt/nordic/ncs/v3.0.0/zephyr/kernel/work.c:1069:5:k_work_reschedule	8	static
/opt/nordic/ncs/v3.0.0/zephyr/kernel/work.c:1080:5:k_work_cancel_delayable	16	static
/opt/nordic/ncs/v3.0.0/zephyr/kernel/work.c:1096:6:k_work_cancel_delayable_sync	24	static
/opt/nordic/ncs/v3.0.0/zephyr/kernel/work.c:1128:6:k_work_flush_delayable	32	static
