/opt/nordic/ncs/v3.0.0/zephyr/lib/os/mpsc_pbuf.c:61:20:free_space	0	static
/opt/nordic/ncs/v3.0.0/zephyr/lib/os/mpsc_pbuf.c:86:20:available	0	static
/opt/nordic/ncs/v3.0.0/zephyr/lib/os/mpsc_pbuf.c:98:24:get_usage	16	static
/opt/nordic/ncs/v3.0.0/zephyr/lib/os/mpsc_pbuf.c:109:20:max_utilization_update	16	static
/opt/nordic/ncs/v3.0.0/zephyr/lib/os/mpsc_pbuf.c:158:13:rd_idx_inc	0	static
/opt/nordic/ncs/v3.0.0/zephyr/lib/os/mpsc_pbuf.c:164:13:add_skip_item	4	static
/opt/nordic/ncs/v3.0.0/zephyr/lib/os/mpsc_pbuf.c:175:13:drop_item_locked	48	static
/opt/nordic/ncs/v3.0.0/zephyr/lib/os/mpsc_pbuf.c:261:13:post_drop_action	8	static
/opt/nordic/ncs/v3.0.0/zephyr/lib/os/mpsc_pbuf.c:28:6:mpsc_pbuf_init	16	static
/opt/nordic/ncs/v3.0.0/zephyr/lib/os/mpsc_pbuf.c:290:6:mpsc_pbuf_put_word	48	static
/opt/nordic/ncs/v3.0.0/zephyr/lib/os/mpsc_pbuf.c:336:26:mpsc_pbuf_alloc	72	static
/opt/nordic/ncs/v3.0.0/zephyr/lib/os/mpsc_pbuf.c:410:6:mpsc_pbuf_commit	24	static
/opt/nordic/ncs/v3.0.0/zephyr/lib/os/mpsc_pbuf.c:424:6:mpsc_pbuf_put_word_ext	48	static
/opt/nordic/ncs/v3.0.0/zephyr/lib/os/mpsc_pbuf.c:480:6:mpsc_pbuf_put_data	48	static
/opt/nordic/ncs/v3.0.0/zephyr/lib/os/mpsc_pbuf.c:531:32:mpsc_pbuf_claim	32	static
/opt/nordic/ncs/v3.0.0/zephyr/lib/os/mpsc_pbuf.c:577:6:mpsc_pbuf_free	24	static
/opt/nordic/ncs/v3.0.0/zephyr/lib/os/mpsc_pbuf.c:611:6:mpsc_pbuf_is_pending	24	static
/opt/nordic/ncs/v3.0.0/zephyr/lib/os/mpsc_pbuf.c:622:6:mpsc_pbuf_get_utilization	8	static
/opt/nordic/ncs/v3.0.0/zephyr/lib/os/mpsc_pbuf.c:630:5:mpsc_pbuf_get_max_utilization	0	static
