/opt/nordic/ncs/v3.0.0/zephyr/lib/os/printk.c:47:27:arch_printk_char_out	0	static
/opt/nordic/ncs/v3.0.0/zephyr/lib/os/printk.c:213:12:str_out	4	static
/opt/nordic/ncs/v3.0.0/zephyr/lib/os/printk.c:58:6:__printk_hook_install	0	static
/opt/nordic/ncs/v3.0.0/zephyr/lib/os/printk.c:63:18:__printk_get_hook	0	static
/opt/nordic/ncs/v3.0.0/zephyr/lib/os/printk.c:101:6:vprintk	8	static
/opt/nordic/ncs/v3.0.0/zephyr/lib/os/printk.c:146:6:z_impl_k_str_out	16	static
/opt/nordic/ncs/v3.0.0/zephyr/lib/os/printk.c:192:6:printk	16	static
/opt/nordic/ncs/v3.0.0/zephyr/lib/os/printk.c:242:5:vsnprintk	32	static
/opt/nordic/ncs/v3.0.0/zephyr/lib/os/printk.c:230:5:snprintk	16	static
