Archive member included to satisfy reference by file (symbol)

app/libapp.a(main.c.obj)      (--whole-archive)
app/libapp.a(led.c.obj)       (--whole-archive)
zephyr/libzephyr.a(heap.c.obj)
                              (--whole-archive)
zephyr/libzephyr.a(cbprintf_packaged.c.obj)
                              (--whole-archive)
zephyr/libzephyr.a(printk.c.obj)
                              (--whole-archive)
zephyr/libzephyr.a(sem.c.obj)
                              (--whole-archive)
zephyr/libzephyr.a(thread_entry.c.obj)
                              (--whole-archive)
zephyr/libzephyr.a(cbprintf_complete.c.obj)
                              (--whole-archive)
zephyr/libzephyr.a(cbprintf.c.obj)
                              (--whole-archive)
zephyr/libzephyr.a(assert.c.obj)
                              (--whole-archive)
zephyr/libzephyr.a(mpsc_pbuf.c.obj)
                              (--whole-archive)
zephyr/libzephyr.a(dec.c.obj)
                              (--whole-archive)
zephyr/libzephyr.a(hex.c.obj)
                              (--whole-archive)
zephyr/libzephyr.a(rb.c.obj)  (--whole-archive)
zephyr/libzephyr.a(timeutil.c.obj)
                              (--whole-archive)
zephyr/libzephyr.a(bitarray.c.obj)
                              (--whole-archive)
zephyr/libzephyr.a(onoff.c.obj)
                              (--whole-archive)
zephyr/libzephyr.a(notify.c.obj)
                              (--whole-archive)
zephyr/libzephyr.a(last_section_id.c.obj)
                              (--whole-archive)
zephyr/libzephyr.a(configs.c.obj)
                              (--whole-archive)
zephyr/libzephyr.a(log_core.c.obj)
                              (--whole-archive)
zephyr/libzephyr.a(log_mgmt.c.obj)
                              (--whole-archive)
zephyr/libzephyr.a(log_cache.c.obj)
                              (--whole-archive)
zephyr/libzephyr.a(log_msg.c.obj)
                              (--whole-archive)
zephyr/libzephyr.a(log_output.c.obj)
                              (--whole-archive)
zephyr/libzephyr.a(log_backend_uart.c.obj)
                              (--whole-archive)
zephyr/libzephyr.a(mem_attr.c.obj)
                              (--whole-archive)
zephyr/libzephyr.a(tracing_none.c.obj)
                              (--whole-archive)
zephyr/arch/common/libarch__common.a(sw_isr_common.c.obj)
                              (--whole-archive)
zephyr/arch/arch/arm/core/libarch__arm__core.a(fatal.c.obj)
                              (--whole-archive)
zephyr/arch/arch/arm/core/libarch__arm__core.a(nmi.c.obj)
                              (--whole-archive)
zephyr/arch/arch/arm/core/libarch__arm__core.a(nmi_on_reset.S.obj)
                              (--whole-archive)
zephyr/arch/arch/arm/core/cortex_m/libarch__arm__core__cortex_m.a(exc_exit.c.obj)
                              (--whole-archive)
zephyr/arch/arch/arm/core/cortex_m/libarch__arm__core__cortex_m.a(fault.c.obj)
                              (--whole-archive)
zephyr/arch/arch/arm/core/cortex_m/libarch__arm__core__cortex_m.a(fault_s.S.obj)
                              (--whole-archive)
zephyr/arch/arch/arm/core/cortex_m/libarch__arm__core__cortex_m.a(fpu.c.obj)
                              (--whole-archive)
zephyr/arch/arch/arm/core/cortex_m/libarch__arm__core__cortex_m.a(reset.S.obj)
                              (--whole-archive)
zephyr/arch/arch/arm/core/cortex_m/libarch__arm__core__cortex_m.a(scb.c.obj)
                              (--whole-archive)
zephyr/arch/arch/arm/core/cortex_m/libarch__arm__core__cortex_m.a(thread_abort.c.obj)
                              (--whole-archive)
zephyr/arch/arch/arm/core/cortex_m/libarch__arm__core__cortex_m.a(vector_table.S.obj)
                              (--whole-archive)
zephyr/arch/arch/arm/core/cortex_m/libarch__arm__core__cortex_m.a(swap_helper.S.obj)
                              (--whole-archive)
zephyr/arch/arch/arm/core/cortex_m/libarch__arm__core__cortex_m.a(irq_manage.c.obj)
                              (--whole-archive)
zephyr/arch/arch/arm/core/cortex_m/libarch__arm__core__cortex_m.a(prep_c.c.obj)
                              (--whole-archive)
zephyr/arch/arch/arm/core/cortex_m/libarch__arm__core__cortex_m.a(thread.c.obj)
                              (--whole-archive)
zephyr/arch/arch/arm/core/cortex_m/libarch__arm__core__cortex_m.a(cpu_idle.c.obj)
                              (--whole-archive)
zephyr/arch/arch/arm/core/cortex_m/libarch__arm__core__cortex_m.a(irq_init.c.obj)
                              (--whole-archive)
zephyr/arch/arch/arm/core/cortex_m/libarch__arm__core__cortex_m.a(isr_wrapper.c.obj)
                              (--whole-archive)
zephyr/arch/arch/arm/core/cortex_m/cmse/libarch__arm__core__cortex_m__cmse.a(arm_core_cmse.c.obj)
                              (--whole-archive)
zephyr/arch/arch/arm/core/mpu/libarch__arm__core__mpu.a(arm_core_mpu.c.obj)
                              (--whole-archive)
[...]
Memory Configuration

Name             Origin             Length             Attributes
FLASH            0x0000000000000000 0x0000000000100000 xr
RAM              0x0000000020000000 0x0000000000070000 xw
IDT_LIST         0x00000000ffff7fff 0x0000000000008000 xw
*default*        0x0000000000000000 0xffffffffffffffff

Linker script and memory map

LOAD zephyr/CMakeFiles/zephyr_final.dir/misc/empty_file.c.obj
LOAD zephyr/CMakeFiles/zephyr_final.dir/isr_tables.c.obj
LOAD zephyr/CMakeFiles/offsets.dir/./arch/arm/core/offsets/offsets.c.obj
LOAD app/libapp.a
LOAD zephyr/libzephyr.a
LOAD zephyr/arch/common/libarch__common.a
LOAD zephyr/arch/arch/arm/core/libarch__arm__core.a
LOAD zephyr/arch/arch/arm/core/cortex_m/libarch__arm__core__cortex_m.a
LOAD zephyr/arch/arch/arm/core/cortex_m/cmse/libarch__arm__core__cortex_m__cmse.a
LOAD zephyr/arch/arch/arm/core/mpu/libarch__arm__core__mpu.a
LOAD zephyr/lib/libc/newlib/liblib__libc__newlib.a
LOAD zephyr/lib/libc/common/liblib__libc__common.a
LOAD zephyr/soc/soc/nrf5340/libsoc__nordic.a
LOAD zephyr/boards/nordic/nrf5340_audio_dk/libboards__nordic__nrf5340_audio_dk.a
LOAD zephyr/drivers/clock_control/libdrivers__clock_control.a
LOAD zephyr/drivers/console/libdrivers__console.a
LOAD zephyr/drivers/gpio/libdrivers__gpio.a
LOAD zephyr/drivers/pinctrl/libdrivers__pinctrl.a
LOAD zephyr/drivers/pwm/libdrivers__pwm.a
LOAD zephyr/drivers/regulator/libdrivers__regulator.a
LOAD zephyr/drivers/serial/libdrivers__serial.a
LOAD zephyr/drivers/timer/libdrivers__timer.a
LOAD modules/hal_nordic/nrfx/libmodules__hal_nordic__nrfx.a
LOAD zephyr/kernel/libkernel.a
LOAD zephyr/arch/common/libisr_tables.a
LOAD /opt/nordic/ncs/toolchains/b8efef2ad5/opt/zephyr-sdk/arm-zephyr-eabi/arm-zephyr-eabi/lib/thumb/v8-m.main/nofp/libm.a
LOAD /opt/nordic/ncs/toolchains/b8efef2ad5/opt/zephyr-sdk/arm-zephyr-eabi/arm-zephyr-eabi/lib/thumb/v8-m.main/nofp/libc.a
LOAD /opt/nordic/ncs/toolchains/b8efef2ad5/opt/zephyr-sdk/arm-zephyr-eabi/bin/../lib/gcc/arm-zephyr-eabi/12.2.0/thumb/v8-m.main/nofp/libgcc.a
LOAD /opt/nordic/ncs/toolchains/b8efef2ad5/opt/zephyr-sdk/arm-zephyr-eabi/arm-zephyr-eabi/lib/thumb/v8-m.main/nofp/libc.a
                0x0000000000000020                _region_min_align = 0x20

.rel.plt        0x0000000000000000        0x0
 *(SORT_BY_ALIGNMENT(.rel.plt))
                [!provide]                        PROVIDE (__rel_iplt_start = .)
 *(SORT_BY_ALIGNMENT(.rel.iplt))
 .rel.iplt      0x0000000000000000        0x0 zephyr/CMakeFiles/zephyr_final.dir/isr_tables.c.obj
                [!provide]                        PROVIDE (__rel_iplt_end = .)

.rela.plt       0x0000000000000000        0x0
 *(SORT_BY_ALIGNMENT(.rela.plt))
                [!provide]                        PROVIDE (__rela_iplt_start = .)
 *(SORT_BY_ALIGNMENT(.rela.iplt))
                [!provide]                        PROVIDE (__rela_iplt_end = .)

.rel.dyn
 *(SORT_BY_ALIGNMENT(.rel.*))

.rela.dyn
 *(SORT_BY_ALIGNMENT(.rela.*))

/DISCARD/
 *(SORT_BY_ALIGNMENT(.plt))

/DISCARD/
 *(SORT_BY_ALIGNMENT(.iplt))
                0x0000000000000000                __rom_region_start = 0x0

rom_start       0x0000000000000000      0x154
                0x0000000000000000                __rom_start_address = .
 FILL mask 0x00
                0x0000000000000000                . = (. + (0x0 - (. - __rom_start_address)))
                0x0000000000000000                . = ALIGN (0x4)
                0x0000000000000000                . = ALIGN (0x80)
                0x0000000000000000                . = ALIGN (0x200)
                0x0000000000000000                _vector_start = .
 *(SORT_BY_ALIGNMENT(.exc_vector_table))
 *(SORT_BY_ALIGNMENT(.exc_vector_table.*))
 .exc_vector_table._vector_table_section
                0x0000000000000000       0x40 zephyr/arch/arch/arm/core/cortex_m/libarch__arm__core__cortex_m.a(vector_table.S.obj)
                0x0000000000000000                _vector_table
 *(SORT_BY_ALIGNMENT(.vectors))
                0x0000000000000154                _vector_end = .
                0x0000000000000040                . = ALIGN (0x4)
 *(SORT_BY_ALIGNMENT(.gnu.linkonce.irq_vector_table*))
 .gnu.linkonce.irq_vector_table
                0x0000000000000040      0x114 zephyr/CMakeFiles/zephyr_final.dir/isr_tables.c.obj
                0x0000000000000040                _irq_vector_table
                0x0000000000000154                _vector_end = .

text            0x0000000000000154     0xe1ec
                0x0000000000000154                __text_region_start = .
 *(SORT_BY_ALIGNMENT(.text))
 .text          0x0000000000000154       0xec /opt/nordic/ncs/toolchains/b8efef2ad5/opt/zephyr-sdk/arm-zephyr-eabi/arm-zephyr-eabi/lib/thumb/v8-m.main/nofp/libc.a(lib_a-memcpy.o)
                0x0000000000000154                memcpy
 .text          0x0000000000000240       0x30 /opt/nordic/ncs/toolchains/b8efef2ad5/opt/zephyr-sdk/arm-zephyr-eabi/bin/../lib/gcc/arm-zephyr-eabi/12.2.0/thumb/v8-m.main/nofp/libgcc.a(_aeabi_uldivmod.o)
                0x0000000000000240                __aeabi_uldivmod
 .text          0x0000000000000270        0x4 /opt/nordic/ncs/toolchains/b8efef2ad5/opt/zephyr-sdk/arm-zephyr-eabi/bin/../lib/gcc/arm-zephyr-eabi/12.2.0/thumb/v8-m.main/nofp/libgcc.a(_dvmd_tls.o)
                0x0000000000000270                __aeabi_ldiv0
                0x0000000000000270                __aeabi_idiv0
 .text          0x0000000000000274      0x29c /opt/nordic/ncs/toolchains/b8efef2ad5/opt/zephyr-sdk/arm-zephyr-eabi/bin/../lib/gcc/arm-zephyr-eabi/12.2.0/thumb/v8-m.main/nofp/libgcc.a(_udivmoddi4.o)
                0x0000000000000274                __udivmoddi4
 *(SORT_BY_ALIGNMENT(.text.*))
 .text.main     0x0000000000000510      0x214 app/libapp.a(main.c.obj)
                0x0000000000000510                main
 .text.gpio_pin_set_raw
                0x0000000000000724       0x54 app/libapp.a(led.c.obj)
 .text.gpio_pin_set
                0x0000000000000778       0x54 app/libapp.a(led.c.obj)
 .text.led_set_int
                0x00000000000007cc       0xa4 app/libapp.a(led.c.obj)
 .text.led_set  0x0000000000000870       0x34 app/libapp.a(led.c.obj)
 .text.z_impl_gpio_pin_configure
                0x00000000000008a4      0x1a0 app/libapp.a(led.c.obj)
 .text.led_blink_work_handler
                0x0000000000000a44       0xb0 app/libapp.a(led.c.obj)
 .text.led_blink_timer_handler
                0x0000000000000af4       0x10 app/libapp.a(led.c.obj)
                0x0000000000000af4                led_blink_timer_handler
 .text.configure_led_color
                0x0000000000000b04       0x5c app/libapp.a(led.c.obj)
 .text.config_led_monochrome
                0x0000000000000b60       0x54 app/libapp.a(led.c.obj)
 .text.led_device_tree_parse
                0x0000000000000bb4       0xf0 app/libapp.a(led.c.obj)
 .text.led_on   0x0000000000000ca4       0x64 app/libapp.a(led.c.obj)
                0x0000000000000ca4                led_on
 .text.led_init
                0x0000000000000d08       0x48 app/libapp.a(led.c.obj)
                0x0000000000000d08                led_init
 .text.get_package_len
                0x0000000000000d50       0x50 zephyr/libzephyr.a(cbprintf_packaged.c.obj)
 .text.cbvprintf_package
                0x0000000000000da0      0x540 zephyr/libzephyr.a(cbprintf_packaged.c.obj)
                0x0000000000000da0                cbvprintf_package
 .text.cbprintf_package_convert
                0x00000000000012e0      0x588 zephyr/libzephyr.a(cbprintf_packaged.c.obj)
                0x00000000000012e0                cbprintf_package_convert
 .text.__printk_hook_install
                0x0000000000001868        0xc zephyr/libzephyr.a(printk.c.obj)
                0x0000000000001868                __printk_hook_install
 .text.vsnprintk
                0x0000000000001874       0x30 zephyr/libzephyr.a(printk.c.obj)
                0x0000000000001874                vsnprintk
 .text.extract_decimal
                0x00000000000018a4       0x2c zephyr/libzephyr.a(cbprintf_complete.c.obj)
 .text.extract_flags
                0x00000000000018d0       0xc4 zephyr/libzephyr.a(cbprintf_complete.c.obj)
 .text.encode_uint
                0x0000000000001994       0xac zephyr/libzephyr.a(cbprintf_complete.c.obj)
 .text.z_cbvprintf_impl
                0x0000000000001a40      0x598 zephyr/libzephyr.a(cbprintf_complete.c.obj)
                0x0000000000001a40                z_cbvprintf_impl
 .text.mpsc_pbuf_init
                0x0000000000001fd8       0x68 zephyr/libzephyr.a(mpsc_pbuf.c.obj)
                0x0000000000001fd8                mpsc_pbuf_init
 .text.mpsc_pbuf_alloc
                0x0000000000002040      0x220 zephyr/libzephyr.a(mpsc_pbuf.c.obj)
                0x0000000000002040                mpsc_pbuf_alloc
 .text.mpsc_pbuf_commit
                0x0000000000002260       0xc8 zephyr/libzephyr.a(mpsc_pbuf.c.obj)
                0x0000000000002260                mpsc_pbuf_commit
 .text.mpsc_pbuf_claim
                0x0000000000002328      0x14c zephyr/libzephyr.a(mpsc_pbuf.c.obj)
                0x0000000000002328                mpsc_pbuf_claim
 .text.mpsc_pbuf_free
                0x0000000000002474      0x100 zephyr/libzephyr.a(mpsc_pbuf.c.obj)
                0x0000000000002474                mpsc_pbuf_free
 .text.mpsc_pbuf_is_pending
                0x0000000000002574       0xa4 zephyr/libzephyr.a(mpsc_pbuf.c.obj)
                0x0000000000002574                mpsc_pbuf_is_pending
 .text.process_complete
                0x0000000000002618       0xe8 zephyr/libzephyr.a(onoff.c.obj)
 .text.process_event
                0x0000000000002700      0x3a4 zephyr/libzephyr.a(onoff.c.obj)
 .text.transition_complete
                0x0000000000002aa4       0x64 zephyr/libzephyr.a(onoff.c.obj)
 .text.onoff_request
                0x0000000000002b08      0x168 zephyr/libzephyr.a(onoff.c.obj)
                0x0000000000002b08                onoff_request
 .text.sys_notify_finalize
                0x0000000000002c70       0x44 zephyr/libzephyr.a(notify.c.obj)
                0x0000000000002c70                sys_notify_finalize
 .text.log_backend_is_active
                0x0000000000002cb4       0x30 zephyr/libzephyr.a(log_core.c.obj)
 .text.log_backend_init
                0x0000000000002ce4       0x30 zephyr/libzephyr.a(log_core.c.obj)
 .text.log_backend_is_ready
                0x0000000000002d14       0x34 zephyr/libzephyr.a(log_core.c.obj)
 .text.log_backend_panic
                0x0000000000002d48       0x30 zephyr/libzephyr.a(log_core.c.obj)
 .text.log_backend_dropped
                0x0000000000002d78       0x30 zephyr/libzephyr.a(log_core.c.obj)
 .text.log_backend_msg_process
                0x0000000000002da8       0x4c zephyr/libzephyr.a(log_core.c.obj)
 .text.msg_process
                0x0000000000002df4       0x70 zephyr/libzephyr.a(log_core.c.obj)
 .text.log_backend_notify
                0x0000000000002e64       0x38 zephyr/libzephyr.a(log_core.c.obj)
 .text.log_backend_notify_all
                0x0000000000002e9c       0x5c zephyr/libzephyr.a(log_core.c.obj)
 .text.activate_foreach_backend
                0x0000000000002ef8       0x50 zephyr/libzephyr.a(log_core.c.obj)
 .text.z_log_init
                0x0000000000002f48       0xe4 zephyr/libzephyr.a(log_core.c.obj)
 .text.thread_set
                0x000000000000302c       0x28 zephyr/libzephyr.a(log_core.c.obj)
 .text.log_process_thread_timer_expiry_fn
                0x0000000000003054       0x10 zephyr/libzephyr.a(log_core.c.obj)
 .text.enable_logger
                0x0000000000003064       0x5c zephyr/libzephyr.a(log_core.c.obj)
 .text.log_format_func_t_get
                0x00000000000030c0        0xc zephyr/libzephyr.a(log_core.c.obj)
                0x00000000000030c0                log_format_func_t_get
 .text.log_set_timestamp_func
                0x00000000000030cc       0x24 zephyr/libzephyr.a(log_core.c.obj)
                0x00000000000030cc                log_set_timestamp_func
 .text.z_log_notify_backend_enabled
                0x00000000000030f0       0x20 zephyr/libzephyr.a(log_core.c.obj)
                0x00000000000030f0                z_log_notify_backend_enabled
 .text.z_log_dropped
                0x0000000000003110       0x44 zephyr/libzephyr.a(log_core.c.obj)
                0x0000000000003110                z_log_dropped
 .text.z_log_dropped_read_and_clear
                0x0000000000003154       0x18 zephyr/libzephyr.a(log_core.c.obj)
                0x0000000000003154                z_log_dropped_read_and_clear
 .text.dropped_notify
                0x000000000000316c       0x68 zephyr/libzephyr.a(log_core.c.obj)
                0x000000000000316c                dropped_notify
 .text.z_log_dropped_pending
                0x00000000000031d4       0x14 zephyr/libzephyr.a(log_core.c.obj)
                0x00000000000031d4                z_log_dropped_pending
 .text.z_log_msg_init
                0x00000000000031e8       0x20 zephyr/libzephyr.a(log_core.c.obj)
                0x00000000000031e8                z_log_msg_init
 .text.log_core_init
                0x0000000000003208       0x30 zephyr/libzephyr.a(log_core.c.obj)
                0x0000000000003208                log_core_init
 .text.z_log_msg_alloc
                0x0000000000003238       0x10 zephyr/libzephyr.a(log_core.c.obj)
                0x0000000000003238                z_log_msg_alloc
 .text.z_log_msg_local_claim
                0x0000000000003248       0x10 zephyr/libzephyr.a(log_core.c.obj)
                0x0000000000003248                z_log_msg_local_claim
 .text.z_log_msg_free
                0x0000000000003258       0x14 zephyr/libzephyr.a(log_core.c.obj)
                0x0000000000003258                z_log_msg_free
 .text.z_log_msg_pending
                0x000000000000326c       0x10 zephyr/libzephyr.a(log_core.c.obj)
                0x000000000000326c                z_log_msg_pending
 .text.z_impl_log_process
                0x000000000000327c       0xb4 zephyr/libzephyr.a(log_core.c.obj)
                0x000000000000327c                z_impl_log_process
 .text.z_impl_log_panic
                0x0000000000003330       0x84 zephyr/libzephyr.a(log_core.c.obj)
                0x0000000000003330                z_impl_log_panic
 .text.z_log_msg_post_finalize
                0x00000000000033b4       0xf4 zephyr/libzephyr.a(log_core.c.obj)
 .text.z_log_msg_commit
                0x00000000000034a8       0x20 zephyr/libzephyr.a(log_core.c.obj)
                0x00000000000034a8                z_log_msg_commit
 .text.log_process_thread_func
                0x00000000000034c8       0xa8 zephyr/libzephyr.a(log_core.c.obj)
 .text.log_backend_id_set
                0x0000000000003570       0x2c zephyr/libzephyr.a(log_mgmt.c.obj)
 .text.log_backend_activate
                0x000000000000359c       0x38 zephyr/libzephyr.a(log_mgmt.c.obj)
 .text.log_src_cnt_get
                0x00000000000035d4       0x14 zephyr/libzephyr.a(log_mgmt.c.obj)
                0x00000000000035d4                log_src_cnt_get
 .text.log_source_name_get
                0x00000000000035e8       0x1c zephyr/libzephyr.a(log_mgmt.c.obj)
                0x00000000000035e8                log_source_name_get
 .text.log_backend_enable
                0x0000000000003604       0x2c zephyr/libzephyr.a(log_mgmt.c.obj)
                0x0000000000003604                log_backend_enable
 .text.cbprintf_package_copy
                0x0000000000003630       0x30 zephyr/libzephyr.a(log_msg.c.obj)
 .text.z_impl_z_log_msg_static_create
                0x0000000000003660      0x180 zephyr/libzephyr.a(log_msg.c.obj)
                0x0000000000003660                z_impl_z_log_msg_static_create
 .text.z_log_msg_runtime_vcreate
                0x00000000000037e0       0xf4 zephyr/libzephyr.a(log_msg.c.obj)
                0x00000000000037e0                z_log_msg_runtime_vcreate
 .text.log_msg_get_source_id
                0x00000000000038d4       0x18 zephyr/libzephyr.a(log_msg.c.obj)
                0x00000000000038d4                log_msg_get_source_id
 .text.out_func
                0x00000000000038ec       0x5c zephyr/libzephyr.a(log_output.c.obj)
 .text.print_formatted
                0x0000000000003948       0x28 zephyr/libzephyr.a(log_output.c.obj)
 .text.timestamp_print
                0x0000000000003970       0x8c zephyr/libzephyr.a(log_output.c.obj)
 .text.color_print
                0x00000000000039fc       0x2c zephyr/libzephyr.a(log_output.c.obj)
 .text.ids_print
                0x0000000000003a28       0x70 zephyr/libzephyr.a(log_output.c.obj)
 .text.prefix_print
                0x0000000000003a98       0xb0 zephyr/libzephyr.a(log_output.c.obj)
 .text.newline_print
                0x0000000000003b48       0x28 zephyr/libzephyr.a(log_output.c.obj)
 .text.hexdump_line_print
                0x0000000000003b70       0xc4 zephyr/libzephyr.a(log_output.c.obj)
 .text.log_output_process
                0x0000000000003c34       0xb0 zephyr/libzephyr.a(log_output.c.obj)
                0x0000000000003c34                log_output_process
 .text.log_output_dropped_process
                0x0000000000003ce4       0x84 zephyr/libzephyr.a(log_output.c.obj)
                0x0000000000003ce4                log_output_dropped_process
 .text.log_output_timestamp_freq_set
                0x0000000000003d68       0x2c zephyr/libzephyr.a(log_output.c.obj)
                0x0000000000003d68                log_output_timestamp_freq_set
 .text.char_out
                0x0000000000003d94       0x24 zephyr/libzephyr.a(log_backend_uart.c.obj)
 .text.log_backend_uart_init
                0x0000000000003db8       0x3c zephyr/libzephyr.a(log_backend_uart.c.obj)
 .text.mem_attr_get_regions
                0x0000000000003df4        0xc zephyr/libzephyr.a(mem_attr.c.obj)
                0x0000000000003df4                mem_attr_get_regions
 .text.esf_dump
                0x0000000000003e00      0x160 zephyr/arch/arch/arm/core/libarch__arm__core.a(fatal.c.obj)
 .text.z_arm_fatal_error
                0x0000000000003f60       0x38 zephyr/arch/arch/arm/core/libarch__arm__core.a(fatal.c.obj)
                0x0000000000003f60                z_arm_fatal_error
 .text.z_SysNmiOnReset
                0x0000000000003f98        0x8 zephyr/arch/arch/arm/core/libarch__arm__core.a(nmi_on_reset.S.obj)
                0x0000000000003f98                z_SysNmiOnReset
 .text._HandlerModeExit
                0x0000000000003fa0       0x30 zephyr/arch/arch/arm/core/cortex_m/libarch__arm__core__cortex_m.a(exc_exit.c.obj)
                0x0000000000003fa0                z_arm_exc_exit
                0x0000000000003fa0                z_arm_int_exit
 .text.z_arm_is_synchronous_svc
                0x0000000000003fd0       0x3c zephyr/arch/arch/arm/core/cortex_m/libarch__arm__core__cortex_m.a(fault.c.obj)
 .text.get_esf  0x000000000000400c       0x48 zephyr/arch/arch/arm/core/cortex_m/libarch__arm__core__cortex_m.a(fault.c.obj)
 .text.usage_fault
                0x0000000000004054       0xf0 zephyr/arch/arch/arm/core/cortex_m/libarch__arm__core__cortex_m.a(fault.c.obj)
 .text.debug_monitor
                0x0000000000004144       0x1c zephyr/arch/arch/arm/core/cortex_m/libarch__arm__core__cortex_m.a(fault.c.obj)
 .text.reserved_exception
                0x0000000000004160       0xd8 zephyr/arch/arch/arm/core/cortex_m/libarch__arm__core__cortex_m.a(fault.c.obj)
 .text.mem_manage_fault
                0x0000000000004238      0x154 zephyr/arch/arch/arm/core/cortex_m/libarch__arm__core__cortex_m.a(fault.c.obj)
 .text.bus_fault
                0x000000000000438c      0x110 zephyr/arch/arch/arm/core/cortex_m/libarch__arm__core__cortex_m.a(fault.c.obj)
 .text.hard_fault
                0x000000000000449c      0x124 zephyr/arch/arch/arm/core/cortex_m/libarch__arm__core__cortex_m.a(fault.c.obj)
 .text.z_arm_fault
                0x00000000000045c0       0xb8 zephyr/arch/arch/arm/core/cortex_m/libarch__arm__core__cortex_m.a(fault.c.obj)
                0x00000000000045c0                z_arm_fault
 .text.z_arm_fault_init
                0x0000000000004678       0x20 zephyr/arch/arch/arm/core/cortex_m/libarch__arm__core__cortex_m.a(fault.c.obj)
                0x0000000000004678                z_arm_fault_init
 .text.__fault  0x0000000000004698       0x14 zephyr/arch/arch/arm/core/cortex_m/libarch__arm__core__cortex_m.a(fault_s.S.obj)
                0x0000000000004698                z_arm_bus_fault
                0x0000000000004698                z_arm_usage_fault
                0x0000000000004698                z_arm_mpu_fault
                0x0000000000004698                z_arm_exc_spurious
                0x0000000000004698                z_arm_debug_monitor
                0x0000000000004698                z_arm_hard_fault
 .text._reset_section
                0x00000000000046ac       0x48 zephyr/arch/arch/arm/core/cortex_m/libarch__arm__core__cortex_m.a(reset.S.obj)
                0x00000000000046ac                z_arm_reset
                0x00000000000046ac                __start
 .text.z_impl_k_thread_abort
                0x00000000000046f4       0x34 zephyr/arch/arch/arm/core/cortex_m/libarch__arm__core__cortex_m.a(thread_abort.c.obj)
                0x00000000000046f4                z_impl_k_thread_abort
 .text.z_arm_pendsv
                0x0000000000004728       0x70 zephyr/arch/arch/arm/core/cortex_m/libarch__arm__core__cortex_m.a(swap_helper.S.obj)
                0x0000000000004728                z_arm_pendsv
 .text.z_arm_svc
                0x0000000000004798       0x24 zephyr/arch/arch/arm/core/cortex_m/libarch__arm__core__cortex_m.a(swap_helper.S.obj)
                0x0000000000004798                z_arm_svc
 .text.__NVIC_EnableIRQ
                0x00000000000047bc       0x1c zephyr/arch/arch/arm/core/cortex_m/libarch__arm__core__cortex_m.a(irq_manage.c.obj)
 .text.__NVIC_SetPriority
                0x00000000000047d8       0x28 zephyr/arch/arch/arm/core/cortex_m/libarch__arm__core__cortex_m.a(irq_manage.c.obj)
 .text.arch_irq_is_enabled
                0x0000000000004800       0x1c zephyr/arch/arch/arm/core/cortex_m/libarch__arm__core__cortex_m.a(irq_manage.c.obj)
                0x0000000000004800                arch_irq_is_enabled
 .text.z_arm_irq_priority_set
                0x000000000000481c       0x48 zephyr/arch/arch/arm/core/cortex_m/libarch__arm__core__cortex_m.a(irq_manage.c.obj)
                0x000000000000481c                z_arm_irq_priority_set
 .text.z_prep_c
                0x0000000000004864       0x48 zephyr/arch/arch/arm/core/cortex_m/libarch__arm__core__cortex_m.a(prep_c.c.obj)
                0x0000000000004864                z_prep_c
 .text.arch_new_thread
                0x00000000000048ac       0x44 zephyr/arch/arch/arm/core/cortex_m/libarch__arm__core__cortex_m.a(thread.c.obj)
                0x00000000000048ac                arch_new_thread
 .text.arch_switch_to_main_thread
                0x00000000000048f0       0x3c zephyr/arch/arch/arm/core/cortex_m/libarch__arm__core__cortex_m.a(thread.c.obj)
                0x00000000000048f0                arch_switch_to_main_thread
 .text.z_arm_cpu_idle_init
                0x000000000000492c        0xc zephyr/arch/arch/arm/core/cortex_m/libarch__arm__core__cortex_m.a(cpu_idle.c.obj)
                0x000000000000492c                z_arm_cpu_idle_init
 .text.z_arm_interrupt_init
                0x0000000000004938       0x34 zephyr/arch/arch/arm/core/cortex_m/libarch__arm__core__cortex_m.a(irq_init.c.obj)
                0x0000000000004938                z_arm_interrupt_init
 .text._isr_wrapper
                0x000000000000496c       0x20 zephyr/arch/arch/arm/core/cortex_m/libarch__arm__core__cortex_m.a(isr_wrapper.c.obj)
                0x000000000000496c                _isr_wrapper
 .text.z_arm_configure_static_mpu_regions
                0x000000000000498c       0x40 zephyr/arch/arch/arm/core/mpu/libarch__arm__core__mpu.a(arm_core_mpu.c.obj)
                0x000000000000498c                z_arm_configure_static_mpu_regions
 .text.mpu_init
                0x00000000000049cc       0x14 zephyr/arch/arch/arm/core/mpu/libarch__arm__core__mpu.a(arm_mpu.c.obj)
 .text.mpu_set_region
                0x00000000000049e0       0x14 zephyr/arch/arch/arm/core/mpu/libarch__arm__core__mpu.a(arm_mpu.c.obj)
 .text.mpu_region_get_conf
                0x00000000000049f4       0x40 zephyr/arch/arch/arm/core/mpu/libarch__arm__core__mpu.a(arm_mpu.c.obj)
 .text.mpu_mark_areas_for_dynamic_regions
                0x0000000000004a34       0x60 zephyr/arch/arch/arm/core/mpu/libarch__arm__core__mpu.a(arm_mpu.c.obj)
 .text.region_allocate_and_init
                0x0000000000004a94       0x3c zephyr/arch/arch/arm/core/mpu/libarch__arm__core__mpu.a(arm_mpu.c.obj)
 .text.mpu_configure_regions_and_partition
                0x0000000000004ad0      0x1ac zephyr/arch/arch/arm/core/mpu/libarch__arm__core__mpu.a(arm_mpu.c.obj)
 .text.mpu_configure_static_mpu_regions
                0x0000000000004c7c       0x14 zephyr/arch/arch/arm/core/mpu/libarch__arm__core__mpu.a(arm_mpu.c.obj)
 .text.mpu_configure_regions_from_dt
                0x0000000000004c90      0x120 zephyr/arch/arch/arm/core/mpu/libarch__arm__core__mpu.a(arm_mpu.c.obj)
 .text.arm_core_mpu_enable
                0x0000000000004db0       0x18 zephyr/arch/arch/arm/core/mpu/libarch__arm__core__mpu.a(arm_mpu.c.obj)
                0x0000000000004db0                arm_core_mpu_enable
 .text.arm_core_mpu_disable
                0x0000000000004dc8       0x14 zephyr/arch/arch/arm/core/mpu/libarch__arm__core__mpu.a(arm_mpu.c.obj)
                0x0000000000004dc8                arm_core_mpu_disable
 .text.arm_core_mpu_configure_static_mpu_regions
                0x0000000000004ddc       0x44 zephyr/arch/arch/arm/core/mpu/libarch__arm__core__mpu.a(arm_mpu.c.obj)
                0x0000000000004ddc                arm_core_mpu_configure_static_mpu_regions
 .text.arm_core_mpu_mark_areas_for_dynamic_regions
                0x0000000000004e20       0x44 zephyr/arch/arch/arm/core/mpu/libarch__arm__core__mpu.a(arm_mpu.c.obj)
                0x0000000000004e20                arm_core_mpu_mark_areas_for_dynamic_regions
 .text.z_arm_mpu_init
                0x0000000000004e64       0xd8 zephyr/arch/arch/arm/core/mpu/libarch__arm__core__mpu.a(arm_mpu.c.obj)
                0x0000000000004e64                z_arm_mpu_init
 .text.malloc_prepare
                0x0000000000004f3c       0x48 zephyr/lib/libc/newlib/liblib__libc__newlib.a(libc-hooks.c.obj)
 .text.__stdout_hook_install
                0x0000000000004f84        0xc zephyr/lib/libc/newlib/liblib__libc__newlib.a(libc-hooks.c.obj)
                0x0000000000004f84                __stdout_hook_install
 .text.nrfx_coredep_delay_us
                0x0000000000004f90       0x2c zephyr/soc/soc/nrf5340/libsoc__nordic.a(soc.c.obj)
 .text.nrf53_anomaly_160_check
                0x0000000000004fbc       0x7c zephyr/soc/soc/nrf5340/libsoc__nordic.a(soc.c.obj)
 .text.nrf_gpio_pin_port_decode
                0x0000000000005038       0x70 zephyr/soc/soc/nrf5340/libsoc__nordic.a(soc.c.obj)
 .text.nordicsemi_nrf53_init
                0x00000000000050a8       0x54 zephyr/soc/soc/nrf5340/libsoc__nordic.a(soc.c.obj)
 .text.rtc_pretick_cpuapp_init
                0x00000000000050fc       0x64 zephyr/soc/soc/nrf5340/libsoc__nordic.a(soc.c.obj)
 .text.nrf53_cpunet_mgmt_init
                0x0000000000005160       0x14 zephyr/soc/soc/nrf5340/libsoc__nordic.a(nrf53_cpunet_mgmt.c.obj)
 .text.core_config
                0x0000000000005174       0x1c zephyr/boards/nordic/nrf5340_audio_dk/libboards__nordic__nrf5340_audio_dk.a(nrf5340_audio_dk_config.c.obj)
 .text.get_hf_flags
                0x0000000000005190        0x8 zephyr/drivers/clock_control/libdrivers__clock_control.a(clock_control_nrf.c.obj)
 .text.get_subsys
                0x0000000000005198        0xc zephyr/drivers/clock_control/libdrivers__clock_control.a(clock_control_nrf.c.obj)
 .text.onoff_start
                0x00000000000051a4       0x34 zephyr/drivers/clock_control/libdrivers__clock_control.a(clock_control_nrf.c.obj)
 .text.generic_hfclk_stop
                0x00000000000051d8       0x34 zephyr/drivers/clock_control/libdrivers__clock_control.a(clock_control_nrf.c.obj)
 .text.sys_notify_init_spinwait
                0x000000000000520c       0x38 zephyr/drivers/clock_control/libdrivers__clock_control.a(clock_control_nrf.c.obj)
 .text.nrf_clock_is_running
                0x0000000000005244       0x84 zephyr/drivers/clock_control/libdrivers__clock_control.a(clock_control_nrf.c.obj)
 .text.generic_hfclk_start
                0x00000000000052c8       0x70 zephyr/drivers/clock_control/libdrivers__clock_control.a(clock_control_nrf.c.obj)
 .text.get_status
                0x0000000000005338       0x38 zephyr/drivers/clock_control/libdrivers__clock_control.a(clock_control_nrf.c.obj)
 .text.stop     0x0000000000005370       0x54 zephyr/drivers/clock_control/libdrivers__clock_control.a(clock_control_nrf.c.obj)
 .text.onoff_stop
                0x00000000000053c4       0x20 zephyr/drivers/clock_control/libdrivers__clock_control.a(clock_control_nrf.c.obj)
 .text.clock_event_handler
                0x00000000000053e4       0x90 zephyr/drivers/clock_control/libdrivers__clock_control.a(clock_control_nrf.c.obj)
 .text.lfclk_spinwait
                0x0000000000005474       0xd8 zephyr/drivers/clock_control/libdrivers__clock_control.a(clock_control_nrf.c.obj)
 .text.api_blocking_start
                0x000000000000554c       0x38 zephyr/drivers/clock_control/libdrivers__clock_control.a(clock_control_nrf.c.obj)
 .text.clk_init
                0x0000000000005584       0x60 zephyr/drivers/clock_control/libdrivers__clock_control.a(clock_control_nrf.c.obj)
 .text.z_nrf_clock_control_lf_on
                0x00000000000055e4       0x94 zephyr/drivers/clock_control/libdrivers__clock_control.a(clock_control_nrf.c.obj)
                0x00000000000055e4                z_nrf_clock_control_lf_on
 .text.console_out
                0x0000000000005678       0x28 zephyr/drivers/console/libdrivers__console.a(uart_console.c.obj)
 .text.uart_console_hook_install
                0x00000000000056a0       0x18 zephyr/drivers/console/libdrivers__console.a(uart_console.c.obj)
 .text.uart_console_init
                0x00000000000056b8       0x1c zephyr/drivers/console/libdrivers__console.a(uart_console.c.obj)
 .text.get_dev  0x00000000000056d4       0x1c zephyr/drivers/gpio/libdrivers__gpio.a(gpio_nrfx.c.obj)
 .text.gpio_manage_callback
                0x00000000000056f0       0x94 zephyr/drivers/gpio/libdrivers__gpio.a(gpio_nrfx.c.obj)
 .text.nrf_gpio_pin_port_decode
                0x0000000000005784       0x70 zephyr/drivers/gpio/libdrivers__gpio.a(gpio_nrfx.c.obj)
 .text.gpio_fire_callbacks
                0x00000000000057f4       0x70 zephyr/drivers/gpio/libdrivers__gpio.a(gpio_nrfx.c.obj)
 .text.gpio_nrfx_pin_interrupt_configure
                0x0000000000005864       0xe0 zephyr/drivers/gpio/libdrivers__gpio.a(gpio_nrfx.c.obj)
 .text.gpio_nrfx_pin_configure
                0x0000000000005944      0x1e4 zephyr/drivers/gpio/libdrivers__gpio.a(gpio_nrfx.c.obj)
 .text.gpio_nrfx_init
                0x0000000000005b28       0x54 zephyr/drivers/gpio/libdrivers__gpio.a(gpio_nrfx.c.obj)
 .text.z_impl_gpio_pin_configure
                0x0000000000005b7c      0x1a0 zephyr/drivers/gpio/libdrivers__gpio.a(gpio_hogs.c.obj)
 .text.gpio_hogs_init
                0x0000000000005d1c      0x1e0 zephyr/drivers/gpio/libdrivers__gpio.a(gpio_hogs.c.obj)
 .text.nrf_gpio_pin_port_decode
                0x0000000000005efc       0x70 zephyr/drivers/pinctrl/libdrivers__pinctrl.a(pinctrl_nrf.c.obj)
 .text.nrf_gpio_cfg
                0x0000000000005f6c       0x44 zephyr/drivers/pinctrl/libdrivers__pinctrl.a(pinctrl_nrf.c.obj)
 .text.pinctrl_configure_pins
                0x0000000000005fb0      0x254 zephyr/drivers/pinctrl/libdrivers__pinctrl.a(pinctrl_nrf.c.obj)
                0x0000000000005fb0                pinctrl_configure_pins
 .text.nrf_pwm_configure
                0x0000000000006204       0x3c zephyr/drivers/pwm/libdrivers__pwm.a(pwm_nrfx.c.obj)
 .text.nrf_pwm_pin_get
                0x0000000000006240       0x38 zephyr/drivers/pwm/libdrivers__pwm.a(pwm_nrfx.c.obj)
 .text.nrf_gpio_pin_port_decode
                0x0000000000006278       0x70 zephyr/drivers/pwm/libdrivers__pwm.a(pwm_nrfx.c.obj)
 .text.pwm_period_check_and_set
                0x00000000000062e8       0x70 zephyr/drivers/pwm/libdrivers__pwm.a(pwm_nrfx.c.obj)
 .text.pwm_nrfx_set_cycles
                0x0000000000006358      0x148 zephyr/drivers/pwm/libdrivers__pwm.a(pwm_nrfx.c.obj)
 .text.pwm_nrfx_init
                0x00000000000064a0       0xe8 zephyr/drivers/pwm/libdrivers__pwm.a(pwm_nrfx.c.obj)
 .text.gpio_pin_get
                0x0000000000006588       0x58 zephyr/drivers/regulator/libdrivers__regulator.a(regulator_npm1100.c.obj)
 .text.gpio_pin_set_raw
                0x00000000000065e0       0x54 zephyr/drivers/regulator/libdrivers__regulator.a(regulator_npm1100.c.obj)
 .text.gpio_pin_set
                0x0000000000006634       0x54 zephyr/drivers/regulator/libdrivers__regulator.a(regulator_npm1100.c.obj)
 .text.z_impl_gpio_pin_configure
                0x0000000000006688      0x1a0 zephyr/drivers/regulator/libdrivers__regulator.a(regulator_npm1100.c.obj)
 .text.uarte_nrfx_poll_out
                0x0000000000006828       0x68 zephyr/drivers/serial/libdrivers__serial.a(uart_nrfx_uarte.c.obj)
 .text.endtx_stoptx_ppi_init
                0x0000000000006890       0x4c zephyr/drivers/serial/libdrivers__serial.a(uart_nrfx_uarte.c.obj)
 .text.uarte_instance_init
                0x00000000000068dc       0x40 zephyr/drivers/serial/libdrivers__serial.a(uart_nrfx_uarte.c.obj)
 .text.set_comparator
                0x000000000000691c       0x14 zephyr/drivers/timer/libdrivers__timer.a(nrf_rtc_timer.c.obj)
 .text.event_enable
                0x0000000000006930       0x14 zephyr/drivers/timer/libdrivers__timer.a(nrf_rtc_timer.c.obj)
 .text.event_disable
                0x0000000000006944       0x14 zephyr/drivers/timer/libdrivers__timer.a(nrf_rtc_timer.c.obj)
 .text.counter  0x0000000000006958        0xc zephyr/drivers/timer/libdrivers__timer.a(nrf_rtc_timer.c.obj)
 .text.set_alarm
                0x0000000000006964       0x88 zephyr/drivers/timer/libdrivers__timer.a(nrf_rtc_timer.c.obj)
 .text.int_event_disable_rtc
                0x00000000000069ec       0x18 zephyr/drivers/timer/libdrivers__timer.a(nrf_rtc_timer.c.obj)
 .text.nrf_rtc_prescaler_set
                0x0000000000006a04       0x34 zephyr/drivers/timer/libdrivers__timer.a(nrf_rtc_timer.c.obj)
 .text.channel_processing_check_and_clear
                0x0000000000006a38       0x58 zephyr/drivers/timer/libdrivers__timer.a(nrf_rtc_timer.c.obj)
 .text.compare_int_lock
                0x0000000000006a90       0x44 zephyr/drivers/timer/libdrivers__timer.a(nrf_rtc_timer.c.obj)
 .text.sys_clock_timeout_handler
                0x0000000000006ad4       0x50 zephyr/drivers/timer/libdrivers__timer.a(nrf_rtc_timer.c.obj)
 .text.compare_int_unlock
                0x0000000000006b24       0x50 zephyr/drivers/timer/libdrivers__timer.a(nrf_rtc_timer.c.obj)
 .text.z_nrf_rtc_timer_read
                0x0000000000006b74       0x40 zephyr/drivers/timer/libdrivers__timer.a(nrf_rtc_timer.c.obj)
                0x0000000000006b74                z_nrf_rtc_timer_read
 .text.process_channel
                0x0000000000006bb4       0x7c zephyr/drivers/timer/libdrivers__timer.a(nrf_rtc_timer.c.obj)
 .text.rtc_nrf_isr
                0x0000000000006c30       0x40 zephyr/drivers/timer/libdrivers__timer.a(nrf_rtc_timer.c.obj)
                0x0000000000006c30                rtc_nrf_isr
 .text.compare_set_nolocks
                0x0000000000006c70       0xa4 zephyr/drivers/timer/libdrivers__timer.a(nrf_rtc_timer.c.obj)
 .text.sys_clock_driver_init
                0x0000000000006d14       0x9c zephyr/drivers/timer/libdrivers__timer.a(nrf_rtc_timer.c.obj)
 .text.sys_clock_set_timeout
                0x0000000000006db0       0x74 zephyr/drivers/timer/libdrivers__timer.a(nrf_rtc_timer.c.obj)
                0x0000000000006db0                sys_clock_set_timeout
 .text.sys_clock_elapsed
                0x0000000000006e24       0x14 zephyr/drivers/timer/libdrivers__timer.a(nrf_rtc_timer.c.obj)
                0x0000000000006e24                sys_clock_elapsed
 .text.__NVIC_SystemReset
                0x0000000000006e38       0x24 modules/hal_nordic/nrfx/libmodules__hal_nordic__nrfx.a(system_nrf5340_application.c.obj)
 .text.SystemInit
                0x0000000000006e5c      0x1e8 modules/hal_nordic/nrfx/libmodules__hal_nordic__nrfx.a(system_nrf5340_application.c.obj)
                0x0000000000006e5c                SystemInit
 .text.nrfx_flag32_alloc
                0x0000000000007044       0x40 modules/hal_nordic/nrfx/libmodules__hal_nordic__nrfx.a(nrfx_flag32_allocator.c.obj)
                0x0000000000007044                nrfx_flag32_alloc
 .text.nrfx_flag32_free
                0x0000000000007084       0x3c modules/hal_nordic/nrfx/libmodules__hal_nordic__nrfx.a(nrfx_flag32_allocator.c.obj)
                0x0000000000007084                nrfx_flag32_free
 .text.nrfx_gppi_channels_enable
                0x00000000000070c0        0xc modules/hal_nordic/nrfx/libmodules__hal_nordic__nrfx.a(nrfx_gppi_dppi.c.obj)
                0x00000000000070c0                nrfx_gppi_channels_enable
 .text.nrfx_gppi_event_endpoint_setup
                0x00000000000070cc       0x30 modules/hal_nordic/nrfx/libmodules__hal_nordic__nrfx.a(nrfx_gppi_dppi.c.obj)
                0x00000000000070cc                nrfx_gppi_event_endpoint_setup
 .text.nrfx_gppi_task_endpoint_setup
                0x00000000000070fc       0x30 modules/hal_nordic/nrfx/libmodules__hal_nordic__nrfx.a(nrfx_gppi_dppi.c.obj)
                0x00000000000070fc                nrfx_gppi_task_endpoint_setup
 .text.nrfx_gppi_channel_alloc
                0x000000000000712c       0x10 modules/hal_nordic/nrfx/libmodules__hal_nordic__nrfx.a(nrfx_gppi_dppi.c.obj)
                0x000000000000712c                nrfx_gppi_channel_alloc
 .text.nrf_clock_is_running
                0x000000000000713c       0x84 modules/hal_nordic/nrfx/libmodules__hal_nordic__nrfx.a(nrfx_clock.c.obj)
 .text.clock_stop
                0x00000000000071c0       0xb4 modules/hal_nordic/nrfx/libmodules__hal_nordic__nrfx.a(nrfx_clock.c.obj)
 .text.nrfx_clock_init
                0x0000000000007274       0x24 modules/hal_nordic/nrfx/libmodules__hal_nordic__nrfx.a(nrfx_clock.c.obj)
                0x0000000000007274                nrfx_clock_init
 .text.nrfx_clock_enable
                0x0000000000007298       0x54 modules/hal_nordic/nrfx/libmodules__hal_nordic__nrfx.a(nrfx_clock.c.obj)
                0x0000000000007298                nrfx_clock_enable
 .text.nrfx_clock_start
                0x00000000000072ec      0x14c modules/hal_nordic/nrfx/libmodules__hal_nordic__nrfx.a(nrfx_clock.c.obj)
                0x00000000000072ec                nrfx_clock_start
 .text.nrfx_clock_stop
                0x0000000000007438       0x38 modules/hal_nordic/nrfx/libmodules__hal_nordic__nrfx.a(nrfx_clock.c.obj)
                0x0000000000007438                nrfx_clock_stop
 .text.nrfx_power_clock_irq_handler
                0x0000000000007470       0xb8 modules/hal_nordic/nrfx/libmodules__hal_nordic__nrfx.a(nrfx_clock.c.obj)
                0x0000000000007470                nrfx_power_clock_irq_handler
 .text.dppi_channel_alloc
                0x0000000000007528       0x14 modules/hal_nordic/nrfx/libmodules__hal_nordic__nrfx.a(nrfx_dppi.c.obj)
 .text.nrf_gpio_latches_read_and_clear
                0x000000000000753c       0x40 modules/hal_nordic/nrfx/libmodules__hal_nordic__nrfx.a(nrfx_gpiote.c.obj)
 .text.get_pin_idx
                0x000000000000757c       0x14 modules/hal_nordic/nrfx/libmodules__hal_nordic__nrfx.a(nrfx_gpiote.c.obj)
 .text.get_cb   0x0000000000007590        0x8 modules/hal_nordic/nrfx/libmodules__hal_nordic__nrfx.a(nrfx_gpiote.c.obj)
 .text.latch_pending_read_and_check
                0x0000000000007598       0x50 modules/hal_nordic/nrfx/libmodules__hal_nordic__nrfx.a(nrfx_gpiote.c.obj)
 .text.nrf_gpio_pin_port_decode
                0x00000000000075e8       0x70 modules/hal_nordic/nrfx/libmodules__hal_nordic__nrfx.a(nrfx_gpiote.c.obj)
 .text.gpiote_output_configure
                0x0000000000007658       0xfc modules/hal_nordic/nrfx/libmodules__hal_nordic__nrfx.a(nrfx_gpiote.c.obj)
 .text.nrf_gpio_cfg_default
                0x0000000000007754       0x2c modules/hal_nordic/nrfx/libmodules__hal_nordic__nrfx.a(nrfx_gpiote.c.obj)
 .text.gpiote_channel_get
                0x0000000000007780       0x60 modules/hal_nordic/nrfx/libmodules__hal_nordic__nrfx.a(nrfx_gpiote.c.obj)
 .text.nrf_gpiote_in_event_get
                0x00000000000077e0       0x34 modules/hal_nordic/nrfx/libmodules__hal_nordic__nrfx.a(nrfx_gpiote.c.obj)
 .text.pin_trigger_enable
                0x0000000000007814       0xc4 modules/hal_nordic/nrfx/libmodules__hal_nordic__nrfx.a(nrfx_gpiote.c.obj)
 .text.release_handler
                0x00000000000078d8       0x84 modules/hal_nordic/nrfx/libmodules__hal_nordic__nrfx.a(nrfx_gpiote.c.obj)
 .text.pin_handler_set
                0x000000000000795c       0x88 modules/hal_nordic/nrfx/libmodules__hal_nordic__nrfx.a(nrfx_gpiote.c.obj)
 .text.gpiote_input_configure
                0x00000000000079e4      0x170 modules/hal_nordic/nrfx/libmodules__hal_nordic__nrfx.a(nrfx_gpiote.c.obj)
 .text.pin_uninit
                0x0000000000007b54       0x34 modules/hal_nordic/nrfx/libmodules__hal_nordic__nrfx.a(nrfx_gpiote.c.obj)
 .text.gpiote_init
                0x0000000000007b88       0x80 modules/hal_nordic/nrfx/libmodules__hal_nordic__nrfx.a(nrfx_gpiote.c.obj)
 .text.port_event_handle
                0x0000000000007c08       0xc4 modules/hal_nordic/nrfx/libmodules__hal_nordic__nrfx.a(nrfx_gpiote.c.obj)
 .text.nrfx_gpiote_0_irq_handler
                0x0000000000007ccc       0x14 modules/hal_nordic/nrfx/libmodules__hal_nordic__nrfx.a(nrfx_gpiote.c.obj)
                0x0000000000007ccc                nrfx_gpiote_0_irq_handler
 .text.pwm_stopped_check
                0x0000000000007ce0       0x48 modules/hal_nordic/nrfx/libmodules__hal_nordic__nrfx.a(nrfx_pwm.c.obj)
 .text.nrf_gpio_pin_port_decode
                0x0000000000007d28       0x70 modules/hal_nordic/nrfx/libmodules__hal_nordic__nrfx.a(nrfx_pwm.c.obj)
 .text.nrf_gpio_cfg_output
                0x0000000000007d98       0x2c modules/hal_nordic/nrfx/libmodules__hal_nordic__nrfx.a(nrfx_pwm.c.obj)
 .text.nrf_pwm_configure
                0x0000000000007dc4       0x3c modules/hal_nordic/nrfx/libmodules__hal_nordic__nrfx.a(nrfx_pwm.c.obj)
 .text.nrf_pwm_seq_ptr_set
                0x0000000000007e00       0x54 modules/hal_nordic/nrfx/libmodules__hal_nordic__nrfx.a(nrfx_pwm.c.obj)
 .text.nrf_pwm_seq_cnt_set
                0x0000000000007e54       0x7c modules/hal_nordic/nrfx/libmodules__hal_nordic__nrfx.a(nrfx_pwm.c.obj)
 .text.nrf_pwm_seq_refresh_set
                0x0000000000007ed0       0x5c modules/hal_nordic/nrfx/libmodules__hal_nordic__nrfx.a(nrfx_pwm.c.obj)
 .text.nrf_pwm_seq_end_delay_set
                0x0000000000007f2c       0x5c modules/hal_nordic/nrfx/libmodules__hal_nordic__nrfx.a(nrfx_pwm.c.obj)
 .text.nrf_pwm_sequence_set
                0x0000000000007f88       0x58 modules/hal_nordic/nrfx/libmodules__hal_nordic__nrfx.a(nrfx_pwm.c.obj)
 .text.nrf_pwm_seqstart_task_get
                0x0000000000007fe0       0x38 modules/hal_nordic/nrfx/libmodules__hal_nordic__nrfx.a(nrfx_pwm.c.obj)
 .text.nrfx_pwm_init
                0x0000000000008018       0x54 modules/hal_nordic/nrfx/libmodules__hal_nordic__nrfx.a(nrfx_pwm.c.obj)
                0x0000000000008018                nrfx_pwm_init
 .text.nrfx_pwm_simple_playback
                0x000000000000806c       0xec modules/hal_nordic/nrfx/libmodules__hal_nordic__nrfx.a(nrfx_pwm.c.obj)
                0x000000000000806c                nrfx_pwm_simple_playback
 .text.nrfx_pwm_stop
                0x0000000000008158       0x78 modules/hal_nordic/nrfx/libmodules__hal_nordic__nrfx.a(nrfx_pwm.c.obj)
                0x0000000000008158                nrfx_pwm_stop
 .text.nrfx_pwm_stopped_check
                0x00000000000081d0       0x44 modules/hal_nordic/nrfx/libmodules__hal_nordic__nrfx.a(nrfx_pwm.c.obj)
                0x00000000000081d0                nrfx_pwm_stopped_check
 .text.nrfx_pwm_0_irq_handler
                0x0000000000008214       0x14 modules/hal_nordic/nrfx/libmodules__hal_nordic__nrfx.a(nrfx_pwm.c.obj)
                0x0000000000008214                nrfx_pwm_0_irq_handler
 .text.z_device_state_init
                0x0000000000008228       0x4c zephyr/kernel/libkernel.a(device.c.obj)
                0x0000000000008228                z_device_state_init
 .text.reason_to_str
                0x0000000000008274       0x40 zephyr/kernel/libkernel.a(fatal.c.obj)
 .text.thread_name_get
                0x00000000000082b4       0x20 zephyr/kernel/libkernel.a(fatal.c.obj)
 .text.k_sys_fatal_error_handler
                0x00000000000082d4       0x20 zephyr/kernel/libkernel.a(fatal.c.obj)
                0x00000000000082d4                k_sys_fatal_error_handler
 .text.z_fatal_error
                0x00000000000082f4      0x258 zephyr/kernel/libkernel.a(fatal.c.obj)
                0x00000000000082f4                z_fatal_error
 .text.z_sys_init_run_level
                0x000000000000854c       0x34 zephyr/kernel/libkernel.a(init.c.obj)
 .text.init_idle_thread
                0x0000000000008580       0x60 zephyr/kernel/libkernel.a(init.c.obj)
 .text.thread_schedule_new
                0x00000000000085e0       0x1c zephyr/kernel/libkernel.a(init.c.obj)
 .text.z_init_static_threads
                0x00000000000085fc       0xc4 zephyr/kernel/libkernel.a(init.c.obj)
 .text.bg_thread_main
                0x00000000000086c0       0x38 zephyr/kernel/libkernel.a(init.c.obj)
 .text.switch_to_main_thread
                0x00000000000086f8       0x14 zephyr/kernel/libkernel.a(init.c.obj)
 .text.z_bss_zero
                0x000000000000870c       0x18 zephyr/kernel/libkernel.a(init.c.obj)
                0x000000000000870c                z_bss_zero
 .text.z_init_cpu
                0x0000000000008724       0x50 zephyr/kernel/libkernel.a(init.c.obj)
                0x0000000000008724                z_init_cpu
 .text.prepare_multithreading
                0x0000000000008774       0x60 zephyr/kernel/libkernel.a(init.c.obj)
 .text.z_cstart
                0x00000000000087d4       0x90 zephyr/kernel/libkernel.a(init.c.obj)
                0x00000000000087d4                z_cstart
 .text.idle     0x0000000000008864       0x48 zephyr/kernel/libkernel.a(idle.c.obj)
                0x0000000000008864                idle
 .text.arch_spin_relax
                0x00000000000088ac       0x44 zephyr/kernel/libkernel.a(idle.c.obj)
                0x00000000000088ac                arch_spin_relax
 .text.unpend_thread_no_timeout
                0x00000000000088f0       0x44 zephyr/kernel/libkernel.a(sem.c.obj)
 .text.z_impl_k_sem_give
                0x0000000000008934      0x138 zephyr/kernel/libkernel.a(sem.c.obj)
                0x0000000000008934                z_impl_k_sem_give
 .text.z_impl_k_sem_take
                0x0000000000008a6c      0x124 zephyr/kernel/libkernel.a(sem.c.obj)
                0x0000000000008a6c                z_impl_k_sem_take
 .text.queue_submit_locked
                0x0000000000008b90       0x7c zephyr/kernel/libkernel.a(work.c.obj)
 .text.submit_to_queue_locked
                0x0000000000008c0c       0x88 zephyr/kernel/libkernel.a(work.c.obj)
 .text.finalize_cancel_locked
                0x0000000000008c94       0x5c zephyr/kernel/libkernel.a(work.c.obj)
 .text.work_queue_main
                0x0000000000008cf0      0x230 zephyr/kernel/libkernel.a(work.c.obj)
 .text.z_work_submit_to_queue
                0x0000000000008f20       0xe8 zephyr/kernel/libkernel.a(work.c.obj)
                0x0000000000008f20                z_work_submit_to_queue
 .text.k_work_submit
                0x0000000000009008       0x10 zephyr/kernel/libkernel.a(work.c.obj)
                0x0000000000009008                k_work_submit
 .text.k_work_queue_start
                0x0000000000009018      0x100 zephyr/kernel/libkernel.a(work.c.obj)
                0x0000000000009018                k_work_queue_start
 .text.thread_schedule_new
                0x0000000000009118       0x1c zephyr/kernel/libkernel.a(thread.c.obj)
 .text.z_check_stack_sentinel
                0x0000000000009134       0x34 zephyr/kernel/libkernel.a(thread.c.obj)
                0x0000000000009134                z_check_stack_sentinel
 .text.z_setup_new_thread
                0x0000000000009168       0xcc zephyr/kernel/libkernel.a(thread.c.obj)
                0x0000000000009168                z_setup_new_thread
 .text.z_impl_k_thread_create
                0x0000000000009234       0x7c zephyr/kernel/libkernel.a(thread.c.obj)
                0x0000000000009234                z_impl_k_thread_create
 .text.z_thread_mark_switched_in
                0x00000000000092b0       0x10 zephyr/kernel/libkernel.a(thread.c.obj)
                0x00000000000092b0                z_thread_mark_switched_in
 .text.unpend_thread_no_timeout
                0x00000000000092c0       0x44 zephyr/kernel/libkernel.a(sched.c.obj)
 .text.z_sched_lock
                0x0000000000009304       0x68 zephyr/kernel/libkernel.a(sched.c.obj)
 .text.ready_thread
                0x000000000000936c      0x110 zephyr/kernel/libkernel.a(sched.c.obj)
 .text.unready_thread
                0x000000000000947c       0xbc zephyr/kernel/libkernel.a(sched.c.obj)
 .text.z_swap_irqlock
                0x0000000000009538       0x3c zephyr/kernel/libkernel.a(sched.c.obj)
 .text.thread_halt_spin
                0x0000000000009574      0x16c zephyr/kernel/libkernel.a(sched.c.obj)
 .text.add_thread_timeout
                0x00000000000096e0       0x20 zephyr/kernel/libkernel.a(sched.c.obj)
 .text.move_thread_to_end_of_prio_q
                0x0000000000009700      0x138 zephyr/kernel/libkernel.a(sched.c.obj)
                0x0000000000009700                move_thread_to_end_of_prio_q
 .text.z_ready_thread
                0x0000000000009838       0xa8 zephyr/kernel/libkernel.a(sched.c.obj)
                0x0000000000009838                z_ready_thread
 .text.z_unpend_thread_no_timeout
                0x00000000000098e0       0xa4 zephyr/kernel/libkernel.a(sched.c.obj)
                0x00000000000098e0                z_unpend_thread_no_timeout
 .text.z_sched_wake_thread
                0x0000000000009984       0xbc zephyr/kernel/libkernel.a(sched.c.obj)
                0x0000000000009984                z_sched_wake_thread
 .text.z_pend_curr
                0x0000000000009a40      0x100 zephyr/kernel/libkernel.a(sched.c.obj)
                0x0000000000009a40                z_pend_curr
 .text.z_unpend1_no_timeout
                0x0000000000009b40       0xb0 zephyr/kernel/libkernel.a(sched.c.obj)
                0x0000000000009b40                z_unpend1_no_timeout
 .text.z_reschedule
                0x0000000000009bf0       0x90 zephyr/kernel/libkernel.a(sched.c.obj)
                0x0000000000009bf0                z_reschedule
 .text.z_reschedule_irqlock
                0x0000000000009c80       0x2c zephyr/kernel/libkernel.a(sched.c.obj)
                0x0000000000009c80                z_reschedule_irqlock
 .text.k_sched_lock
                0x0000000000009cac       0x98 zephyr/kernel/libkernel.a(sched.c.obj)
                0x0000000000009cac                k_sched_lock
 .text.k_sched_unlock
                0x0000000000009d44      0x168 zephyr/kernel/libkernel.a(sched.c.obj)
                0x0000000000009d44                k_sched_unlock
 .text.z_sched_init
                0x0000000000009eac       0x10 zephyr/kernel/libkernel.a(sched.c.obj)
                0x0000000000009eac                z_sched_init
 .text.z_impl_k_yield
                0x0000000000009ebc      0x144 zephyr/kernel/libkernel.a(sched.c.obj)
                0x0000000000009ebc                z_impl_k_yield
 .text.z_tick_sleep
                0x000000000000a000      0x13c zephyr/kernel/libkernel.a(sched.c.obj)
 .text.z_impl_k_sleep
                0x000000000000a13c       0x8c zephyr/kernel/libkernel.a(sched.c.obj)
                0x000000000000a13c                z_impl_k_sleep
 .text.z_impl_k_wakeup
                0x000000000000a1c8       0xec zephyr/kernel/libkernel.a(sched.c.obj)
                0x000000000000a1c8                z_impl_k_wakeup
 .text.z_impl_k_sched_current_thread_query
                0x000000000000a2b4        0xc zephyr/kernel/libkernel.a(sched.c.obj)
                0x000000000000a2b4                z_impl_k_sched_current_thread_query
 .text.z_thread_abort
                0x000000000000a2c0      0x2c4 zephyr/kernel/libkernel.a(sched.c.obj)
                0x000000000000a2c0                z_thread_abort
 .text.z_sched_wake
                0x000000000000a584       0xd0 zephyr/kernel/libkernel.a(sched.c.obj)
                0x000000000000a584                z_sched_wake
 .text.z_sched_wait
                0x000000000000a654       0x28 zephyr/kernel/libkernel.a(sched.c.obj)
                0x000000000000a654                z_sched_wait
 .text.slice_timeout
                0x000000000000a67c       0x6c zephyr/kernel/libkernel.a(timeslicing.c.obj)
 .text.thread_is_sliceable
                0x000000000000a6e8       0x4c zephyr/kernel/libkernel.a(timeslicing.c.obj)
                0x000000000000a6e8                thread_is_sliceable
 .text.z_reset_time_slice
                0x000000000000a734       0x50 zephyr/kernel/libkernel.a(timeslicing.c.obj)
                0x000000000000a734                z_reset_time_slice
 .text.z_time_slice
                0x000000000000a784      0x10c zephyr/kernel/libkernel.a(timeslicing.c.obj)
                0x000000000000a784                z_time_slice
 .text.z_spin_lock_valid
                0x000000000000a890       0x20 zephyr/kernel/libkernel.a(spinlock_validate.c.obj)
                0x000000000000a890                z_spin_lock_valid
 .text.z_spin_unlock_valid
                0x000000000000a8b0       0x34 zephyr/kernel/libkernel.a(spinlock_validate.c.obj)
                0x000000000000a8b0                z_spin_unlock_valid
 .text.z_spin_lock_set_owner
                0x000000000000a8e4       0x10 zephyr/kernel/libkernel.a(spinlock_validate.c.obj)
                0x000000000000a8e4                z_spin_lock_set_owner
 .text.z_data_copy
                0x000000000000a8f4       0x34 zephyr/kernel/libkernel.a(xip.c.obj)
                0x000000000000a8f4                z_data_copy
 .text.first    0x000000000000a928       0x14 zephyr/kernel/libkernel.a(timeout.c.obj)
 .text.next     0x000000000000a93c       0x18 zephyr/kernel/libkernel.a(timeout.c.obj)
 .text.elapsed  0x000000000000a954       0x18 zephyr/kernel/libkernel.a(timeout.c.obj)
 .text.z_add_timeout
                0x000000000000a96c      0x1a8 zephyr/kernel/libkernel.a(timeout.c.obj)
                0x000000000000a96c                z_add_timeout
 .text.z_abort_timeout
                0x000000000000ab14       0xc8 zephyr/kernel/libkernel.a(timeout.c.obj)
                0x000000000000ab14                z_abort_timeout
 .text.sys_clock_announce
                0x000000000000abdc      0x190 zephyr/kernel/libkernel.a(timeout.c.obj)
                0x000000000000abdc                sys_clock_announce
 .text.sys_clock_tick_get
                0x000000000000ad6c       0xb0 zephyr/kernel/libkernel.a(timeout.c.obj)
                0x000000000000ad6c                sys_clock_tick_get
 .text.z_timer_expiration_handler
                0x000000000000ae1c      0x220 zephyr/kernel/libkernel.a(timer.c.obj)
                0x000000000000ae1c                z_timer_expiration_handler
 .text.z_impl_k_timer_start
                0x000000000000b03c      0x120 zephyr/kernel/libkernel.a(timer.c.obj)
                0x000000000000b03c                z_impl_k_timer_start
 .text.z_sched_usage_start
                0x000000000000b15c       0x10 zephyr/kernel/libkernel.a(usage.c.obj)
                0x000000000000b15c                z_sched_usage_start
 .text.z_sched_usage_stop
                0x000000000000b16c       0xc0 zephyr/kernel/libkernel.a(usage.c.obj)
                0x000000000000b16c                z_sched_usage_stop
 .text.boot_banner
                0x000000000000b22c       0x10 zephyr/kernel/libkernel.a(banner.c.obj)
                0x000000000000b22c                boot_banner
 .text.k_sys_work_q_init
                0x000000000000b23c       0x38 zephyr/kernel/libkernel.a(system_work_q.c.obj)
 .text.memset   0x000000000000b274       0xa8 /opt/nordic/ncs/toolchains/b8efef2ad5/opt/zephyr-sdk/arm-zephyr-eabi/arm-zephyr-eabi/lib/thumb/v8-m.main/nofp/libc.a(lib_a-memset.o)
                0x000000000000b274                memset
 .text.strlen   0x000000000000b31c       0x5c /opt/nordic/ncs/toolchains/b8efef2ad5/opt/zephyr-sdk/arm-zephyr-eabi/arm-zephyr-eabi/lib/thumb/v8-m.main/nofp/libc.a(lib_a-strlen-stub.o)
                0x000000000000b31c                strlen
 .text.strnlen  0x000000000000b378       0x24 /opt/nordic/ncs/toolchains/b8efef2ad5/opt/zephyr-sdk/arm-zephyr-eabi/arm-zephyr-eabi/lib/thumb/v8-m.main/nofp/libc.a(lib_a-strnlen.o)
                0x000000000000b378                strnlen
 .text.two_way_long_needle
                0x000000000000b39c      0x2a4 /opt/nordic/ncs/toolchains/b8efef2ad5/opt/zephyr-sdk/arm-zephyr-eabi/arm-zephyr-eabi/lib/thumb/v8-m.main/nofp/libc.a(lib_a-strstr.o)
 .text.strstr   0x000000000000b640      0x178 /opt/nordic/ncs/toolchains/b8efef2ad5/opt/zephyr-sdk/arm-zephyr-eabi/arm-zephyr-eabi/lib/thumb/v8-m.main/nofp/libc.a(lib_a-strstr.o)
                0x000000000000b640                strstr
 .text._strtoul_l.constprop.0
                0x000000000000b7b8      0x11c /opt/nordic/ncs/toolchains/b8efef2ad5/opt/zephyr-sdk/arm-zephyr-eabi/arm-zephyr-eabi/lib/thumb/v8-m.main/nofp/libc.a(lib_a-strtoul.o)
 .text.strtoul  0x000000000000b8d4       0x18 /opt/nordic/ncs/toolchains/b8efef2ad5/opt/zephyr-sdk/arm-zephyr-eabi/arm-zephyr-eabi/lib/thumb/v8-m.main/nofp/libc.a(lib_a-strtoul.o)
                0x000000000000b8d4                strtoul
 .text.memcmp   0x000000000000b8ec       0x60 /opt/nordic/ncs/toolchains/b8efef2ad5/opt/zephyr-sdk/arm-zephyr-eabi/arm-zephyr-eabi/lib/thumb/v8-m.main/nofp/libc.a(lib_a-memcmp.o)
                0x000000000000b8ec                memcmp
 .text.strchr   0x000000000000b94c       0xd0 /opt/nordic/ncs/toolchains/b8efef2ad5/opt/zephyr-sdk/arm-zephyr-eabi/arm-zephyr-eabi/lib/thumb/v8-m.main/nofp/libc.a(lib_a-strchr.o)
                0x000000000000b94c                strchr
 .text._OffsetAbsSyms
                0x000000000000ba1c        0x2 zephyr/CMakeFiles/offsets.dir/./arch/arm/core/offsets/offsets.c.obj
                0x000000000000ba1c                _OffsetAbsSyms
 .text.gpio_pin_configure_dt
                0x000000000000ba1e       0x16 app/libapp.a(led.c.obj)
 .text.led_off  0x000000000000ba34        0xc app/libapp.a(led.c.obj)
                0x000000000000ba34                led_off
 .text.cbprintf_via_va_list
                0x000000000000ba40        0xe zephyr/libzephyr.a(cbprintf_packaged.c.obj)
 .text.is_fmt_spec
                0x000000000000ba4e        0xe zephyr/libzephyr.a(cbprintf_packaged.c.obj)
 .text.append_string
                0x000000000000ba5c       0x2c zephyr/libzephyr.a(cbprintf_packaged.c.obj)
 .text.cbpprintf_external
                0x000000000000ba88       0x60 zephyr/libzephyr.a(cbprintf_packaged.c.obj)
                0x000000000000ba88                cbpprintf_external
 .text.is_ptr   0x000000000000bae8       0x4e zephyr/libzephyr.a(cbprintf_packaged.c.obj)
                0x000000000000bae8                is_ptr
 .text.arch_printk_char_out
                0x000000000000bb36        0x4 zephyr/libzephyr.a(printk.c.obj)
                0x000000000000bb36                arch_printk_char_out
 .text.str_out  0x000000000000bb3a       0x2e zephyr/libzephyr.a(printk.c.obj)
 .text.vprintk  0x000000000000bb68        0x8 zephyr/libzephyr.a(printk.c.obj)
                0x000000000000bb68                vprintk
 .text.printk   0x000000000000bb70       0x1c zephyr/libzephyr.a(printk.c.obj)
                0x000000000000bb70                printk
 .text.snprintk
                0x000000000000bb8c       0x1c zephyr/libzephyr.a(printk.c.obj)
                0x000000000000bb8c                snprintk
 .text.z_thread_entry
                0x000000000000bba8       0x14 zephyr/libzephyr.a(thread_entry.c.obj)
                0x000000000000bba8                z_thread_entry
 .text.extract_width
                0x000000000000bbbc       0x5e zephyr/libzephyr.a(cbprintf_complete.c.obj)
 .text.extract_prec
                0x000000000000bc1a       0x64 zephyr/libzephyr.a(cbprintf_complete.c.obj)
 .text.extract_length
                0x000000000000bc7e       0xce zephyr/libzephyr.a(cbprintf_complete.c.obj)
 .text.extract_specifier
                0x000000000000bd4c      0x122 zephyr/libzephyr.a(cbprintf_complete.c.obj)
 .text.extract_conversion
                0x000000000000be6e       0x44 zephyr/libzephyr.a(cbprintf_complete.c.obj)
 .text.conversion_radix
                0x000000000000beb2       0x2a zephyr/libzephyr.a(cbprintf_complete.c.obj)
 .text.store_count
                0x000000000000bedc       0x3e zephyr/libzephyr.a(cbprintf_complete.c.obj)
 .text.outs     0x000000000000bf1a       0x30 zephyr/libzephyr.a(cbprintf_complete.c.obj)
 .text.assert_post_action
                0x000000000000bf4a       0x12 zephyr/libzephyr.a(assert.c.obj)
                0x000000000000bf4a                assert_post_action
 .text.assert_print
                0x000000000000bf5c       0x1c zephyr/libzephyr.a(assert.c.obj)
                0x000000000000bf5c                assert_print
 .text.free_space
                0x000000000000bf78       0x28 zephyr/libzephyr.a(mpsc_pbuf.c.obj)
 .text.available
                0x000000000000bfa0       0x24 zephyr/libzephyr.a(mpsc_pbuf.c.obj)
 .text.get_usage
                0x000000000000bfc4       0x24 zephyr/libzephyr.a(mpsc_pbuf.c.obj)
 .text.max_utilization_update
                0x000000000000bfe8       0x26 zephyr/libzephyr.a(mpsc_pbuf.c.obj)
 .text.rd_idx_inc
                0x000000000000c00e       0x26 zephyr/libzephyr.a(mpsc_pbuf.c.obj)
 .text.add_skip_item
                0x000000000000c034       0x66 zephyr/libzephyr.a(mpsc_pbuf.c.obj)
 .text.drop_item_locked
                0x000000000000c09a      0x12a zephyr/libzephyr.a(mpsc_pbuf.c.obj)
 .text.post_drop_action
                0x000000000000c1c4       0x62 zephyr/libzephyr.a(mpsc_pbuf.c.obj)
 .text.set_state
                0x000000000000c226       0x10 zephyr/libzephyr.a(onoff.c.obj)
 .text.notify_monitors
                0x000000000000c236       0x44 zephyr/libzephyr.a(onoff.c.obj)
 .text.process_recheck
                0x000000000000c27a       0x32 zephyr/libzephyr.a(onoff.c.obj)
 .text.validate_args
                0x000000000000c2ac       0x2a zephyr/libzephyr.a(onoff.c.obj)
 .text.notify_one
                0x000000000000c2d6       0x26 zephyr/libzephyr.a(onoff.c.obj)
 .text.notify_all
                0x000000000000c2fc       0x2e zephyr/libzephyr.a(onoff.c.obj)
 .text.onoff_manager_init
                0x000000000000c32a       0x38 zephyr/libzephyr.a(onoff.c.obj)
                0x000000000000c32a                onoff_manager_init
 .text.sys_notify_validate
                0x000000000000c362       0x2e zephyr/libzephyr.a(notify.c.obj)
                0x000000000000c362                sys_notify_validate
 .text._ConfigAbsSyms
                0x000000000000c390        0x2 zephyr/libzephyr.a(configs.c.obj)
                0x000000000000c390                _ConfigAbsSyms
 .text.log_msg_generic_get_wlen
                0x000000000000c392       0x20 zephyr/libzephyr.a(log_core.c.obj)
 .text.dummy_timestamp
                0x000000000000c3b2        0x4 zephyr/libzephyr.a(log_core.c.obj)
 .text.msg_filter_check
                0x000000000000c3b6        0x4 zephyr/libzephyr.a(log_core.c.obj)
 .text.default_get_timestamp
                0x000000000000c3ba        0x8 zephyr/libzephyr.a(log_core.c.obj)
 .text.k_msleep
                0x000000000000c3c2       0x2c zephyr/libzephyr.a(log_core.c.obj)
 .text.msg_alloc
                0x000000000000c3ee        0xc zephyr/libzephyr.a(log_core.c.obj)
 .text.msg_free
                0x000000000000c3fa        0x8 zephyr/libzephyr.a(log_core.c.obj)
 .text.msg_pending
                0x000000000000c402        0x8 zephyr/libzephyr.a(log_core.c.obj)
 .text.z_log_vprintk
                0x000000000000c40a       0x1e zephyr/libzephyr.a(log_core.c.obj)
                0x000000000000c40a                z_log_vprintk
 .text.z_log_notify_drop
                0x000000000000c428        0xa zephyr/libzephyr.a(log_core.c.obj)
 .text.z_log_msg_claim
                0x000000000000c432        0x8 zephyr/libzephyr.a(log_core.c.obj)
                0x000000000000c432                z_log_msg_claim
 .text.msg_commit
                0x000000000000c43a        0xc zephyr/libzephyr.a(log_core.c.obj)
 .text.z_log_get_tag
                0x000000000000c446        0x4 zephyr/libzephyr.a(log_core.c.obj)
                0x000000000000c446                z_log_get_tag
 .text.z_cbprintf_cpy
                0x000000000000c44a       0x2c zephyr/libzephyr.a(log_msg.c.obj)
 .text.z_log_msg_finalize
                0x000000000000c476       0x2e zephyr/libzephyr.a(log_msg.c.obj)
                0x000000000000c476                z_log_msg_finalize
 .text.z_log_msg_simple_create
                0x000000000000c4a4       0x62 zephyr/libzephyr.a(log_msg.c.obj)
 .text.z_impl_z_log_msg_simple_create_0
                0x000000000000c506       0x14 zephyr/libzephyr.a(log_msg.c.obj)
                0x000000000000c506                z_impl_z_log_msg_simple_create_0
 .text.z_impl_z_log_msg_simple_create_1
                0x000000000000c51a       0x16 zephyr/libzephyr.a(log_msg.c.obj)
                0x000000000000c51a                z_impl_z_log_msg_simple_create_1
 .text.z_impl_z_log_msg_simple_create_2
                0x000000000000c530       0x1a zephyr/libzephyr.a(log_msg.c.obj)
                0x000000000000c530                z_impl_z_log_msg_simple_create_2
 .text.z_log_msg_static_create
                0x000000000000c54a        0x8 zephyr/libzephyr.a(log_msg.c.obj)
 .text.log_output_flush
                0x000000000000c552       0x2e zephyr/libzephyr.a(log_output.c.obj)
 .text.cr_out_func
                0x000000000000c580       0x1e zephyr/libzephyr.a(log_output.c.obj)
 .text.cbvprintf
                0x000000000000c59e       0x10 zephyr/libzephyr.a(log_output.c.obj)
 .text.color_prefix
                0x000000000000c5ae        0xc zephyr/libzephyr.a(log_output.c.obj)
 .text.color_postfix
                0x000000000000c5ba        0xc zephyr/libzephyr.a(log_output.c.obj)
 .text.postfix_print
                0x000000000000c5c6       0x18 zephyr/libzephyr.a(log_output.c.obj)
 .text.log_msg_hexdump
                0x000000000000c5de       0x36 zephyr/libzephyr.a(log_output.c.obj)
 .text.log_output_msg_process
                0x000000000000c614       0x66 zephyr/libzephyr.a(log_output.c.obj)
                0x000000000000c614                log_output_msg_process
 .text.log_output_flush
                0x000000000000c67a       0x2e zephyr/libzephyr.a(log_backend_uart.c.obj)
 .text.format_set
                0x000000000000c6a8        0xc zephyr/libzephyr.a(log_backend_uart.c.obj)
 .text.panic    0x000000000000c6b4       0x14 zephyr/libzephyr.a(log_backend_uart.c.obj)
 .text.dropped  0x000000000000c6c8        0xe zephyr/libzephyr.a(log_backend_uart.c.obj)
 .text.process  0x000000000000c6d6       0x1c zephyr/libzephyr.a(log_backend_uart.c.obj)
 .text.z_do_kernel_oops
                0x000000000000c6f2        0xc zephyr/arch/arch/arm/core/libarch__arm__core.a(fatal.c.obj)
                0x000000000000c6f2                z_do_kernel_oops
 .text.z_arm_nmi
                0x000000000000c6fe        0xc zephyr/arch/arch/arm/core/libarch__arm__core.a(nmi.c.obj)
                0x000000000000c6fe                z_arm_nmi
 .text.memory_fault_recoverable
                0x000000000000c70a        0x4 zephyr/arch/arch/arm/core/cortex_m/libarch__arm__core__cortex_m.a(fault.c.obj)
 .text.fault_handle
                0x000000000000c70e       0x4a zephyr/arch/arch/arm/core/cortex_m/libarch__arm__core__cortex_m.a(fault.c.obj)
 .text.arch_irq_enable
                0x000000000000c758        0xa zephyr/arch/arch/arm/core/cortex_m/libarch__arm__core__cortex_m.a(irq_manage.c.obj)
                0x000000000000c758                arch_irq_enable
 .text.z_irq_spurious
                0x000000000000c762        0xc zephyr/arch/arch/arm/core/cortex_m/libarch__arm__core__cortex_m.a(irq_manage.c.obj)
                0x000000000000c762                z_irq_spurious
 .text.configure_builtin_stack_guard
                0x000000000000c76e        0x8 zephyr/arch/arch/arm/core/cortex_m/libarch__arm__core__cortex_m.a(thread.c.obj)
                0x000000000000c76e                configure_builtin_stack_guard
 .text.arch_irq_unlock_outlined
                0x000000000000c776        0xe zephyr/arch/arch/arm/core/cortex_m/libarch__arm__core__cortex_m.a(thread.c.obj)
                0x000000000000c776                arch_irq_unlock_outlined
 .text.arch_cpu_idle
                0x000000000000c784       0x32 zephyr/arch/arch/arm/core/cortex_m/libarch__arm__core__cortex_m.a(cpu_idle.c.obj)
                0x000000000000c784                arch_cpu_idle
 .text.arch_cpu_atomic_idle
                0x000000000000c7b6       0x38 zephyr/arch/arch/arm/core/cortex_m/libarch__arm__core__cortex_m.a(cpu_idle.c.obj)
                0x000000000000c7b6                arch_cpu_atomic_idle
 .text.arm_cmse_mpu_region_get
                0x000000000000c7ee       0x14 zephyr/arch/arch/arm/core/cortex_m/cmse/libarch__arm__core__cortex_m__cmse.a(arm_core_cmse.c.obj)
                0x000000000000c7ee                arm_cmse_mpu_region_get
 .text.region_init
                0x000000000000c802       0x28 zephyr/arch/arch/arm/core/mpu/libarch__arm__core__mpu.a(arm_mpu.c.obj)
 .text.mpu_partition_is_valid
                0x000000000000c82a       0x24 zephyr/arch/arch/arm/core/mpu/libarch__arm__core__mpu.a(arm_mpu.c.obj)
 .text.get_region_index
                0x000000000000c84e       0x22 zephyr/arch/arch/arm/core/mpu/libarch__arm__core__mpu.a(arm_mpu.c.obj)
 .text.mpu_configure_region
                0x000000000000c870       0x3e zephyr/arch/arch/arm/core/mpu/libarch__arm__core__mpu.a(arm_mpu.c.obj)
 .text._stdout_hook_default
                0x000000000000c8ae        0x6 zephyr/lib/libc/newlib/liblib__libc__newlib.a(libc-hooks.c.obj)
 .text.nrf_gpio_pin_present_check
                0x000000000000c8b4       0x24 zephyr/soc/soc/nrf5340/libsoc__nordic.a(soc.c.obj)
 .text.nrf_gpio_pin_control_select
                0x000000000000c8d8       0x26 zephyr/soc/soc/nrf5340/libsoc__nordic.a(soc.c.obj)
 .text.rtc_pretick_init
                0x000000000000c8fe        0x8 zephyr/soc/soc/nrf5340/libsoc__nordic.a(soc.c.obj)
 .text.z_arm_on_enter_cpu_idle
                0x000000000000c906        0x8 zephyr/soc/soc/nrf5340/libsoc__nordic.a(soc.c.obj)
                0x000000000000c906                z_arm_on_enter_cpu_idle
 .text.arch_busy_wait
                0x000000000000c90e        0x8 zephyr/soc/soc/nrf5340/libsoc__nordic.a(soc.c.obj)
                0x000000000000c90e                arch_busy_wait
 .text.nrf53_errata_161
                0x000000000000c916       0x28 zephyr/soc/soc/nrf5340/libsoc__nordic.a(nrf53_cpunet_mgmt.c.obj)
 .text.onoff_stop
                0x000000000000c93e       0x14 zephyr/soc/soc/nrf5340/libsoc__nordic.a(nrf53_cpunet_mgmt.c.obj)
 .text.nrf_reset_network_force_off
                0x000000000000c952       0x46 zephyr/soc/soc/nrf5340/libsoc__nordic.a(nrf53_cpunet_mgmt.c.obj)
 .text.onoff_start
                0x000000000000c998       0x18 zephyr/soc/soc/nrf5340/libsoc__nordic.a(nrf53_cpunet_mgmt.c.obj)
 .text.get_sub_data
                0x000000000000c9b0        0xe zephyr/drivers/clock_control/libdrivers__clock_control.a(clock_control_nrf.c.obj)
 .text.get_sub_config
                0x000000000000c9be        0xc zephyr/drivers/clock_control/libdrivers__clock_control.a(clock_control_nrf.c.obj)
 .text.get_onoff_manager
                0x000000000000c9ca        0x8 zephyr/drivers/clock_control/libdrivers__clock_control.a(clock_control_nrf.c.obj)
 .text.set_off_state
                0x000000000000c9d2       0x30 zephyr/drivers/clock_control/libdrivers__clock_control.a(clock_control_nrf.c.obj)
 .text.set_starting_state
                0x000000000000ca02       0x3a zephyr/drivers/clock_control/libdrivers__clock_control.a(clock_control_nrf.c.obj)
 .text.set_on_state
                0x000000000000ca3c       0x24 zephyr/drivers/clock_control/libdrivers__clock_control.a(clock_control_nrf.c.obj)
 .text.clkstarted_handle
                0x000000000000ca60       0x24 zephyr/drivers/clock_control/libdrivers__clock_control.a(clock_control_nrf.c.obj)
 .text.async_start
                0x000000000000ca84       0x38 zephyr/drivers/clock_control/libdrivers__clock_control.a(clock_control_nrf.c.obj)
 .text.api_start
                0x000000000000cabc       0x10 zephyr/drivers/clock_control/libdrivers__clock_control.a(clock_control_nrf.c.obj)
 .text.onoff_started_callback
                0x000000000000cacc       0x10 zephyr/drivers/clock_control/libdrivers__clock_control.a(clock_control_nrf.c.obj)
 .text.hfclk_start
                0x000000000000cadc        0xa zephyr/drivers/clock_control/libdrivers__clock_control.a(clock_control_nrf.c.obj)
 .text.hfclkaudio_start
                0x000000000000cae6        0xa zephyr/drivers/clock_control/libdrivers__clock_control.a(clock_control_nrf.c.obj)
 .text.hfclk192m_start
                0x000000000000caf0        0xa zephyr/drivers/clock_control/libdrivers__clock_control.a(clock_control_nrf.c.obj)
 .text.lfclk_start
                0x000000000000cafa        0xa zephyr/drivers/clock_control/libdrivers__clock_control.a(clock_control_nrf.c.obj)
 .text.hfclk_stop
                0x000000000000cb04        0xa zephyr/drivers/clock_control/libdrivers__clock_control.a(clock_control_nrf.c.obj)
 .text.hfclkaudio_stop
                0x000000000000cb0e        0xa zephyr/drivers/clock_control/libdrivers__clock_control.a(clock_control_nrf.c.obj)
 .text.hfclk192m_stop
                0x000000000000cb18        0xa zephyr/drivers/clock_control/libdrivers__clock_control.a(clock_control_nrf.c.obj)
 .text.lfclk_stop
                0x000000000000cb22        0xa zephyr/drivers/clock_control/libdrivers__clock_control.a(clock_control_nrf.c.obj)
 .text.api_stop
                0x000000000000cb2c        0xa zephyr/drivers/clock_control/libdrivers__clock_control.a(clock_control_nrf.c.obj)
 .text.k_msleep
                0x000000000000cb36       0x2c zephyr/drivers/clock_control/libdrivers__clock_control.a(clock_control_nrf.c.obj)
 .text.blocking_start_callback
                0x000000000000cb62        0xa zephyr/drivers/clock_control/libdrivers__clock_control.a(clock_control_nrf.c.obj)
 .text.sys_slist_remove
                0x000000000000cb6c       0x26 zephyr/drivers/gpio/libdrivers__gpio.a(gpio_nrfx.c.obj)
 .text.sys_slist_find_and_remove
                0x000000000000cb92       0x20 zephyr/drivers/gpio/libdrivers__gpio.a(gpio_nrfx.c.obj)
 .text.nrf_gpio_pin_present_check
                0x000000000000cbb2       0x24 zephyr/drivers/gpio/libdrivers__gpio.a(gpio_nrfx.c.obj)
 .text.has_gpiote
                0x000000000000cbd6        0xa zephyr/drivers/gpio/libdrivers__gpio.a(gpio_nrfx.c.obj)
 .text.get_pull
                0x000000000000cbe0       0x18 zephyr/drivers/gpio/libdrivers__gpio.a(gpio_nrfx.c.obj)
 .text.gpio_nrfx_gpd_retain_set
                0x000000000000cbf8        0x4 zephyr/drivers/gpio/libdrivers__gpio.a(gpio_nrfx.c.obj)
 .text.gpio_nrfx_gpd_retain_clear
                0x000000000000cbfc        0x4 zephyr/drivers/gpio/libdrivers__gpio.a(gpio_nrfx.c.obj)
 .text.gpio_nrfx_port_get_raw
                0x000000000000cc00        0xc zephyr/drivers/gpio/libdrivers__gpio.a(gpio_nrfx.c.obj)
 .text.gpio_nrfx_port_set_masked_raw
                0x000000000000cc0c       0x32 zephyr/drivers/gpio/libdrivers__gpio.a(gpio_nrfx.c.obj)
 .text.gpio_nrfx_port_set_bits_raw
                0x000000000000cc3e       0x22 zephyr/drivers/gpio/libdrivers__gpio.a(gpio_nrfx.c.obj)
 .text.gpio_nrfx_port_clear_bits_raw
                0x000000000000cc60       0x22 zephyr/drivers/gpio/libdrivers__gpio.a(gpio_nrfx.c.obj)
 .text.gpio_nrfx_port_toggle_bits
                0x000000000000cc82       0x32 zephyr/drivers/gpio/libdrivers__gpio.a(gpio_nrfx.c.obj)
 .text.get_trigger
                0x000000000000ccb4       0x2c zephyr/drivers/gpio/libdrivers__gpio.a(gpio_nrfx.c.obj)
 .text.gpio_nrfx_manage_callback
                0x000000000000cce0        0xc zephyr/drivers/gpio/libdrivers__gpio.a(gpio_nrfx.c.obj)
 .text.nrf_gpio_pin_dir_get
                0x000000000000ccec       0x1e zephyr/drivers/gpio/libdrivers__gpio.a(gpio_nrfx.c.obj)
 .text.nrf_gpio_reconfigure
                0x000000000000cd0a       0xb6 zephyr/drivers/gpio/libdrivers__gpio.a(gpio_nrfx.c.obj)
 .text.nrfx_gpio_handler
                0x000000000000cdc0       0x1e zephyr/drivers/gpio/libdrivers__gpio.a(gpio_nrfx.c.obj)
 .text.pinctrl_lookup_state
                0x000000000000cdde       0x32 zephyr/drivers/pinctrl/libdrivers__pinctrl.a(common.c.obj)
                0x000000000000cdde                pinctrl_lookup_state
 .text.nrf_gpio_pin_present_check
                0x000000000000ce10       0x24 zephyr/drivers/pinctrl/libdrivers__pinctrl.a(pinctrl_nrf.c.obj)
 .text.nrf_gpio_pin_clear
                0x000000000000ce34       0x1a zephyr/drivers/pinctrl/libdrivers__pinctrl.a(pinctrl_nrf.c.obj)
 .text.nrf_gpio_pin_set
                0x000000000000ce4e       0x1a zephyr/drivers/pinctrl/libdrivers__pinctrl.a(pinctrl_nrf.c.obj)
 .text.nrf_gpio_pin_write
                0x000000000000ce68       0x10 zephyr/drivers/pinctrl/libdrivers__pinctrl.a(pinctrl_nrf.c.obj)
 .text.pm_device_driver_init
                0x000000000000ce78       0x24 zephyr/drivers/pwm/libdrivers__pwm.a(pwm_nrfx.c.obj)
 .text.nrf_gpio_pin_present_check
                0x000000000000ce9c       0x24 zephyr/drivers/pwm/libdrivers__pwm.a(pwm_nrfx.c.obj)
 .text.pwm_is_fast
                0x000000000000cec0        0x4 zephyr/drivers/pwm/libdrivers__pwm.a(pwm_nrfx.c.obj)
 .text.seq_values_ptr_get
                0x000000000000cec4        0x6 zephyr/drivers/pwm/libdrivers__pwm.a(pwm_nrfx.c.obj)
 .text.pwm_handler
                0x000000000000ceca        0x2 zephyr/drivers/pwm/libdrivers__pwm.a(pwm_nrfx.c.obj)
 .text.pwm_nrfx_get_cycles_per_sec
                0x000000000000cecc        0xc zephyr/drivers/pwm/libdrivers__pwm.a(pwm_nrfx.c.obj)
 .text.channel_psel_get
                0x000000000000ced8       0x14 zephyr/drivers/pwm/libdrivers__pwm.a(pwm_nrfx.c.obj)
 .text.nrf_gpio_pin_clear
                0x000000000000ceec       0x1a zephyr/drivers/pwm/libdrivers__pwm.a(pwm_nrfx.c.obj)
 .text.nrf_gpio_pin_set
                0x000000000000cf06       0x1a zephyr/drivers/pwm/libdrivers__pwm.a(pwm_nrfx.c.obj)
 .text.nrf_gpio_pin_write
                0x000000000000cf20       0x10 zephyr/drivers/pwm/libdrivers__pwm.a(pwm_nrfx.c.obj)
 .text.nrf_gpio_pin_out_read
                0x000000000000cf30       0x1c zephyr/drivers/pwm/libdrivers__pwm.a(pwm_nrfx.c.obj)
 .text.stop_pwm
                0x000000000000cf4c        0xe zephyr/drivers/pwm/libdrivers__pwm.a(pwm_nrfx.c.obj)
 .text.pwm_nrfx_init0
                0x000000000000cf5a       0x16 zephyr/drivers/pwm/libdrivers__pwm.a(pwm_nrfx.c.obj)
 .text.pinctrl_apply_state
                0x000000000000cf70       0x20 zephyr/drivers/pwm/libdrivers__pwm.a(pwm_nrfx.c.obj)
 .text.pwm_resume
                0x000000000000cf90       0x6a zephyr/drivers/pwm/libdrivers__pwm.a(pwm_nrfx.c.obj)
 .text.pwm_nrfx_pm_action
                0x000000000000cffa       0x12 zephyr/drivers/pwm/libdrivers__pwm.a(pwm_nrfx.c.obj)
 .text.gpio_port_get
                0x000000000000d00c       0x18 zephyr/drivers/regulator/libdrivers__regulator.a(regulator_npm1100.c.obj)
 .text.regulator_npm1100_get_mode
                0x000000000000d024       0x28 zephyr/drivers/regulator/libdrivers__regulator.a(regulator_npm1100.c.obj)
 .text.regulator_npm1100_set_mode
                0x000000000000d04c       0x28 zephyr/drivers/regulator/libdrivers__regulator.a(regulator_npm1100.c.obj)
 .text.gpio_pin_configure_dt
                0x000000000000d074       0x16 zephyr/drivers/regulator/libdrivers__regulator.a(regulator_npm1100.c.obj)
 .text.regulator_npm1100_common_init
                0x000000000000d08a       0x2a zephyr/drivers/regulator/libdrivers__regulator.a(regulator_npm1100.c.obj)
 .text.pm_device_driver_init
                0x000000000000d0b4       0x24 zephyr/drivers/serial/libdrivers__serial.a(uart_nrfx_uarte.c.obj)
 .text.endtx_isr
                0x000000000000d0d8       0x30 zephyr/drivers/serial/libdrivers__serial.a(uart_nrfx_uarte.c.obj)
 .text.uarte_nrfx_isr_int
                0x000000000000d108       0x22 zephyr/drivers/serial/libdrivers__serial.a(uart_nrfx_uarte.c.obj)
 .text.uarte_nrfx_err_check
                0x000000000000d12a        0xe zephyr/drivers/serial/libdrivers__serial.a(uart_nrfx_uarte.c.obj)
 .text.is_tx_ready
                0x000000000000d138       0x28 zephyr/drivers/serial/libdrivers__serial.a(uart_nrfx_uarte.c.obj)
 .text.uarte_periph_enable
                0x000000000000d160       0x26 zephyr/drivers/serial/libdrivers__serial.a(uart_nrfx_uarte.c.obj)
 .text.tx_start
                0x000000000000d186       0x24 zephyr/drivers/serial/libdrivers__serial.a(uart_nrfx_uarte.c.obj)
 .text.uarte_nrfx_poll_in
                0x000000000000d1aa       0x26 zephyr/drivers/serial/libdrivers__serial.a(uart_nrfx_uarte.c.obj)
 .text.k_msleep
                0x000000000000d1d0       0x2c zephyr/drivers/serial/libdrivers__serial.a(uart_nrfx_uarte.c.obj)
 .text.wait_tx_ready
                0x000000000000d1fc       0x4a zephyr/drivers/serial/libdrivers__serial.a(uart_nrfx_uarte.c.obj)
 .text.pinctrl_apply_state
                0x000000000000d246       0x20 zephyr/drivers/serial/libdrivers__serial.a(uart_nrfx_uarte.c.obj)
 .text.uarte_pm_resume
                0x000000000000d266       0x16 zephyr/drivers/serial/libdrivers__serial.a(uart_nrfx_uarte.c.obj)
 .text.uarte_nrfx_pm_action
                0x000000000000d27c       0x14 zephyr/drivers/serial/libdrivers__serial.a(uart_nrfx_uarte.c.obj)
 .text.uarte_tx_path_init
                0x000000000000d290       0x66 zephyr/drivers/serial/libdrivers__serial.a(uart_nrfx_uarte.c.obj)
 .text.uarte_0_init
                0x000000000000d2f6       0x1e zephyr/drivers/serial/libdrivers__serial.a(uart_nrfx_uarte.c.obj)
 .text.__nrfy_internal_rtc_event_handle
                0x000000000000d314       0x3a zephyr/drivers/timer/libdrivers__timer.a(nrf_rtc_timer.c.obj)
 .text.__nrfy_internal_rtc_events_process
                0x000000000000d34e       0x6c zephyr/drivers/timer/libdrivers__timer.a(nrf_rtc_timer.c.obj)
 .text.counter_sub
                0x000000000000d3ba        0x8 zephyr/drivers/timer/libdrivers__timer.a(nrf_rtc_timer.c.obj)
 .text.event_check
                0x000000000000d3c2       0x1a zephyr/drivers/timer/libdrivers__timer.a(nrf_rtc_timer.c.obj)
 .text.event_clear
                0x000000000000d3dc       0x18 zephyr/drivers/timer/libdrivers__timer.a(nrf_rtc_timer.c.obj)
 .text.absolute_time_to_cc
                0x000000000000d3f4        0x6 zephyr/drivers/timer/libdrivers__timer.a(nrf_rtc_timer.c.obj)
 .text.full_int_lock
                0x000000000000d3fa       0x10 zephyr/drivers/timer/libdrivers__timer.a(nrf_rtc_timer.c.obj)
 .text.full_int_unlock
                0x000000000000d40a        0xa zephyr/drivers/timer/libdrivers__timer.a(nrf_rtc_timer.c.obj)
 .text.compare_set
                0x000000000000d414       0x38 zephyr/drivers/timer/libdrivers__timer.a(nrf_rtc_timer.c.obj)
 .text.sys_clock_cycle_get_32
                0x000000000000d44c        0x8 zephyr/drivers/timer/libdrivers__timer.a(nrf_rtc_timer.c.obj)
                0x000000000000d44c                sys_clock_cycle_get_32
 .text.nrf53_errata_42
                0x000000000000d454       0x28 modules/hal_nordic/nrfx/libmodules__hal_nordic__nrfx.a(system_nrf5340_application.c.obj)
 .text.nrf53_errata_46
                0x000000000000d47c       0x30 modules/hal_nordic/nrfx/libmodules__hal_nordic__nrfx.a(system_nrf5340_application.c.obj)
 .text.nrf53_errata_49
                0x000000000000d4ac       0x28 modules/hal_nordic/nrfx/libmodules__hal_nordic__nrfx.a(system_nrf5340_application.c.obj)
 .text.nrf53_errata_55
                0x000000000000d4d4       0x18 modules/hal_nordic/nrfx/libmodules__hal_nordic__nrfx.a(system_nrf5340_application.c.obj)
 .text.nrf53_errata_64
                0x000000000000d4ec       0x28 modules/hal_nordic/nrfx/libmodules__hal_nordic__nrfx.a(system_nrf5340_application.c.obj)
 .text.nrf53_errata_69
                0x000000000000d514       0x28 modules/hal_nordic/nrfx/libmodules__hal_nordic__nrfx.a(system_nrf5340_application.c.obj)
 .text.nrf53_errata_97
                0x000000000000d53c       0x28 modules/hal_nordic/nrfx/libmodules__hal_nordic__nrfx.a(system_nrf5340_application.c.obj)
 .text.nrf53_errata_140
                0x000000000000d564       0x18 modules/hal_nordic/nrfx/libmodules__hal_nordic__nrfx.a(system_nrf5340_application.c.obj)
 .text.nrf53_errata_160
                0x000000000000d57c       0x28 modules/hal_nordic/nrfx/libmodules__hal_nordic__nrfx.a(system_nrf5340_application.c.obj)
 .text.nrfx_isr
                0x000000000000d5a4        0x6 modules/hal_nordic/nrfx/libmodules__hal_nordic__nrfx.a(nrfx_glue.c.obj)
                0x000000000000d5a4                nrfx_isr
 .text.nrfx_busy_wait
                0x000000000000d5aa        0x8 modules/hal_nordic/nrfx/libmodules__hal_nordic__nrfx.a(nrfx_glue.c.obj)
                0x000000000000d5aa                nrfx_busy_wait
 .text.nrfx_gppi_channel_endpoints_setup
                0x000000000000d5b2       0x14 modules/hal_nordic/nrfx/libmodules__hal_nordic__nrfx.a(nrfx_gppi_dppi.c.obj)
                0x000000000000d5b2                nrfx_gppi_channel_endpoints_setup
 .text.clock_initial_lfclksrc_get
                0x000000000000d5c6        0x4 modules/hal_nordic/nrfx/libmodules__hal_nordic__nrfx.a(nrfx_clock.c.obj)
 .text.nrfx_power_clock_irq_init
                0x000000000000d5ca       0x14 modules/hal_nordic/nrfx/libmodules__hal_nordic__nrfx.a(nrfx_clock.c.obj)
 .text.clock_lfclksrc_tweak
                0x000000000000d5de       0x2a modules/hal_nordic/nrfx/libmodules__hal_nordic__nrfx.a(nrfx_clock.c.obj)
 .text.nrfx_dppi_channel_alloc
                0x000000000000d608        0x8 modules/hal_nordic/nrfx/libmodules__hal_nordic__nrfx.a(nrfx_dppi.c.obj)
                0x000000000000d608                nrfx_dppi_channel_alloc
 .text.nrf_gpiote_event_configure
                0x000000000000d610       0x32 modules/hal_nordic/nrfx/libmodules__hal_nordic__nrfx.a(nrfx_gpiote.c.obj)
 .text.nrf_gpiote_task_configure
                0x000000000000d642       0x3e modules/hal_nordic/nrfx/libmodules__hal_nordic__nrfx.a(nrfx_gpiote.c.obj)
 .text.__nrfy_internal_gpiote_event_handle
                0x000000000000d680       0x3a modules/hal_nordic/nrfx/libmodules__hal_nordic__nrfx.a(nrfx_gpiote.c.obj)
 .text.nrf_gpio_pin_present_check
                0x000000000000d6ba       0x24 modules/hal_nordic/nrfx/libmodules__hal_nordic__nrfx.a(nrfx_gpiote.c.obj)
 .text.pin_in_use
                0x000000000000d6de       0x1e modules/hal_nordic/nrfx/libmodules__hal_nordic__nrfx.a(nrfx_gpiote.c.obj)
 .text.pin_in_use_by_te
                0x000000000000d6fc       0x1e modules/hal_nordic/nrfx/libmodules__hal_nordic__nrfx.a(nrfx_gpiote.c.obj)
 .text.pin_has_trigger
                0x000000000000d71a       0x22 modules/hal_nordic/nrfx/libmodules__hal_nordic__nrfx.a(nrfx_gpiote.c.obj)
 .text.pin_is_output
                0x000000000000d73c       0x1e modules/hal_nordic/nrfx/libmodules__hal_nordic__nrfx.a(nrfx_gpiote.c.obj)
 .text.pin_is_task_output
                0x000000000000d75a       0x22 modules/hal_nordic/nrfx/libmodules__hal_nordic__nrfx.a(nrfx_gpiote.c.obj)
 .text.pin_is_input
                0x000000000000d77c        0xe modules/hal_nordic/nrfx/libmodules__hal_nordic__nrfx.a(nrfx_gpiote.c.obj)
 .text.gpiote_polarity_to_trigger
                0x000000000000d78a        0x2 modules/hal_nordic/nrfx/libmodules__hal_nordic__nrfx.a(nrfx_gpiote.c.obj)
 .text.gpiote_trigger_to_polarity
                0x000000000000d78c        0x2 modules/hal_nordic/nrfx/libmodules__hal_nordic__nrfx.a(nrfx_gpiote.c.obj)
 .text.pin_te_get
                0x000000000000d78e       0x1c modules/hal_nordic/nrfx/libmodules__hal_nordic__nrfx.a(nrfx_gpiote.c.obj)
 .text.is_level
                0x000000000000d7aa        0xa modules/hal_nordic/nrfx/libmodules__hal_nordic__nrfx.a(nrfx_gpiote.c.obj)
 .text.handler_in_use
                0x000000000000d7b4       0x3a modules/hal_nordic/nrfx/libmodules__hal_nordic__nrfx.a(nrfx_gpiote.c.obj)
 .text.find_handler
                0x000000000000d7ee       0x34 modules/hal_nordic/nrfx/libmodules__hal_nordic__nrfx.a(nrfx_gpiote.c.obj)
 .text.channel_handler_get
                0x000000000000d822       0x24 modules/hal_nordic/nrfx/libmodules__hal_nordic__nrfx.a(nrfx_gpiote.c.obj)
 .text.gpiote_global_callback_set
                0x000000000000d846       0x1a modules/hal_nordic/nrfx/libmodules__hal_nordic__nrfx.a(nrfx_gpiote.c.obj)
 .text.gpiote_init_check
                0x000000000000d860       0x14 modules/hal_nordic/nrfx/libmodules__hal_nordic__nrfx.a(nrfx_gpiote.c.obj)
 .text.call_handler
                0x000000000000d874       0x26 modules/hal_nordic/nrfx/libmodules__hal_nordic__nrfx.a(nrfx_gpiote.c.obj)
 .text.nrf_gpio_pin_read
                0x000000000000d89a       0x1c modules/hal_nordic/nrfx/libmodules__hal_nordic__nrfx.a(nrfx_gpiote.c.obj)
 .text.get_initial_sense
                0x000000000000d8b6       0x3c modules/hal_nordic/nrfx/libmodules__hal_nordic__nrfx.a(nrfx_gpiote.c.obj)
 .text.nrf_gpio_reconfigure
                0x000000000000d8f2       0xb6 modules/hal_nordic/nrfx/libmodules__hal_nordic__nrfx.a(nrfx_gpiote.c.obj)
 .text.nrf_gpio_cfg_sense_set
                0x000000000000d9a8       0x20 modules/hal_nordic/nrfx/libmodules__hal_nordic__nrfx.a(nrfx_gpiote.c.obj)
 .text.pin_trigger_disable
                0x000000000000d9c8       0x46 modules/hal_nordic/nrfx/libmodules__hal_nordic__nrfx.a(nrfx_gpiote.c.obj)
 .text.nrf_gpio_pin_sense_get
                0x000000000000da0e       0x1e modules/hal_nordic/nrfx/libmodules__hal_nordic__nrfx.a(nrfx_gpiote.c.obj)
 .text.next_sense_cond_call_handler
                0x000000000000da2c       0x6c modules/hal_nordic/nrfx/libmodules__hal_nordic__nrfx.a(nrfx_gpiote.c.obj)
 .text.nrf_gpio_pin_latch_clear
                0x000000000000da98       0x1a modules/hal_nordic/nrfx/libmodules__hal_nordic__nrfx.a(nrfx_gpiote.c.obj)
 .text.__nrfy_internal_gpiote_events_process
                0x000000000000dab2       0x3c modules/hal_nordic/nrfx/libmodules__hal_nordic__nrfx.a(nrfx_gpiote.c.obj)
 .text.pin_channel_alloc
                0x000000000000daee       0x14 modules/hal_nordic/nrfx/libmodules__hal_nordic__nrfx.a(nrfx_gpiote.c.obj)
 .text.pin_handler_trigger_uninit
                0x000000000000db02       0x44 modules/hal_nordic/nrfx/libmodules__hal_nordic__nrfx.a(nrfx_gpiote.c.obj)
 .text.pin_channel_free
                0x000000000000db46       0x14 modules/hal_nordic/nrfx/libmodules__hal_nordic__nrfx.a(nrfx_gpiote.c.obj)
 .text.nrfy_gpiote_int_init
                0x000000000000db5a       0x56 modules/hal_nordic/nrfx/libmodules__hal_nordic__nrfx.a(nrfx_gpiote.c.obj)
 .text.gpiote_evt_handle
                0x000000000000dbb0       0x42 modules/hal_nordic/nrfx/libmodules__hal_nordic__nrfx.a(nrfx_gpiote.c.obj)
 .text.irq_handler
                0x000000000000dbf2       0x34 modules/hal_nordic/nrfx/libmodules__hal_nordic__nrfx.a(nrfx_gpiote.c.obj)
 .text.nrfx_gpiote_input_configure
                0x000000000000dc26        0x8 modules/hal_nordic/nrfx/libmodules__hal_nordic__nrfx.a(nrfx_gpiote.c.obj)
                0x000000000000dc26                nrfx_gpiote_input_configure
 .text.nrfx_gpiote_output_configure
                0x000000000000dc2e        0x8 modules/hal_nordic/nrfx/libmodules__hal_nordic__nrfx.a(nrfx_gpiote.c.obj)
                0x000000000000dc2e                nrfx_gpiote_output_configure
 .text.nrfx_gpiote_global_callback_set
                0x000000000000dc36        0x8 modules/hal_nordic/nrfx/libmodules__hal_nordic__nrfx.a(nrfx_gpiote.c.obj)
                0x000000000000dc36                nrfx_gpiote_global_callback_set
 .text.nrfx_gpiote_channel_get
                0x000000000000dc3e        0x8 modules/hal_nordic/nrfx/libmodules__hal_nordic__nrfx.a(nrfx_gpiote.c.obj)
                0x000000000000dc3e                nrfx_gpiote_channel_get
 .text.nrfx_gpiote_init
                0x000000000000dc46        0x8 modules/hal_nordic/nrfx/libmodules__hal_nordic__nrfx.a(nrfx_gpiote.c.obj)
                0x000000000000dc46                nrfx_gpiote_init
 .text.nrfx_gpiote_init_check
                0x000000000000dc4e        0x8 modules/hal_nordic/nrfx/libmodules__hal_nordic__nrfx.a(nrfx_gpiote.c.obj)
                0x000000000000dc4e                nrfx_gpiote_init_check
 .text.nrfx_gpiote_pin_uninit
                0x000000000000dc56        0x8 modules/hal_nordic/nrfx/libmodules__hal_nordic__nrfx.a(nrfx_gpiote.c.obj)
                0x000000000000dc56                nrfx_gpiote_pin_uninit
 .text.nrfx_gpiote_channel_free
                0x000000000000dc5e        0x8 modules/hal_nordic/nrfx/libmodules__hal_nordic__nrfx.a(nrfx_gpiote.c.obj)
                0x000000000000dc5e                nrfx_gpiote_channel_free
 .text.nrfx_gpiote_channel_alloc
                0x000000000000dc66        0x8 modules/hal_nordic/nrfx/libmodules__hal_nordic__nrfx.a(nrfx_gpiote.c.obj)
                0x000000000000dc66                nrfx_gpiote_channel_alloc
 .text.nrfx_gpiote_trigger_enable
                0x000000000000dc6e        0x8 modules/hal_nordic/nrfx/libmodules__hal_nordic__nrfx.a(nrfx_gpiote.c.obj)
                0x000000000000dc6e                nrfx_gpiote_trigger_enable
 .text.nrfx_gpiote_trigger_disable