/opt/nordic/ncs/v3.0.0/zephyr/include/zephyr/pm/device.h:716:19:pm_device_driver_init	16	static
/opt/nordic/ncs/v3.0.0/modules/hal/nordic/nrfx/hal/nrf_gpio.h:1501:24:nrf_gpio_pin_present_check	0	static
/opt/nordic/ncs/v3.0.0/zephyr/drivers/pwm/pwm_nrfx.c:98:13:pwm_is_fast	0	static
/opt/nordic/ncs/v3.0.0/zephyr/drivers/pwm/pwm_nrfx.c:104:18:seq_values_ptr_get	0	static
/opt/nordic/ncs/v3.0.0/zephyr/drivers/pwm/pwm_nrfx.c:111:13:pwm_handler	0	static
/opt/nordic/ncs/v3.0.0/zephyr/drivers/pwm/pwm_nrfx.c:368:12:pwm_nrfx_get_cycles_per_sec	0	static
/opt/nordic/ncs/v3.0.0/modules/hal/nordic/nrfx/hal/nrf_pwm.h:797:24:nrf_pwm_configure	8	static
/opt/nordic/ncs/v3.0.0/modules/hal/nordic/nrfx/hal/nrf_pwm.h:791:28:nrf_pwm_pin_get	8	static
/opt/nordic/ncs/v3.0.0/zephyr/drivers/pwm/pwm_nrfx.c:166:13:channel_psel_get	8	static
/opt/nordic/ncs/v3.0.0/modules/hal/nordic/nrfx/hal/nrf_gpio.h:942:35:nrf_gpio_pin_port_decode	16	static
/opt/nordic/ncs/v3.0.0/modules/hal/nordic/nrfx/hal/nrf_gpio.h:1179:24:nrf_gpio_pin_clear	16	static
/opt/nordic/ncs/v3.0.0/modules/hal/nordic/nrfx/hal/nrf_gpio.h:1171:24:nrf_gpio_pin_set	16	static
/opt/nordic/ncs/v3.0.0/modules/hal/nordic/nrfx/hal/nrf_gpio.h:1197:24:nrf_gpio_pin_write	8	static
/opt/nordic/ncs/v3.0.0/modules/hal/nordic/nrfx/hal/nrf_gpio.h:1236:28:nrf_gpio_pin_out_read	16	static
/opt/nordic/ncs/v3.0.0/zephyr/drivers/pwm/pwm_nrfx.c:175:12:stop_pwm	8	static
/opt/nordic/ncs/v3.0.0/zephyr/drivers/pwm/pwm_nrfx.c:117:13:pwm_period_check_and_set	8	static
/opt/nordic/ncs/v3.0.0/zephyr/drivers/pwm/pwm_nrfx.c:202:12:pwm_nrfx_set_cycles	56	static
/opt/nordic/ncs/v3.0.0/zephyr/drivers/pwm/pwm_nrfx.c:454:12:pwm_nrfx_init	56	dynamic,bounded
/opt/nordic/ncs/v3.0.0/zephyr/drivers/pwm/pwm_nrfx.c:554:1:pwm_nrfx_init0	8	static
/opt/nordic/ncs/v3.0.0/zephyr/include/zephyr/drivers/pinctrl.h:344:19:pinctrl_apply_state	16	static
/opt/nordic/ncs/v3.0.0/zephyr/drivers/pwm/pwm_nrfx.c:383:12:pwm_resume	32	static
/opt/nordic/ncs/v3.0.0/zephyr/drivers/pwm/pwm_nrfx.c:440:12:pwm_nrfx_pm_action	8	static
