/opt/nordic/ncs/v3.0.0/zephyr/include/zephyr/sys/slist.h:408:1:sys_slist_remove	0	static
/opt/nordic/ncs/v3.0.0/zephyr/include/zephyr/sys/slist.h:450:1:sys_slist_find_and_remove	8	static
/opt/nordic/ncs/v3.0.0/modules/hal/nordic/nrfx/hal/nrf_gpio.h:1501:24:nrf_gpio_pin_present_check	0	static
/opt/nordic/ncs/v3.0.0/zephyr/drivers/gpio/gpio_nrfx.c:49:13:has_gpiote	0	static
/opt/nordic/ncs/v3.0.0/zephyr/drivers/gpio/gpio_nrfx.c:54:28:get_pull	0	static
/opt/nordic/ncs/v3.0.0/zephyr/drivers/gpio/gpio_nrfx.c:65:12:gpio_nrfx_gpd_retain_set	0	static
/opt/nordic/ncs/v3.0.0/zephyr/drivers/gpio/gpio_nrfx.c:91:12:gpio_nrfx_gpd_retain_clear	0	static
/opt/nordic/ncs/v3.0.0/zephyr/drivers/gpio/gpio_nrfx.c:244:12:gpio_nrfx_port_get_raw	0	static
/opt/nordic/ncs/v3.0.0/zephyr/drivers/gpio/gpio_nrfx.c:254:12:gpio_nrfx_port_set_masked_raw	24	static
/opt/nordic/ncs/v3.0.0/zephyr/drivers/gpio/gpio_nrfx.c:275:12:gpio_nrfx_port_set_bits_raw	16	static
/opt/nordic/ncs/v3.0.0/zephyr/drivers/gpio/gpio_nrfx.c:291:12:gpio_nrfx_port_clear_bits_raw	16	static
/opt/nordic/ncs/v3.0.0/zephyr/drivers/gpio/gpio_nrfx.c:307:12:gpio_nrfx_port_toggle_bits	24	static
/opt/nordic/ncs/v3.0.0/zephyr/drivers/gpio/gpio_nrfx.c:328:30:get_trigger	0	static
/opt/nordic/ncs/v3.0.0/zephyr/drivers/gpio/gpio_nrfx.c:442:29:get_dev	0	static
/opt/nordic/ncs/v3.0.0/zephyr/include/zephyr/drivers/gpio/gpio_utils.h:59:19:gpio_manage_callback	16	static
/opt/nordic/ncs/v3.0.0/zephyr/drivers/gpio/gpio_nrfx.c:395:12:gpio_nrfx_manage_callback	8	static
/opt/nordic/ncs/v3.0.0/modules/hal/nordic/nrfx/hal/nrf_gpio.h:942:35:nrf_gpio_pin_port_decode	16	static
/opt/nordic/ncs/v3.0.0/modules/hal/nordic/nrfx/hal/nrf_gpio.h:1253:38:nrf_gpio_pin_dir_get	16	static
/opt/nordic/ncs/v3.0.0/modules/hal/nordic/nrfx/hal/nrf_gpio.h:1016:24:nrf_gpio_reconfigure	32	static
/opt/nordic/ncs/v3.0.0/zephyr/include/zephyr/drivers/gpio/gpio_utils.h:90:20:gpio_fire_callbacks	16	static
/opt/nordic/ncs/v3.0.0/zephyr/drivers/gpio/gpio_nrfx.c:459:13:nrfx_gpio_handler	8	static
/opt/nordic/ncs/v3.0.0/zephyr/drivers/gpio/gpio_nrfx.c:341:12:gpio_nrfx_pin_interrupt_configure	56	static
/opt/nordic/ncs/v3.0.0/zephyr/drivers/gpio/gpio_nrfx.c:114:12:gpio_nrfx_pin_configure	64	static
/opt/nordic/ncs/v3.0.0/zephyr/drivers/gpio/gpio_nrfx.c:483:12:gpio_nrfx_init	8	static
