/opt/nordic/ncs/v3.0.0/modules/hal/nordic/nrfx/soc/nrfx_coredep.h:147:24:nrfx_coredep_delay_us	8	static
/opt/nordic/ncs/v3.0.0/modules/hal/nordic/nrfx/hal/nrf_gpio.h:1501:24:nrf_gpio_pin_present_check	0	static
/opt/nordic/ncs/v3.0.0/zephyr/soc/nordic/nrf53/soc.c:98:13:nrf53_anomaly_160_check	16	static
/opt/nordic/ncs/v3.0.0/modules/hal/nordic/nrfx/hal/nrf_gpio.h:942:35:nrf_gpio_pin_port_decode	16	static
/opt/nordic/ncs/v3.0.0/modules/hal/nordic/nrfx/hal/nrf_gpio.h:1469:24:nrf_gpio_pin_control_select	16	static
/opt/nordic/ncs/v3.0.0/zephyr/soc/nordic/nrf53/soc.c:491:12:nordicsemi_nrf53_init	16	static
/opt/nordic/ncs/v3.0.0/zephyr/soc/nordic/nrf53/soc.c:398:12:rtc_pretick_cpuapp_init	16	static
/opt/nordic/ncs/v3.0.0/zephyr/soc/nordic/nrf53/soc.c:480:12:rtc_pretick_init	8	static
/opt/nordic/ncs/v3.0.0/zephyr/soc/nordic/nrf53/soc.c:344:6:z_arm_on_enter_cpu_idle	8	static
/opt/nordic/ncs/v3.0.0/zephyr/soc/nordic/nrf53/soc.c:579:6:arch_busy_wait	8	static
