/opt/nordic/ncs/v3.0.0/modules/hal/nordic/nrfx/haly/nrfy_rtc.h:374:25:__nrfy_internal_rtc_event_handle	4	static
/opt/nordic/ncs/v3.0.0/modules/hal/nordic/nrfx/haly/nrfy_rtc.h:391:29:__nrfy_internal_rtc_events_process	24	static
/opt/nordic/ncs/v3.0.0/zephyr/drivers/timer/nrf_rtc_timer.c:68:17:counter_sub	0	static
/opt/nordic/ncs/v3.0.0/zephyr/drivers/timer/nrf_rtc_timer.c:73:13:set_comparator	0	static
/opt/nordic/ncs/v3.0.0/zephyr/drivers/timer/nrf_rtc_timer.c:78:13:event_check	0	static
/opt/nordic/ncs/v3.0.0/zephyr/drivers/timer/nrf_rtc_timer.c:83:13:event_clear	0	static
/opt/nordic/ncs/v3.0.0/zephyr/drivers/timer/nrf_rtc_timer.c:88:13:event_enable	0	static
/opt/nordic/ncs/v3.0.0/zephyr/drivers/timer/nrf_rtc_timer.c:93:13:event_disable	0	static
/opt/nordic/ncs/v3.0.0/zephyr/drivers/timer/nrf_rtc_timer.c:98:17:counter	0	static
/opt/nordic/ncs/v3.0.0/zephyr/drivers/timer/nrf_rtc_timer.c:103:17:absolute_time_to_cc	0	static
/opt/nordic/ncs/v3.0.0/zephyr/drivers/timer/nrf_rtc_timer.c:109:17:full_int_lock	0	static
/opt/nordic/ncs/v3.0.0/zephyr/drivers/timer/nrf_rtc_timer.c:123:13:full_int_unlock	0	static
/opt/nordic/ncs/v3.0.0/zephyr/drivers/timer/nrf_rtc_timer.c:248:12:set_alarm	32	static
/opt/nordic/ncs/v3.0.0/zephyr/drivers/timer/nrf_rtc_timer.c:703:13:int_event_disable_rtc	0	static
/opt/nordic/ncs/v3.0.0/modules/hal/nordic/nrfx/hal/nrf_rtc.h:408:24:nrf_rtc_prescaler_set	8	static
/opt/nordic/ncs/v3.0.0/zephyr/drivers/timer/nrf_rtc_timer.c:493:13:channel_processing_check_and_clear	8	static
/opt/nordic/ncs/v3.0.0/zephyr/drivers/timer/nrf_rtc_timer.c:153:13:compare_int_lock	8	static
/opt/nordic/ncs/v3.0.0/zephyr/drivers/timer/nrf_rtc_timer.c:471:13:sys_clock_timeout_handler	16	static
/opt/nordic/ncs/v3.0.0/zephyr/drivers/timer/nrf_rtc_timer.c:173:13:compare_int_unlock	0	static
/opt/nordic/ncs/v3.0.0/zephyr/drivers/timer/nrf_rtc_timer.c:132:10:z_nrf_rtc_timer_compare_evt_address_get	8	static
/opt/nordic/ncs/v3.0.0/zephyr/drivers/timer/nrf_rtc_timer.c:138:10:z_nrf_rtc_timer_capture_task_address_get	8	static
/opt/nordic/ncs/v3.0.0/zephyr/drivers/timer/nrf_rtc_timer.c:166:6:z_nrf_rtc_timer_compare_int_lock	8	static
/opt/nordic/ncs/v3.0.0/zephyr/drivers/timer/nrf_rtc_timer.c:184:6:z_nrf_rtc_timer_compare_int_unlock	8	static
/opt/nordic/ncs/v3.0.0/zephyr/drivers/timer/nrf_rtc_timer.c:191:10:z_nrf_rtc_timer_compare_read	8	static
/opt/nordic/ncs/v3.0.0/zephyr/drivers/timer/nrf_rtc_timer.c:391:5:z_nrf_rtc_timer_set	8	static
/opt/nordic/ncs/v3.0.0/zephyr/drivers/timer/nrf_rtc_timer.c:400:5:z_nrf_rtc_timer_exact_set	8	static
/opt/nordic/ncs/v3.0.0/zephyr/drivers/timer/nrf_rtc_timer.c:409:6:z_nrf_rtc_timer_abort	8	static
/opt/nordic/ncs/v3.0.0/zephyr/drivers/timer/nrf_rtc_timer.c:423:10:z_nrf_rtc_timer_read	16	static
/opt/nordic/ncs/v3.0.0/zephyr/drivers/timer/nrf_rtc_timer.c:198:10:z_nrf_rtc_timer_get_ticks	32	static
/opt/nordic/ncs/v3.0.0/zephyr/drivers/timer/nrf_rtc_timer.c:509:13:process_channel	40	static
/opt/nordic/ncs/v3.0.0/zephyr/drivers/timer/nrf_rtc_timer.c:561:6:rtc_nrf_isr	8	static
/opt/nordic/ncs/v3.0.0/zephyr/drivers/timer/nrf_rtc_timer.c:340:12:compare_set_nolocks	24	static
/opt/nordic/ncs/v3.0.0/zephyr/drivers/timer/nrf_rtc_timer.c:376:12:compare_set	40	static
/opt/nordic/ncs/v3.0.0/zephyr/drivers/timer/nrf_rtc_timer.c:727:12:sys_clock_driver_init	32	static
/opt/nordic/ncs/v3.0.0/zephyr/drivers/timer/nrf_rtc_timer.c:579:9:z_nrf_rtc_timer_chan_alloc	4	static
/opt/nordic/ncs/v3.0.0/zephyr/drivers/timer/nrf_rtc_timer.c:594:6:z_nrf_rtc_timer_chan_free	8	static
/opt/nordic/ncs/v3.0.0/zephyr/drivers/timer/nrf_rtc_timer.c:602:5:z_nrf_rtc_timer_trigger_overflow	0	static
/opt/nordic/ncs/v3.0.0/zephyr/drivers/timer/nrf_rtc_timer.c:637:6:sys_clock_set_timeout	24	static
/opt/nordic/ncs/v3.0.0/zephyr/drivers/timer/nrf_rtc_timer.c:689:10:sys_clock_elapsed	8	static
/opt/nordic/ncs/v3.0.0/zephyr/drivers/timer/nrf_rtc_timer.c:698:10:sys_clock_cycle_get_32	8	static
/opt/nordic/ncs/v3.0.0/zephyr/drivers/timer/nrf_rtc_timer.c:719:6:sys_clock_disable	8	static
