/opt/nordic/ncs/v3.0.0/modules/hal/nordic/nrfx/hal/nrf_dppi.h:389:24:nrf_dppi_channel_check	8	static
/opt/nordic/ncs/v3.0.0/modules/hal/nordic/nrfx/helpers/nrfx_gppi_dppi.c:45:6:nrfx_gppi_channel_check	8	static
/opt/nordic/ncs/v3.0.0/modules/hal/nordic/nrfx/helpers/nrfx_gppi_dppi.c:50:6:nrfx_gppi_channels_disable_all	0	static
/opt/nordic/ncs/v3.0.0/modules/hal/nordic/nrfx/helpers/nrfx_gppi_dppi.c:55:6:nrfx_gppi_channels_enable	0	static
/opt/nordic/ncs/v3.0.0/modules/hal/nordic/nrfx/helpers/nrfx_gppi_dppi.c:60:6:nrfx_gppi_channels_disable	0	static
/opt/nordic/ncs/v3.0.0/modules/hal/nordic/nrfx/helpers/nrfx_gppi_dppi.c:65:6:nrfx_gppi_task_trigger	0	static
/opt/nordic/ncs/v3.0.0/modules/hal/nordic/nrfx/helpers/nrfx_gppi_dppi.c:70:6:nrfx_gppi_event_endpoint_setup	8	static
/opt/nordic/ncs/v3.0.0/modules/hal/nordic/nrfx/helpers/nrfx_gppi_dppi.c:76:6:nrfx_gppi_task_endpoint_setup	8	static
/opt/nordic/ncs/v3.0.0/modules/hal/nordic/nrfx/helpers/nrfx_gppi_dppi.c:82:6:nrfx_gppi_channel_endpoints_setup	16	static
/opt/nordic/ncs/v3.0.0/modules/hal/nordic/nrfx/helpers/nrfx_gppi_dppi.c:94:6:nrfx_gppi_event_endpoint_clear	8	static
/opt/nordic/ncs/v3.0.0/modules/hal/nordic/nrfx/helpers/nrfx_gppi_dppi.c:101:6:nrfx_gppi_task_endpoint_clear	8	static
/opt/nordic/ncs/v3.0.0/modules/hal/nordic/nrfx/helpers/nrfx_gppi_dppi.c:88:6:nrfx_gppi_channel_endpoints_clear	16	static
/opt/nordic/ncs/v3.0.0/modules/hal/nordic/nrfx/helpers/nrfx_gppi_dppi.c:108:6:nrfx_gppi_fork_endpoint_setup	8	static
/opt/nordic/ncs/v3.0.0/modules/hal/nordic/nrfx/helpers/nrfx_gppi_dppi.c:113:6:nrfx_gppi_fork_endpoint_clear	8	static
/opt/nordic/ncs/v3.0.0/modules/hal/nordic/nrfx/helpers/nrfx_gppi_dppi.c:118:6:nrfx_gppi_channels_group_set	0	static
/opt/nordic/ncs/v3.0.0/modules/hal/nordic/nrfx/helpers/nrfx_gppi_dppi.c:126:6:nrfx_gppi_channels_include_in_group	0	static
/opt/nordic/ncs/v3.0.0/modules/hal/nordic/nrfx/helpers/nrfx_gppi_dppi.c:134:6:nrfx_gppi_channels_remove_from_group	0	static
/opt/nordic/ncs/v3.0.0/modules/hal/nordic/nrfx/helpers/nrfx_gppi_dppi.c:142:6:nrfx_gppi_group_clear	0	static
/opt/nordic/ncs/v3.0.0/modules/hal/nordic/nrfx/helpers/nrfx_gppi_dppi.c:147:6:nrfx_gppi_group_enable	0	static
/opt/nordic/ncs/v3.0.0/modules/hal/nordic/nrfx/helpers/nrfx_gppi_dppi.c:152:6:nrfx_gppi_group_disable	0	static
/opt/nordic/ncs/v3.0.0/modules/hal/nordic/nrfx/helpers/nrfx_gppi_dppi.c:157:10:nrfx_gppi_task_address_get	0	static
/opt/nordic/ncs/v3.0.0/modules/hal/nordic/nrfx/helpers/nrfx_gppi_dppi.c:162:18:nrfx_gppi_group_disable_task_get	0	static
/opt/nordic/ncs/v3.0.0/modules/hal/nordic/nrfx/helpers/nrfx_gppi_dppi.c:167:18:nrfx_gppi_group_enable_task_get	0	static
/opt/nordic/ncs/v3.0.0/modules/hal/nordic/nrfx/helpers/nrfx_gppi_dppi.c:172:12:nrfx_gppi_channel_alloc	8	static
/opt/nordic/ncs/v3.0.0/modules/hal/nordic/nrfx/helpers/nrfx_gppi_dppi.c:186:12:nrfx_gppi_channel_free	8	static
/opt/nordic/ncs/v3.0.0/modules/hal/nordic/nrfx/helpers/nrfx_gppi_dppi.c:200:12:nrfx_gppi_group_alloc	8	static
/opt/nordic/ncs/v3.0.0/modules/hal/nordic/nrfx/helpers/nrfx_gppi_dppi.c:214:12:nrfx_gppi_group_free	8	static
/opt/nordic/ncs/v3.0.0/modules/hal/nordic/nrfx/helpers/nrfx_gppi_dppi.c:228:12:nrfx_gppi_edge_connection_setup	0	static
