/opt/nordic/ncs/v3.0.0/zephyr/include/zephyr/pm/device.h:716:19:pm_device_driver_init	16	static
/opt/nordic/ncs/v3.0.0/zephyr/drivers/serial/uart_nrfx_uarte.c:373:13:endtx_isr	0	static
/opt/nordic/ncs/v3.0.0/zephyr/drivers/serial/uart_nrfx_uarte.c:434:13:uarte_nrfx_isr_int	8	static
/opt/nordic/ncs/v3.0.0/zephyr/drivers/serial/uart_nrfx_uarte.c:632:12:uarte_nrfx_err_check	0	static
/opt/nordic/ncs/v3.0.0/zephyr/drivers/serial/uart_nrfx_uarte.c:643:13:is_tx_ready	0	static
/opt/nordic/ncs/v3.0.0/zephyr/drivers/serial/uart_nrfx_uarte.c:688:13:uarte_periph_enable	0	static
/opt/nordic/ncs/v3.0.0/zephyr/drivers/serial/uart_nrfx_uarte.c:759:13:tx_start	0	static
/opt/nordic/ncs/v3.0.0/zephyr/drivers/serial/uart_nrfx_uarte.c:1880:12:uarte_nrfx_poll_in	0	static
/opt/nordic/ncs/v3.0.0/zephyr/include/zephyr/kernel.h:564:23:k_msleep	8	static
/opt/nordic/ncs/v3.0.0/zephyr/drivers/serial/uart_nrfx_uarte.c:658:12:wait_tx_ready	16	static
/opt/nordic/ncs/v3.0.0/zephyr/drivers/serial/uart_nrfx_uarte.c:1916:13:uarte_nrfx_poll_out	24	static
/opt/nordic/ncs/v3.0.0/zephyr/include/zephyr/drivers/pinctrl.h:344:19:pinctrl_apply_state	16	static
/opt/nordic/ncs/v3.0.0/zephyr/drivers/serial/uart_nrfx_uarte.c:2247:13:uarte_pm_resume	8	static
/opt/nordic/ncs/v3.0.0/zephyr/drivers/serial/uart_nrfx_uarte.c:2336:12:uarte_nrfx_pm_action	8	static
/opt/nordic/ncs/v3.0.0/zephyr/drivers/serial/uart_nrfx_uarte.c:2189:12:endtx_stoptx_ppi_init	16	static
/opt/nordic/ncs/v3.0.0/zephyr/drivers/serial/uart_nrfx_uarte.c:2349:12:uarte_tx_path_init	16	static
/opt/nordic/ncs/v3.0.0/zephyr/drivers/serial/uart_nrfx_uarte.c:2396:12:uarte_instance_init	8	static
/opt/nordic/ncs/v3.0.0/zephyr/drivers/serial/uart_nrfx_uarte.c:2614:1:uarte_0_init	8	static
