/opt/nordic/ncs/v3.0.0/zephyr/include/zephyr/sys/slist.h:408:1:sys_slist_remove	0	static
/opt/nordic/ncs/v3.0.0/zephyr/include/zephyr/sys/slist.h:450:1:sys_slist_find_and_remove	8	static
/opt/nordic/ncs/v3.0.0/zephyr/lib/utils/onoff.c:115:13:set_state	0	static
/opt/nordic/ncs/v3.0.0/zephyr/lib/utils/onoff.c:155:13:notify_monitors	24	static
/opt/nordic/ncs/v3.0.0/zephyr/lib/utils/onoff.c:211:12:process_recheck	0	static
/opt/nordic/ncs/v3.0.0/zephyr/lib/utils/onoff.c:237:13:process_complete	8	static
/opt/nordic/ncs/v3.0.0/zephyr/lib/utils/onoff.c:122:12:validate_args	8	static
/opt/nordic/ncs/v3.0.0/zephyr/lib/utils/onoff.c:168:13:notify_one	24	static
/opt/nordic/ncs/v3.0.0/zephyr/lib/utils/onoff.c:181:13:notify_all	24	static
/opt/nordic/ncs/v3.0.0/zephyr/lib/utils/onoff.c:298:13:process_event	40	static
/opt/nordic/ncs/v3.0.0/zephyr/lib/utils/onoff.c:201:13:transition_complete	24	static
/opt/nordic/ncs/v3.0.0/zephyr/lib/utils/onoff.c:140:5:onoff_manager_init	16	static
/opt/nordic/ncs/v3.0.0/zephyr/lib/utils/onoff.c:421:5:onoff_request	32	static
/opt/nordic/ncs/v3.0.0/zephyr/lib/utils/onoff.c:478:5:onoff_release	24	static
/opt/nordic/ncs/v3.0.0/zephyr/lib/utils/onoff.c:509:5:onoff_reset	24	static
/opt/nordic/ncs/v3.0.0/zephyr/lib/utils/onoff.c:545:5:onoff_cancel	24	static
/opt/nordic/ncs/v3.0.0/zephyr/lib/utils/onoff.c:568:5:onoff_monitor_register	24	static
/opt/nordic/ncs/v3.0.0/zephyr/lib/utils/onoff.c:586:5:onoff_monitor_unregister	24	static
/opt/nordic/ncs/v3.0.0/zephyr/lib/utils/onoff.c:607:5:onoff_sync_lock	16	static
/opt/nordic/ncs/v3.0.0/zephyr/lib/utils/onoff.c:614:5:onoff_sync_finalize	32	static
