/opt/nordic/ncs/v3.0.0/zephyr/lib/utils/rb.c:21:23:get_child	0	static
/opt/nordic/ncs/v3.0.0/zephyr/lib/utils/rb.c:34:13:set_child	0	static
/opt/nordic/ncs/v3.0.0/zephyr/lib/utils/rb.c:47:22:get_color	0	static
/opt/nordic/ncs/v3.0.0/zephyr/lib/utils/rb.c:53:13:is_black	8	static
/opt/nordic/ncs/v3.0.0/zephyr/lib/utils/rb.c:58:13:is_red	8	static
/opt/nordic/ncs/v3.0.0/zephyr/lib/utils/rb.c:63:13:set_color	0	static
/opt/nordic/ncs/v3.0.0/zephyr/lib/utils/rb.c:79:12:find_and_stack	32	static
/opt/nordic/ncs/v3.0.0/zephyr/lib/utils/rb.c:113:16:get_side	8	static
/opt/nordic/ncs/v3.0.0/zephyr/lib/utils/rb.c:130:13:rotate	48	static
/opt/nordic/ncs/v3.0.0/zephyr/lib/utils/rb.c:157:13:fix_extra_red	48	static
/opt/nordic/ncs/v3.0.0/zephyr/lib/utils/rb.c:269:13:fix_missing_black	48	static
/opt/nordic/ncs/v3.0.0/zephyr/lib/utils/rb.c:540:30:stack_left_limb	8	static
/opt/nordic/ncs/v3.0.0/zephyr/lib/utils/rb.c:102:16:z_rb_get_minmax	16	static
/opt/nordic/ncs/v3.0.0/zephyr/lib/utils/rb.c:219:6:rb_insert	32	dynamic
/opt/nordic/ncs/v3.0.0/zephyr/lib/utils/rb.c:372:6:rb_remove	48	dynamic
/opt/nordic/ncs/v3.0.0/zephyr/lib/utils/rb.c:504:6:z_rb_walk	16	static
/opt/nordic/ncs/v3.0.0/zephyr/lib/utils/rb.c:514:16:z_rb_child	8	static
/opt/nordic/ncs/v3.0.0/zephyr/lib/utils/rb.c:519:5:z_rb_is_black	8	static
/opt/nordic/ncs/v3.0.0/zephyr/lib/utils/rb.c:524:6:rb_contains	16	static
/opt/nordic/ncs/v3.0.0/zephyr/lib/utils/rb.c:564:16:z_rb_foreach_next	16	static
