/opt/nordic/ncs/v3.0.0/modules/hal/nordic/nrfx/drivers/src/nrfx_dppi.c:326:13:dppi_free	16	static
/opt/nordic/ncs/v3.0.0/modules/hal/nordic/nrfx/drivers/src/nrfx_dppi.c:354:19:dppi_channel_alloc	8	static
/opt/nordic/ncs/v3.0.0/modules/hal/nordic/nrfx/drivers/src/nrfx_dppi.c:406:19:dppi_group_alloc	8	static
/opt/nordic/ncs/v3.0.0/modules/hal/nordic/nrfx/drivers/src/nrfx_dppi.c:361:19:dppi_channel_free	8	static
/opt/nordic/ncs/v3.0.0/modules/hal/nordic/nrfx/drivers/src/nrfx_dppi.c:414:19:dppi_group_free	8	static
/opt/nordic/ncs/v3.0.0/modules/hal/nordic/nrfx/drivers/src/nrfx_dppi.c:369:19:dppi_channel_enable	16	static
/opt/nordic/ncs/v3.0.0/modules/hal/nordic/nrfx/drivers/src/nrfx_dppi.c:387:19:dppi_channel_disable	16	static
/opt/nordic/ncs/v3.0.0/modules/hal/nordic/nrfx/drivers/src/nrfx_dppi.c:422:19:dppi_channel_include_in_group	24	static
/opt/nordic/ncs/v3.0.0/modules/hal/nordic/nrfx/drivers/src/nrfx_dppi.c:444:19:dppi_channel_remove_from_group	24	static
/opt/nordic/ncs/v3.0.0/modules/hal/nordic/nrfx/drivers/src/nrfx_dppi.c:466:19:dppi_group_clear	16	static
/opt/nordic/ncs/v3.0.0/modules/hal/nordic/nrfx/drivers/src/nrfx_dppi.c:484:19:dppi_group_enable	16	static
/opt/nordic/ncs/v3.0.0/modules/hal/nordic/nrfx/drivers/src/nrfx_dppi.c:502:19:dppi_group_disable	16	static
/opt/nordic/ncs/v3.0.0/modules/hal/nordic/nrfx/drivers/src/nrfx_dppi.c:522:6:nrfx_dppi_free	8	static
/opt/nordic/ncs/v3.0.0/modules/hal/nordic/nrfx/drivers/src/nrfx_dppi.c:527:12:nrfx_dppi_channel_alloc	8	static
/opt/nordic/ncs/v3.0.0/modules/hal/nordic/nrfx/drivers/src/nrfx_dppi.c:532:12:nrfx_dppi_channel_free	8	static
/opt/nordic/ncs/v3.0.0/modules/hal/nordic/nrfx/drivers/src/nrfx_dppi.c:537:12:nrfx_dppi_channel_enable	8	static
/opt/nordic/ncs/v3.0.0/modules/hal/nordic/nrfx/drivers/src/nrfx_dppi.c:542:12:nrfx_dppi_channel_disable	8	static
/opt/nordic/ncs/v3.0.0/modules/hal/nordic/nrfx/drivers/src/nrfx_dppi.c:547:12:nrfx_dppi_group_alloc	8	static
/opt/nordic/ncs/v3.0.0/modules/hal/nordic/nrfx/drivers/src/nrfx_dppi.c:553:12:nrfx_dppi_group_free	8	static
/opt/nordic/ncs/v3.0.0/modules/hal/nordic/nrfx/drivers/src/nrfx_dppi.c:558:12:nrfx_dppi_channel_include_in_group	8	static
/opt/nordic/ncs/v3.0.0/modules/hal/nordic/nrfx/drivers/src/nrfx_dppi.c:565:12:nrfx_dppi_channel_remove_from_group	8	static
/opt/nordic/ncs/v3.0.0/modules/hal/nordic/nrfx/drivers/src/nrfx_dppi.c:572:12:nrfx_dppi_group_clear	8	static
/opt/nordic/ncs/v3.0.0/modules/hal/nordic/nrfx/drivers/src/nrfx_dppi.c:577:12:nrfx_dppi_group_enable	8	static
/opt/nordic/ncs/v3.0.0/modules/hal/nordic/nrfx/drivers/src/nrfx_dppi.c:582:12:nrfx_dppi_group_disable	8	static
