/opt/nordic/ncs/v3.0.0/modules/hal/nordic/nrfx/hal/nrf_gpiote.h:833:24:nrf_gpiote_event_configure	4	static
/opt/nordic/ncs/v3.0.0/modules/hal/nordic/nrfx/hal/nrf_gpiote.h:878:24:nrf_gpiote_task_configure	4	static
/opt/nordic/ncs/v3.0.0/modules/hal/nordic/nrfx/haly/nrfy_gpiote.h:383:25:__nrfy_internal_gpiote_event_handle	4	static
/opt/nordic/ncs/v3.0.0/modules/hal/nordic/nrfx/hal/nrf_gpio.h:1434:24:nrf_gpio_latches_read_and_clear	16	static
/opt/nordic/ncs/v3.0.0/modules/hal/nordic/nrfx/hal/nrf_gpio.h:1501:24:nrf_gpio_pin_present_check	0	static
/opt/nordic/ncs/v3.0.0/modules/hal/nordic/nrfx/drivers/src/nrfx_gpiote.c:254:16:get_pin_idx	0	static
/opt/nordic/ncs/v3.0.0/modules/hal/nordic/nrfx/drivers/src/nrfx_gpiote.c:292:33:get_cb	0	static
/opt/nordic/ncs/v3.0.0/modules/hal/nordic/nrfx/drivers/src/nrfx_gpiote.c:311:13:pin_in_use	16	static
/opt/nordic/ncs/v3.0.0/modules/hal/nordic/nrfx/drivers/src/nrfx_gpiote.c:325:13:pin_in_use_by_te	16	static
/opt/nordic/ncs/v3.0.0/modules/hal/nordic/nrfx/drivers/src/nrfx_gpiote.c:337:13:pin_has_trigger	16	static
/opt/nordic/ncs/v3.0.0/modules/hal/nordic/nrfx/drivers/src/nrfx_gpiote.c:353:13:pin_is_output	16	static
/opt/nordic/ncs/v3.0.0/modules/hal/nordic/nrfx/drivers/src/nrfx_gpiote.c:365:13:pin_is_task_output	16	static
/opt/nordic/ncs/v3.0.0/modules/hal/nordic/nrfx/drivers/src/nrfx_gpiote.c:377:13:pin_is_input	8	static
/opt/nordic/ncs/v3.0.0/modules/hal/nordic/nrfx/drivers/src/nrfx_gpiote.c:383:30:gpiote_polarity_to_trigger	0	static
/opt/nordic/ncs/v3.0.0/modules/hal/nordic/nrfx/drivers/src/nrfx_gpiote.c:389:30:gpiote_trigger_to_polarity	0	static
/opt/nordic/ncs/v3.0.0/modules/hal/nordic/nrfx/drivers/src/nrfx_gpiote.c:395:16:pin_te_get	16	static
/opt/nordic/ncs/v3.0.0/modules/hal/nordic/nrfx/drivers/src/nrfx_gpiote.c:400:13:is_level	0	static
/opt/nordic/ncs/v3.0.0/modules/hal/nordic/nrfx/drivers/src/nrfx_gpiote.c:405:13:handler_in_use	16	static
/opt/nordic/ncs/v3.0.0/modules/hal/nordic/nrfx/drivers/src/nrfx_gpiote.c:497:16:find_handler	24	static
/opt/nordic/ncs/v3.0.0/modules/hal/nordic/nrfx/drivers/src/nrfx_gpiote.c:575:45:channel_handler_get	8	static
/opt/nordic/ncs/v3.0.0/modules/hal/nordic/nrfx/drivers/src/nrfx_gpiote.c:769:13:gpiote_global_callback_set	16	static
/opt/nordic/ncs/v3.0.0/modules/hal/nordic/nrfx/drivers/src/nrfx_gpiote.c:838:13:gpiote_init_check	8	static
/opt/nordic/ncs/v3.0.0/modules/hal/nordic/nrfx/drivers/src/nrfx_gpiote.c:1407:13:call_handler	24	static
/opt/nordic/ncs/v3.0.0/modules/hal/nordic/nrfx/drivers/src/nrfx_gpiote.c:1462:13:latch_pending_read_and_check	24	static
/opt/nordic/ncs/v3.0.0/modules/hal/nordic/nrfx/hal/nrf_gpio.h:942:35:nrf_gpio_pin_port_decode	16	static
/opt/nordic/ncs/v3.0.0/modules/hal/nordic/nrfx/hal/nrf_gpio.h:1224:28:nrf_gpio_pin_read	16	static
/opt/nordic/ncs/v3.0.0/modules/hal/nordic/nrfx/drivers/src/nrfx_gpiote.c:550:36:get_initial_sense	16	static
/opt/nordic/ncs/v3.0.0/modules/hal/nordic/nrfx/hal/nrf_gpio.h:1016:24:nrf_gpio_reconfigure	32	static
/opt/nordic/ncs/v3.0.0/modules/hal/nordic/nrfx/drivers/src/nrfx_gpiote.c:714:19:gpiote_output_configure	40	static
/opt/nordic/ncs/v3.0.0/modules/hal/nordic/nrfx/hal/nrf_gpio.h:1145:24:nrf_gpio_cfg_sense_set	24	static
/opt/nordic/ncs/v3.0.0/modules/hal/nordic/nrfx/drivers/src/nrfx_gpiote.c:468:13:pin_trigger_disable	16	static
/opt/nordic/ncs/v3.0.0/modules/hal/nordic/nrfx/hal/nrf_gpio.h:1103:24:nrf_gpio_cfg_default	16	static
/opt/nordic/ncs/v3.0.0/modules/hal/nordic/nrfx/hal/nrf_gpio.h:1171:24:nrf_gpio_pin_set	16	static
/opt/nordic/ncs/v3.0.0/modules/hal/nordic/nrfx/hal/nrf_gpio.h:1179:24:nrf_gpio_pin_clear	16	static
/opt/nordic/ncs/v3.0.0/modules/hal/nordic/nrfx/hal/nrf_gpio.h:1187:24:nrf_gpio_pin_toggle	16	static
/opt/nordic/ncs/v3.0.0/modules/hal/nordic/nrfx/hal/nrf_gpio.h:1244:40:nrf_gpio_pin_sense_get	16	static
/opt/nordic/ncs/v3.0.0/modules/hal/nordic/nrfx/drivers/src/nrfx_gpiote.c:1423:13:next_sense_cond_call_handler	24	static
/opt/nordic/ncs/v3.0.0/modules/hal/nordic/nrfx/hal/nrf_gpio.h:1460:24:nrf_gpio_pin_latch_clear	16	static
/opt/nordic/ncs/v3.0.0/modules/hal/nordic/nrfx/drivers/src/nrfx_gpiote.c:777:19:gpiote_channel_get	16	static
/opt/nordic/ncs/v3.0.0/modules/hal/nordic/nrfx/hal/nrf_gpiote.h:936:38:nrf_gpiote_in_event_get	8	static
/opt/nordic/ncs/v3.0.0/modules/hal/nordic/nrfx/haly/nrfy_gpiote.h:400:29:__nrfy_internal_gpiote_events_process	32	static
/opt/nordic/ncs/v3.0.0/modules/hal/nordic/nrfx/drivers/src/nrfx_gpiote.c:888:13:pin_out_set	16	static
/opt/nordic/ncs/v3.0.0/modules/hal/nordic/nrfx/drivers/src/nrfx_gpiote.c:896:13:pin_out_clear	16	static
/opt/nordic/ncs/v3.0.0/modules/hal/nordic/nrfx/drivers/src/nrfx_gpiote.c:904:13:pin_out_toggle	16	static
/opt/nordic/ncs/v3.0.0/modules/hal/nordic/nrfx/drivers/src/nrfx_gpiote.c:912:13:pin_out_task_enable	16	static
/opt/nordic/ncs/v3.0.0/modules/hal/nordic/nrfx/drivers/src/nrfx_gpiote.c:921:13:pin_out_task_disable	16	static
/opt/nordic/ncs/v3.0.0/modules/hal/nordic/nrfx/hal/nrf_gpiote.h:914:37:nrf_gpiote_out_task_get	8	static
/opt/nordic/ncs/v3.0.0/modules/hal/nordic/nrfx/drivers/src/nrfx_gpiote.c:929:26:pin_out_task_get	16	static
/opt/nordic/ncs/v3.0.0/modules/hal/nordic/nrfx/drivers/src/nrfx_gpiote.c:937:17:pin_out_task_address_get	8	static
/opt/nordic/ncs/v3.0.0/modules/hal/nordic/nrfx/hal/nrf_gpiote.h:921:37:nrf_gpiote_set_task_get	8	static
/opt/nordic/ncs/v3.0.0/modules/hal/nordic/nrfx/drivers/src/nrfx_gpiote.c:944:26:pin_set_task_get	16	static
/opt/nordic/ncs/v3.0.0/modules/hal/nordic/nrfx/drivers/src/nrfx_gpiote.c:952:17:pin_set_task_address_get	8	static
/opt/nordic/ncs/v3.0.0/modules/hal/nordic/nrfx/hal/nrf_gpiote.h:929:37:nrf_gpiote_clr_task_get	8	static
/opt/nordic/ncs/v3.0.0/modules/hal/nordic/nrfx/drivers/src/nrfx_gpiote.c:960:26:pin_clr_task_get	16	static
/opt/nordic/ncs/v3.0.0/modules/hal/nordic/nrfx/drivers/src/nrfx_gpiote.c:969:13:pin_out_task_force	24	static
/opt/nordic/ncs/v3.0.0/modules/hal/nordic/nrfx/drivers/src/nrfx_gpiote.c:981:13:pin_out_task_trigger	16	static
/opt/nordic/ncs/v3.0.0/modules/hal/nordic/nrfx/drivers/src/nrfx_gpiote.c:991:13:pin_set_task_trigger	16	static
/opt/nordic/ncs/v3.0.0/modules/hal/nordic/nrfx/drivers/src/nrfx_gpiote.c:1003:13:pin_clr_task_trigger	16	static
/opt/nordic/ncs/v3.0.0/modules/hal/nordic/nrfx/drivers/src/nrfx_gpiote.c:1014:13:pin_trigger_enable	24	static
/opt/nordic/ncs/v3.0.0/modules/hal/nordic/nrfx/drivers/src/nrfx_gpiote.c:483:27:pin_in_event_get	16	static
/opt/nordic/ncs/v3.0.0/modules/hal/nordic/nrfx/drivers/src/nrfx_gpiote.c:881:19:pin_channel_alloc	8	static
/opt/nordic/ncs/v3.0.0/modules/hal/nordic/nrfx/drivers/src/nrfx_gpiote.c:419:13:release_handler	16	static
/opt/nordic/ncs/v3.0.0/modules/hal/nordic/nrfx/drivers/src/nrfx_gpiote.c:514:19:pin_handler_set	32	static
/opt/nordic/ncs/v3.0.0/modules/hal/nordic/nrfx/drivers/src/nrfx_gpiote.c:619:19:gpiote_input_configure	48	static
/opt/nordic/ncs/v3.0.0/modules/hal/nordic/nrfx/drivers/src/nrfx_gpiote.c:447:13:pin_handler_trigger_uninit	16	static
/opt/nordic/ncs/v3.0.0/modules/hal/nordic/nrfx/drivers/src/nrfx_gpiote.c:589:19:pin_uninit	16	static
/opt/nordic/ncs/v3.0.0/modules/hal/nordic/nrfx/drivers/src/nrfx_gpiote.c:604:13:pin_cond_uninit	16	static
/opt/nordic/ncs/v3.0.0/modules/hal/nordic/nrfx/drivers/src/nrfx_gpiote.c:843:13:gpiote_uninit	16	static
/opt/nordic/ncs/v3.0.0/modules/hal/nordic/nrfx/drivers/src/nrfx_gpiote.c:876:19:pin_channel_free	8	static
/opt/nordic/ncs/v3.0.0/modules/hal/nordic/nrfx/haly/nrfy_gpiote.h:80:25:nrfy_gpiote_int_init	24	static
/opt/nordic/ncs/v3.0.0/modules/hal/nordic/nrfx/drivers/src/nrfx_gpiote.c:794:19:gpiote_init	24	static
/opt/nordic/ncs/v3.0.0/modules/hal/nordic/nrfx/drivers/src/nrfx_gpiote.c:1482:13:port_event_handle	40	static
/opt/nordic/ncs/v3.0.0/modules/hal/nordic/nrfx/drivers/src/nrfx_gpiote.c:1644:13:gpiote_evt_handle	24	static
/opt/nordic/ncs/v3.0.0/modules/hal/nordic/nrfx/drivers/src/nrfx_gpiote.c:1659:13:irq_handler	16	static
/opt/nordic/ncs/v3.0.0/modules/hal/nordic/nrfx/drivers/src/nrfx_gpiote.c:1043:6:nrfx_gpiote_in_is_set	8	static
/opt/nordic/ncs/v3.0.0/modules/hal/nordic/nrfx/drivers/src/nrfx_gpiote.c:1051:12:nrfx_gpiote_input_configure	8	static
/opt/nordic/ncs/v3.0.0/modules/hal/nordic/nrfx/drivers/src/nrfx_gpiote.c:1058:12:nrfx_gpiote_output_configure	8	static
/opt/nordic/ncs/v3.0.0/modules/hal/nordic/nrfx/drivers/src/nrfx_gpiote.c:1066:6:nrfx_gpiote_global_callback_set	8	static
/opt/nordic/ncs/v3.0.0/modules/hal/nordic/nrfx/drivers/src/nrfx_gpiote.c:1073:12:nrfx_gpiote_channel_get	8	static
/opt/nordic/ncs/v3.0.0/modules/hal/nordic/nrfx/drivers/src/nrfx_gpiote.c:1080:10:nrfx_gpiote_channels_number_get	8	static
/opt/nordic/ncs/v3.0.0/modules/hal/nordic/nrfx/drivers/src/nrfx_gpiote.c:1087:12:nrfx_gpiote_init	8	static
/opt/nordic/ncs/v3.0.0/modules/hal/nordic/nrfx/drivers/src/nrfx_gpiote.c:1092:6:nrfx_gpiote_init_check	8	static
/opt/nordic/ncs/v3.0.0/modules/hal/nordic/nrfx/drivers/src/nrfx_gpiote.c:1097:6:nrfx_gpiote_uninit	8	static
/opt/nordic/ncs/v3.0.0/modules/hal/nordic/nrfx/drivers/src/nrfx_gpiote.c:1102:12:nrfx_gpiote_pin_uninit	8	static
/opt/nordic/ncs/v3.0.0/modules/hal/nordic/nrfx/drivers/src/nrfx_gpiote.c:1107:12:nrfx_gpiote_channel_free	8	static
/opt/nordic/ncs/v3.0.0/modules/hal/nordic/nrfx/drivers/src/nrfx_gpiote.c:1112:12:nrfx_gpiote_channel_alloc	8	static
/opt/nordic/ncs/v3.0.0/modules/hal/nordic/nrfx/drivers/src/nrfx_gpiote.c:1117:6:nrfx_gpiote_out_set	8	static
/opt/nordic/ncs/v3.0.0/modules/hal/nordic/nrfx/drivers/src/nrfx_gpiote.c:1122:6:nrfx_gpiote_out_clear	8	static
/opt/nordic/ncs/v3.0.0/modules/hal/nordic/nrfx/drivers/src/nrfx_gpiote.c:1127:6:nrfx_gpiote_out_toggle	8	static
/opt/nordic/ncs/v3.0.0/modules/hal/nordic/nrfx/drivers/src/nrfx_gpiote.c:1132:6:nrfx_gpiote_out_task_enable	8	static
/opt/nordic/ncs/v3.0.0/modules/hal/nordic/nrfx/drivers/src/nrfx_gpiote.c:1137:6:nrfx_gpiote_out_task_disable	8	static
/opt/nordic/ncs/v3.0.0/modules/hal/nordic/nrfx/drivers/src/nrfx_gpiote.c:1142:19:nrfx_gpiote_out_task_get	8	static
/opt/nordic/ncs/v3.0.0/modules/hal/nordic/nrfx/drivers/src/nrfx_gpiote.c:1147:10:nrfx_gpiote_out_task_address_get	8	static
/opt/nordic/ncs/v3.0.0/modules/hal/nordic/nrfx/drivers/src/nrfx_gpiote.c:1153:19:nrfx_gpiote_set_task_get	8	static
/opt/nordic/ncs/v3.0.0/modules/hal/nordic/nrfx/drivers/src/nrfx_gpiote.c:1158:10:nrfx_gpiote_set_task_address_get	8	static
/opt/nordic/ncs/v3.0.0/modules/hal/nordic/nrfx/drivers/src/nrfx_gpiote.c:1165:19:nrfx_gpiote_clr_task_get	8	static
/opt/nordic/ncs/v3.0.0/modules/hal/nordic/nrfx/drivers/src/nrfx_gpiote.c:1170:10:nrfx_gpiote_clr_task_address_get	8	static
/opt/nordic/ncs/v3.0.0/modules/hal/nordic/nrfx/drivers/src/nrfx_gpiote.c:1177:6:nrfx_gpiote_out_task_force	8	static
/opt/nordic/ncs/v3.0.0/modules/hal/nordic/nrfx/drivers/src/nrfx_gpiote.c:1184:6:nrfx_gpiote_out_task_trigger	8	static
/opt/nordic/ncs/v3.0.0/modules/hal/nordic/nrfx/drivers/src/nrfx_gpiote.c:1190:6:nrfx_gpiote_set_task_trigger	8	static
/opt/nordic/ncs/v3.0.0/modules/hal/nordic/nrfx/drivers/src/nrfx_gpiote.c:1197:6:nrfx_gpiote_clr_task_trigger	8	static
/opt/nordic/ncs/v3.0.0/modules/hal/nordic/nrfx/drivers/src/nrfx_gpiote.c:1203:6:nrfx_gpiote_trigger_enable	8	static
/opt/nordic/ncs/v3.0.0/modules/hal/nordic/nrfx/drivers/src/nrfx_gpiote.c:1210:6:nrfx_gpiote_trigger_disable	8	static
/opt/nordic/ncs/v3.0.0/modules/hal/nordic/nrfx/drivers/src/nrfx_gpiote.c:1215:20:nrfx_gpiote_in_event_get	8	static
/opt/nordic/ncs/v3.0.0/modules/hal/nordic/nrfx/drivers/src/nrfx_gpiote.c:1221:10:nrfx_gpiote_in_event_address_get	8	static
/opt/nordic/ncs/v3.0.0/modules/hal/nordic/nrfx/drivers/src/nrfx_gpiote.c:1679:1:nrfx_gpiote_0_irq_handler	8	static
