/opt/nordic/ncs/v3.0.0/modules/hal/nordic/nrfx/mdk/nrf53_erratas.h:339:13:nrf53_errata_4	0	static
/opt/nordic/ncs/v3.0.0/modules/hal/nordic/nrfx/drivers/src/nrfx_clock.c:283:26:clock_initial_lfclksrc_get	0	static
/opt/nordic/ncs/v3.0.0/modules/hal/nordic/nrfx/hal/nrf_clock.h:1131:24:nrf_clock_is_running	8	static
/opt/nordic/ncs/v3.0.0/modules/hal/nordic/nrfx/drivers/include/nrfx_power_clock.h:44:22:nrfx_power_clock_irq_init	8	static
/opt/nordic/ncs/v3.0.0/modules/hal/nordic/nrfx/drivers/src/nrfx_clock.c:213:13:clock_stop	24	static
/opt/nordic/ncs/v3.0.0/modules/hal/nordic/nrfx/drivers/src/nrfx_clock.c:303:13:clock_lfclksrc_tweak	16	static
/opt/nordic/ncs/v3.0.0/modules/hal/nordic/nrfx/drivers/src/nrfx_clock.c:320:12:nrfx_clock_init	0	static
/opt/nordic/ncs/v3.0.0/modules/hal/nordic/nrfx/drivers/src/nrfx_clock.c:343:6:nrfx_clock_enable	8	static
/opt/nordic/ncs/v3.0.0/modules/hal/nordic/nrfx/drivers/src/nrfx_clock.c:364:6:nrfx_clock_disable	8	static
/opt/nordic/ncs/v3.0.0/modules/hal/nordic/nrfx/drivers/src/nrfx_clock.c:398:6:nrfx_clock_uninit	8	static
/opt/nordic/ncs/v3.0.0/modules/hal/nordic/nrfx/drivers/src/nrfx_clock.c:413:6:nrfx_clock_init_check	0	static
/opt/nordic/ncs/v3.0.0/modules/hal/nordic/nrfx/drivers/src/nrfx_clock.c:418:6:nrfx_clock_start	16	static
/opt/nordic/ncs/v3.0.0/modules/hal/nordic/nrfx/drivers/src/nrfx_clock.c:533:6:nrfx_clock_stop	8	static
/opt/nordic/ncs/v3.0.0/modules/hal/nordic/nrfx/drivers/src/nrfx_clock.c:715:12:nrfx_clock_divider_set	8	static
/opt/nordic/ncs/v3.0.0/modules/hal/nordic/nrfx/drivers/src/nrfx_clock.c:791:6:nrfx_power_clock_irq_handler	8	static
