/opt/nordic/ncs/v3.0.0/modules/hal/nordic/nrfx/haly/nrfy_pwm.h:467:29:__nrfy_internal_pwm_events_process	0	static
/opt/nordic/ncs/v3.0.0/modules/hal/nordic/nrfx/hal/nrf_gpio.h:1501:24:nrf_gpio_pin_present_check	0	static
/opt/nordic/ncs/v3.0.0/modules/hal/nordic/nrfx/drivers/src/nrfx_pwm.c:180:13:pwm_stopped_check	8	static
/opt/nordic/ncs/v3.0.0/modules/hal/nordic/nrfx/drivers/src/nrfx_pwm.c:488:13:irq_handler	16	static
/opt/nordic/ncs/v3.0.0/modules/hal/nordic/nrfx/hal/nrf_gpio.h:942:35:nrf_gpio_pin_port_decode	16	static
/opt/nordic/ncs/v3.0.0/modules/hal/nordic/nrfx/hal/nrf_gpio.h:1171:24:nrf_gpio_pin_set	16	static
/opt/nordic/ncs/v3.0.0/modules/hal/nordic/nrfx/hal/nrf_gpio.h:1179:24:nrf_gpio_pin_clear	16	static
/opt/nordic/ncs/v3.0.0/modules/hal/nordic/nrfx/hal/nrf_gpio.h:1050:24:nrf_gpio_cfg_output	16	static
/opt/nordic/ncs/v3.0.0/modules/hal/nordic/nrfx/drivers/src/nrfx_pwm.c:83:13:pins_configure	16	static
/opt/nordic/ncs/v3.0.0/modules/hal/nordic/nrfx/hal/nrf_gpio.h:1103:24:nrf_gpio_cfg_default	16	static
/opt/nordic/ncs/v3.0.0/modules/hal/nordic/nrfx/hal/nrf_pwm.h:797:24:nrf_pwm_configure	8	static
/opt/nordic/ncs/v3.0.0/modules/hal/nordic/nrfx/haly/nrfy_pwm.h:90:25:nrfy_pwm_periph_configure	16	static
/opt/nordic/ncs/v3.0.0/modules/hal/nordic/nrfx/hal/nrf_pwm.h:791:28:nrf_pwm_pin_get	8	static
/opt/nordic/ncs/v3.0.0/modules/hal/nordic/nrfx/drivers/src/nrfx_pwm.c:111:13:pins_deconfigure	16	static
/opt/nordic/ncs/v3.0.0/modules/hal/nordic/nrfx/hal/nrf_pwm.h:821:24:nrf_pwm_seq_ptr_set	8	static
/opt/nordic/ncs/v3.0.0/modules/hal/nordic/nrfx/hal/nrf_pwm.h:834:24:nrf_pwm_seq_cnt_set	8	static
/opt/nordic/ncs/v3.0.0/modules/hal/nordic/nrfx/hal/nrf_pwm.h:849:24:nrf_pwm_seq_refresh_set	8	static
/opt/nordic/ncs/v3.0.0/modules/hal/nordic/nrfx/hal/nrf_pwm.h:858:24:nrf_pwm_seq_end_delay_set	8	static
/opt/nordic/ncs/v3.0.0/modules/hal/nordic/nrfx/hal/nrf_pwm.h:809:24:nrf_pwm_sequence_set	16	static
/opt/nordic/ncs/v3.0.0/modules/hal/nordic/nrfx/hal/nrf_pwm.h:881:34:nrf_pwm_seqstart_task_get	8	static
/opt/nordic/ncs/v3.0.0/modules/hal/nordic/nrfx/drivers/src/nrfx_pwm.c:283:17:start_playback	16	static
/opt/nordic/ncs/v3.0.0/modules/hal/nordic/nrfx/haly/nrfy_pwm.h:110:25:nrfy_pwm_int_init	16	static
/opt/nordic/ncs/v3.0.0/modules/hal/nordic/nrfx/drivers/src/nrfx_pwm.c:139:13:pwm_configure	40	static
/opt/nordic/ncs/v3.0.0/modules/hal/nordic/nrfx/drivers/src/nrfx_pwm.c:196:12:nrfx_pwm_init	16	static
/opt/nordic/ncs/v3.0.0/modules/hal/nordic/nrfx/drivers/src/nrfx_pwm.c:234:12:nrfx_pwm_reconfigure	8	static
/opt/nordic/ncs/v3.0.0/modules/hal/nordic/nrfx/drivers/src/nrfx_pwm.c:254:6:nrfx_pwm_uninit	16	static
/opt/nordic/ncs/v3.0.0/modules/hal/nordic/nrfx/drivers/src/nrfx_pwm.c:276:6:nrfx_pwm_init_check	0	static
/opt/nordic/ncs/v3.0.0/modules/hal/nordic/nrfx/drivers/src/nrfx_pwm.c:355:10:nrfx_pwm_simple_playback	24	static
/opt/nordic/ncs/v3.0.0/modules/hal/nordic/nrfx/drivers/src/nrfx_pwm.c:399:10:nrfx_pwm_complex_playback	32	static
/opt/nordic/ncs/v3.0.0/modules/hal/nordic/nrfx/drivers/src/nrfx_pwm.c:446:6:nrfx_pwm_stop	16	static
/opt/nordic/ncs/v3.0.0/modules/hal/nordic/nrfx/drivers/src/nrfx_pwm.c:478:6:nrfx_pwm_stopped_check	8	static
/opt/nordic/ncs/v3.0.0/modules/hal/nordic/nrfx/drivers/src/nrfx_pwm.c:550:1:nrfx_pwm_0_irq_handler	8	static
