/opt/nordic/ncs/v3.0.0/zephyr/drivers/clock_control/clock_control_nrf.c:88:43:get_sub_data	0	static
/opt/nordic/ncs/v3.0.0/zephyr/drivers/clock_control/clock_control_nrf.c:96:51:get_sub_config	0	static
/opt/nordic/ncs/v3.0.0/zephyr/drivers/clock_control/clock_control_nrf.c:105:30:get_onoff_manager	0	static
/opt/nordic/ncs/v3.0.0/zephyr/drivers/clock_control/clock_control_nrf.c:132:12:set_off_state	0	static
/opt/nordic/ncs/v3.0.0/zephyr/drivers/clock_control/clock_control_nrf.c:149:12:set_starting_state	0	static
/opt/nordic/ncs/v3.0.0/zephyr/drivers/clock_control/clock_control_nrf.c:168:13:set_on_state	0	static
/opt/nordic/ncs/v3.0.0/zephyr/drivers/clock_control/clock_control_nrf.c:252:13:clkstarted_handle	24	static
/opt/nordic/ncs/v3.0.0/zephyr/drivers/clock_control/clock_control_nrf.c:356:18:get_hf_flags	0	static
/opt/nordic/ncs/v3.0.0/zephyr/drivers/clock_control/clock_control_nrf.c:463:12:async_start	24	static
/opt/nordic/ncs/v3.0.0/zephyr/drivers/clock_control/clock_control_nrf.c:483:12:api_start	16	static
/opt/nordic/ncs/v3.0.0/zephyr/drivers/clock_control/clock_control_nrf.c:516:31:get_subsys	0	static
/opt/nordic/ncs/v3.0.0/zephyr/drivers/clock_control/clock_control_nrf.c:533:13:onoff_started_callback	8	static
/opt/nordic/ncs/v3.0.0/zephyr/drivers/clock_control/clock_control_nrf.c:544:13:onoff_start	24	static
/opt/nordic/ncs/v3.0.0/zephyr/drivers/clock_control/clock_control_nrf.c:314:13:hfclk_start	8	static
/opt/nordic/ncs/v3.0.0/zephyr/drivers/clock_control/clock_control_nrf.c:345:13:hfclkaudio_start	8	static
/opt/nordic/ncs/v3.0.0/zephyr/drivers/clock_control/clock_control_nrf.c:333:13:hfclk192m_start	8	static
/opt/nordic/ncs/v3.0.0/zephyr/drivers/clock_control/clock_control_nrf.c:285:13:lfclk_start	8	static
/opt/nordic/ncs/v3.0.0/zephyr/drivers/clock_control/clock_control_nrf.c:323:13:hfclk_stop	8	static
/opt/nordic/ncs/v3.0.0/zephyr/drivers/clock_control/clock_control_nrf.c:393:13:generic_hfclk_stop	8	static
/opt/nordic/ncs/v3.0.0/zephyr/drivers/clock_control/clock_control_nrf.c:350:13:hfclkaudio_stop	8	static
/opt/nordic/ncs/v3.0.0/zephyr/drivers/clock_control/clock_control_nrf.c:338:13:hfclk192m_stop	8	static
/opt/nordic/ncs/v3.0.0/zephyr/drivers/clock_control/clock_control_nrf.c:300:13:lfclk_stop	8	static
/opt/nordic/ncs/v3.0.0/zephyr/include/zephyr/sys/notify.h:264:20:sys_notify_init_spinwait	8	static
/opt/nordic/ncs/v3.0.0/modules/hal/nordic/nrfx/hal/nrf_clock.h:1131:24:nrf_clock_is_running	8	static
/opt/nordic/ncs/v3.0.0/zephyr/drivers/clock_control/clock_control_nrf.c:363:13:generic_hfclk_start	16	static
/opt/nordic/ncs/v3.0.0/zephyr/drivers/clock_control/clock_control_nrf.c:122:34:get_status	8	static
/opt/nordic/ncs/v3.0.0/zephyr/drivers/clock_control/clock_control_nrf.c:439:12:stop	16	static
/opt/nordic/ncs/v3.0.0/zephyr/drivers/clock_control/clock_control_nrf.c:458:12:api_stop	8	static
/opt/nordic/ncs/v3.0.0/zephyr/drivers/clock_control/clock_control_nrf.c:524:13:onoff_stop	16	static
/opt/nordic/ncs/v3.0.0/zephyr/drivers/clock_control/clock_control_nrf.c:679:13:clock_event_handler	8	static
/opt/nordic/ncs/v3.0.0/zephyr/include/zephyr/kernel.h:564:23:k_msleep	8	static
/opt/nordic/ncs/v3.0.0/zephyr/drivers/clock_control/clock_control_nrf.c:571:13:lfclk_spinwait	24	static
/opt/nordic/ncs/v3.0.0/zephyr/drivers/clock_control/clock_control_nrf.c:489:13:blocking_start_callback	8	static
/opt/nordic/ncs/v3.0.0/zephyr/drivers/clock_control/clock_control_nrf.c:498:12:api_blocking_start	24	static
/opt/nordic/ncs/v3.0.0/zephyr/drivers/clock_control/clock_control_nrf.c:774:12:clk_init	16	static
/opt/nordic/ncs/v3.0.0/zephyr/drivers/clock_control/clock_control_nrf.c:116:23:z_nrf_clock_control_get_onoff	8	static
/opt/nordic/ncs/v3.0.0/zephyr/drivers/clock_control/clock_control_nrf.c:413:6:z_nrf_clock_bt_ctlr_hf_request	8	static
/opt/nordic/ncs/v3.0.0/zephyr/drivers/clock_control/clock_control_nrf.c:423:6:z_nrf_clock_bt_ctlr_hf_release	8	static
/opt/nordic/ncs/v3.0.0/zephyr/drivers/clock_control/clock_control_nrf.c:644:6:z_nrf_clock_control_lf_on	16	static
